<html>
<body>
<pre>
<h1>µVision Build Log</h1>
<h2>Tool Versions:</h2>
IDE-Version: µVision V5.39.0.0
Copyright (C) 2023 ARM Ltd and ARM Germany GmbH. All rights reserved.
License Information: Madhur Varshney, BITS Pilani, LIC=----
 
Tool Versions:
Toolchain:       MDK-Lite  Version: 5.39.0.0
Toolchain Path:  C:\Keil_v5_39\ARM\ARMCLANG\Bin
C Compiler:      ArmClang.exe V6.21
Assembler:       Armasm.exe V6.21
Linker/Locator:  ArmLink.exe V6.21
Library Manager: ArmAr.exe V6.21
Hex Converter:   FromElf.exe V6.21
CPU DLL:         SARMCM3.DLL V5.39.0.0
Dialog DLL:      DCM.DLL V1.17.5.0
Target DLL:      UL2CM3.DLL V1.164.9.0
Dialog DLL:      TCM.DLL V1.56.4.0
 
<h2>Project:</h2>
C:\Users\madhu\Downloads\Nucleo\Converting the on-chip temperature sensor with timer trigger\Temp_ADC.uvprojx
Project File Date:  02/13/2025

<h2>Output:</h2>
*** Using Compiler 'V6.21', folder: 'C:\Keil_v5_39\ARM\ARMCLANG\Bin'
Rebuild target 'Target 1'
assembling startup_stm32f401xe.s...
C:/Users/madhu/AppData/Local/Arm/Packs/Keil/STM32F4xx_DFP/2.17.1/Drivers/STM32F4xx_HAL_Driver/Src/stm32f4xx_hal_pwr.c(379): warning: unused parameter 'Regulator' [-Wunused-parameter]
  379 | void HAL_PWR_EnterSLEEPMode(uint32_t Regulator, uint8_t SLEEPEntry)
      |                                      ^
1 warning generated.
compiling stm32f4xx_hal_pwr.c...
compiling retarget_io.c...
C:/Users/madhu/AppData/Local/Arm/Packs/Keil/STM32F4xx_DFP/2.17.1/Drivers/STM32F4xx_HAL_Driver/Src/stm32f4xx_hal_gpio.c(224): warning: unsafe buffer access [-Wunsafe-buffer-usage]
  224 |         temp = GPIOx->AFR[position >> 3U];
      |                ^~~~~~~~~~
C:/Users/madhu/AppData/Local/Arm/Packs/Keil/STM32F4xx_DFP/2.17.1/Drivers/STM32F4xx_HAL_Driver/Src/stm32f4xx_hal_gpio.c(227): warning: unsafe buffer access [-Wunsafe-buffer-usage]
  227 |         GPIOx->AFR[position >> 3U] = temp;
      |         ^~~~~~~~~~
C:/Users/madhu/AppData/Local/Arm/Packs/Keil/STM32F4xx_DFP/2.17.1/Drivers/STM32F4xx_HAL_Driver/Src/stm32f4xx_hal_gpio.c(243): warning: unsafe buffer access [-Wunsafe-buffer-usage]
  243 |         temp = SYSCFG->EXTICR[position >> 2U];
      |                ^~~~~~~~~~~~~~
C:/Users/madhu/AppData/Local/Arm/Packs/Keil/STM32F4xx_DFP/2.17.1/Drivers/CMSIS/Device/ST/STM32F4xx/Include/stm32f401xe.h(774): note: expanded from macro 'SYSCFG'
  774 | #define SYSCFG              ((SYSCFG_TypeDef *) SYSCFG_BASE)
      |                             ^
C:/Users/madhu/AppData/Local/Arm/Packs/Keil/STM32F4xx_DFP/2.17.1/Drivers/STM32F4xx_HAL_Driver/Src/stm32f4xx_hal_gpio.c(246): warning: unsafe buffer access [-Wunsafe-buffer-usage]
  246 |         SYSCFG->EXTICR[position >> 2U] = temp;
      |         ^~~~~~~~~~~~~~
C:/Users/madhu/AppData/Local/Arm/Packs/Keil/STM32F4xx_DFP/2.17.1/Drivers/CMSIS/Device/ST/STM32F4xx/Include/stm32f401xe.h(774): note: expanded from macro 'SYSCFG'
  774 | #define SYSCFG              ((SYSCFG_TypeDef *) SYSCFG_BASE)
      |                             ^
C:/Users/madhu/AppData/Local/Arm/Packs/Keil/STM32F4xx_DFP/2.17.1/Drivers/STM32F4xx_HAL_Driver/Src/stm32f4xx_hal_gpio.c(315): warning: unsafe buffer access [-Wunsafe-buffer-usage]
  315 |       tmp = SYSCFG->EXTICR[position >> 2U];
      |             ^~~~~~~~~~~~~~
C:/Users/madhu/AppData/Local/Arm/Packs/Keil/STM32F4xx_DFP/2.17.1/Drivers/CMSIS/Device/ST/STM32F4xx/Include/stm32f401xe.h(774): note: expanded from macro 'SYSCFG'
  774 | #define SYSCFG              ((SYSCFG_TypeDef *) SYSCFG_BASE)
      |                             ^
C:/Users/madhu/AppData/Local/Arm/Packs/Keil/STM32F4xx_DFP/2.17.1/Drivers/STM32F4xx_HAL_Driver/Src/stm32f4xx_hal_gpio.c(329): warning: unsafe buffer access [-Wunsafe-buffer-usage]
  329 |         SYSCFG->EXTICR[position >> 2U] &= ~tmp;
      |         ^~~~~~~~~~~~~~
C:/Users/madhu/AppData/Local/Arm/Packs/Keil/STM32F4xx_DFP/2.17.1/Drivers/CMSIS/Device/ST/STM32F4xx/Include/stm32f401xe.h(774): note: expanded from macro 'SYSCFG'
  774 | #define SYSCFG              ((SYSCFG_TypeDef *) SYSCFG_BASE)
      |                             ^
C:/Users/madhu/AppData/Local/Arm/Packs/Keil/STM32F4xx_DFP/2.17.1/Drivers/STM32F4xx_HAL_Driver/Src/stm32f4xx_hal_gpio.c(337): warning: unsafe buffer access [-Wunsafe-buffer-usage]
  337 |       GPIOx->AFR[position >> 3U] &= ~(0xFU << ((uint32_t)(position & 0x07U) * 4U)) ;
      |       ^~~~~~~~~~
7 warnings generated.
compiling stm32f4xx_hal_gpio.c...
RTE/Device/STM32F401RETx/system_stm32f4xx.c(263): warning: unsafe buffer access [-Wunsafe-buffer-usage]
  263 |   tmp = AHBPrescTable[((RCC->CFGR & RCC_CFGR_HPRE) >> 4)];
      |         ^~~~~~~~~~~~~
1 warning generated.
compiling system_stm32f4xx.c...
main.c(5): warning: invalid UTF-8 in comment [-Winvalid-utf8]
    5 |  * and prints the temperature (<B0>C) over USART2 (9600 baud).
      |                                ^
main.c(13): warning: invalid UTF-8 in comment [-Winvalid-utf8]
   13 |  *   Temperature (<B0>C) = { (VSENSE <96> V25) / Avg_Slope } + 25
      |                   ^
main.c(13): warning: invalid UTF-8 in comment [-Winvalid-utf8]
   13 |  *   Temperature (<B0>C) = { (VSENSE <96> V25) / Avg_Slope } + 25
      |                                      ^
main.c(15): warning: invalid UTF-8 in comment [-Winvalid-utf8]
   15 |  *   - Avg_Slope = 2.5mV/<B0>C
      |                          ^
main.c(62): warning: implicit conversion changes signedness: 'volatile uint32_t' (aka 'volatile unsigned int') to 'int' [-Wsign-conversion]
   62 |         data = ADC1->DR;  // Read ADC result
      |              ~ ~~~~~~^~
main.c(67): warning: invalid UTF-8 in comment [-Winvalid-utf8]
   67 |         // Convert voltage to temperature (<B0>C)
      |                                            ^
main.c(71): warning: illegal character encoding in string literal [-Winvalid-source-encoding]
   71 |         printf("ADC: %d, Temp: %.2f<B0>C\r\n", data, temperature);
      |                                    ^~~~
main.c(102): warning: implicit conversion changes signedness: 'int' to 'uint32_t' (aka 'unsigned int') [-Wsign-conversion]
  102 |     USART2->DR = ch;
      |                ~ ^~
main.c(109): warning: unused parameter 'f' [-Wunused-parameter]
  109 | int fputc(int c, FILE *f)
      |                        ^
9 warnings generated.
compiling main.c...
compiling stm32f4xx_hal_pwr_ex.c...
C:/Users/madhu/AppData/Local/Arm/Packs/Keil/STM32F4xx_DFP/2.17.1/Drivers/STM32F4xx_HAL_Driver/Src/stm32f4xx_hal_rcc.c(719): warning: unsafe buffer access [-Wunsafe-buffer-usage]
  719 |   SystemCoreClock = HAL_RCC_GetSysClockFreq() >> AHBPrescTable[(RCC->CFGR & RCC_CFGR_HPRE)>> RCC_CFGR_HPRE_Pos];
      |                                                  ^~~~~~~~~~~~~
C:/Users/madhu/AppData/Local/Arm/Packs/Keil/STM32F4xx_DFP/2.17.1/Drivers/STM32F4xx_HAL_Driver/Src/stm32f4xx_hal_rcc.c(955): warning: unsafe buffer access [-Wunsafe-buffer-usage]
  955 |   return (HAL_RCC_GetHCLKFreq() >> APBPrescTable[(RCC->CFGR & RCC_CFGR_PPRE1)>> RCC_CFGR_PPRE1_Pos]);
      |                                    ^~~~~~~~~~~~~
C:/Users/madhu/AppData/Local/Arm/Packs/Keil/STM32F4xx_DFP/2.17.1/Drivers/STM32F4xx_HAL_Driver/Src/stm32f4xx_hal_rcc.c(967): warning: unsafe buffer access [-Wunsafe-buffer-usage]
  967 |   return (HAL_RCC_GetHCLKFreq()>> APBPrescTable[(RCC->CFGR & RCC_CFGR_PPRE2)>> RCC_CFGR_PPRE2_Pos]);
      |                                   ^~~~~~~~~~~~~
3 warnings generated.
compiling stm32f4xx_hal_rcc.c...
C:/Users/madhu/AppData/Local/Arm/Packs/Keil/STM32F4xx_DFP/2.17.1/Drivers/STM32F4xx_HAL_Driver/Src/stm32f4xx_hal_cortex.c(215): warning: function 'HAL_NVIC_SystemReset' could be declared with attribute 'noreturn' [-Wmissing-noreturn]
  215 | {
      | ^
C:/Users/madhu/AppData/Local/Arm/Packs/Keil/STM32F4xx_DFP/2.17.1/Drivers/STM32F4xx_HAL_Driver/Src/stm32f4xx_hal_cortex.c(81): warning: In file included from...
C:/Users/madhu/AppData/Local/Arm/Packs/Keil/STM32F4xx_DFP/2.17.1/Drivers/STM32F4xx_HAL_Driver/Inc\stm32f4xx_hal.h(29): warning: In file included from...
./RTE/Device/STM32F401RETx\stm32f4xx_hal_conf.h(401): warning: In file included from...
C:/Users/madhu/AppData/Local/Arm/Packs/Keil/STM32F4xx_DFP/2.17.1/Drivers/STM32F4xx_HAL_Driver/Inc\stm32f4xx_hal_cortex.h(52): warning: padding struct 'MPU_Region_InitTypeDef' with 2 bytes to align 'BaseAddress' [-Wpadded]
   52 |   uint32_t               BaseAddress;           /*!< Specifies the base address of the region to protect.                           */
      |                          ^
2 warnings generated.
compiling stm32f4xx_hal_cortex.c...
C:/Users/madhu/AppData/Local/Arm/Packs/Keil/STM32F4xx_DFP/2.17.1/Drivers/STM32F4xx_HAL_Driver/Src/stm32f4xx_hal_rcc_ex.c(23): warning: In file included from...
C:/Users/madhu/AppData/Local/Arm/Packs/Keil/STM32F4xx_DFP/2.17.1/Drivers/STM32F4xx_HAL_Driver/Inc\stm32f4xx_hal.h(29): warning: In file included from...
./RTE/Device/STM32F401RETx\stm32f4xx_hal_conf.h(385): warning: In file included from...
C:/Users/madhu/AppData/Local/Arm/Packs/Keil/STM32F4xx_DFP/2.17.1/Drivers/STM32F4xx_HAL_Driver/Inc\stm32f4xx_hal_rcc.h(31): warning: In file included from...
C:/Users/madhu/AppData/Local/Arm/Packs/Keil/STM32F4xx_DFP/2.17.1/Drivers/STM32F4xx_HAL_Driver/Inc/stm32f4xx_hal_rcc_ex.h(403): warning: padding size of 'RCC_PeriphCLKInitTypeDef' with 3 bytes to alignment boundary [-Wpadded]
  403 | typedef struct
      |         ^
1 warning generated.
compiling stm32f4xx_hal_rcc_ex.c...
compiling stm32f4xx_hal.c...
C:/Users/madhu/AppData/Local/Arm/Packs/Keil/STM32F4xx_DFP/2.17.1/Drivers/STM32F4xx_HAL_Driver/Src/stm32f4xx_hal_dma.c(97): warning: In file included from...
C:/Users/madhu/AppData/Local/Arm/Packs/Keil/STM32F4xx_DFP/2.17.1/Drivers/STM32F4xx_HAL_Driver/Inc\stm32f4xx_hal.h(29): warning: In file included from...
./RTE/Device/STM32F401RETx\stm32f4xx_hal_conf.h(397): warning: In file included from...
C:/Users/madhu/AppData/Local/Arm/Packs/Keil/STM32F4xx_DFP/2.17.1/Drivers/STM32F4xx_HAL_Driver/Inc\stm32f4xx_hal_dma.h(148): warning: padding struct 'struct __DMA_HandleTypeDef' with 2 bytes to align 'Parent' [-Wpadded]
  148 |   void                       *Parent;                                                          /*!< Parent object state                    */ 
      |                               ^
C:/Users/madhu/AppData/Local/Arm/Packs/Keil/STM32F4xx_DFP/2.17.1/Drivers/STM32F4xx_HAL_Driver/Src/stm32f4xx_hal_dma.c(289): warning: cast from function call of type 'uint32_t' (aka 'unsigned int') to non-matching type 'DMA_Base_Registers *' [-Wbad-function-cast]
  289 |   regs = (DMA_Base_Registers *)DMA_CalcBaseAndBitshift(hdma);
      |                                ^~~~~~~~~~~~~~~~~~~~~~~~~~~~~
C:/Users/madhu/AppData/Local/Arm/Packs/Keil/STM32F4xx_DFP/2.17.1/Drivers/STM32F4xx_HAL_Driver/Src/stm32f4xx_hal_dma.c(351): warning: cast from function call of type 'uint32_t' (aka 'unsigned int') to non-matching type 'DMA_Base_Registers *' [-Wbad-function-cast]
  351 |   regs = (DMA_Base_Registers *)DMA_CalcBaseAndBitshift(hdma);
      |                                ^~~~~~~~~~~~~~~~~~~~~~~~~~~~~
C:/Users/madhu/AppData/Local/Arm/Packs/Keil/STM32F4xx_DFP/2.17.1/Drivers/STM32F4xx_HAL_Driver/Src/stm32f4xx_hal_dma.c(977): warning: enumeration value 'HAL_DMA_XFER_ALL_CB_ID' not explicitly handled in switch [-Wswitch-enum]
  977 |     switch (CallbackID)
      |             ^~~~~~~~~~
C:/Users/madhu/AppData/Local/Arm/Packs/Keil/STM32F4xx_DFP/2.17.1/Drivers/STM32F4xx_HAL_Driver/Src/stm32f4xx_hal_dma.c(1073): warning: default label in switch which covers all enumeration values [-Wcovered-switch-default]
 1073 |     default:
      |     ^
C:/Users/madhu/AppData/Local/Arm/Packs/Keil/STM32F4xx_DFP/2.17.1/Drivers/STM32F4xx_HAL_Driver/Src/stm32f4xx_hal_dma.c(1191): warning: unsafe buffer access [-Wunsafe-buffer-usage]
 1191 |   hdma->StreamIndex = flagBitshiftOffset[stream_number];
      |                       ^~~~~~~~~~~~~~~~~~
6 warnings generated.
compiling stm32f4xx_hal_dma.c...
C:/Users/madhu/AppData/Local/Arm/Packs/Keil/STM32F4xx_DFP/2.17.1/Drivers/STM32F4xx_HAL_Driver/Src/stm32f4xx_hal_dma_ex.c(39): warning: In file included from...
C:/Users/madhu/AppData/Local/Arm/Packs/Keil/STM32F4xx_DFP/2.17.1/Drivers/STM32F4xx_HAL_Driver/Inc\stm32f4xx_hal.h(29): warning: In file included from...
./RTE/Device/STM32F401RETx\stm32f4xx_hal_conf.h(397): warning: In file included from...
C:/Users/madhu/AppData/Local/Arm/Packs/Keil/STM32F4xx_DFP/2.17.1/Drivers/STM32F4xx_HAL_Driver/Inc\stm32f4xx_hal_dma.h(148): warning: padding struct 'struct __DMA_HandleTypeDef' with 2 bytes to align 'Parent' [-Wpadded]
  148 |   void                       *Parent;                                                          /*!< Parent object state                    */ 
      |                               ^
1 warning generated.
compiling stm32f4xx_hal_dma_ex.c...
C:/Users/madhu/AppData/Local/Arm/Packs/Keil/STM32F4xx_DFP/2.17.1/Drivers/STM32F4xx_HAL_Driver/Src/stm32f4xx_hal_uart.c(258): warning: In file included from...
C:/Users/madhu/AppData/Local/Arm/Packs/Keil/STM32F4xx_DFP/2.17.1/Drivers/STM32F4xx_HAL_Driver/Inc\stm32f4xx_hal.h(29): warning: In file included from...
./RTE/Device/STM32F401RETx\stm32f4xx_hal_conf.h(517): warning: In file included from...
C:/Users/madhu/AppData/Local/Arm/Packs/Keil/STM32F4xx_DFP/2.17.1/Drivers/STM32F4xx_HAL_Driver/Inc\stm32f4xx_hal_uart.h(182): warning: padding struct 'struct __UART_HandleTypeDef' with 1 byte to align 'ErrorCode' [-Wpadded]
  182 |   __IO uint32_t                 ErrorCode;        /*!< UART Error code                    */
      |                                 ^
C:/Users/madhu/AppData/Local/Arm/Packs/Keil/STM32F4xx_DFP/2.17.1/Drivers/STM32F4xx_HAL_Driver/Src/stm32f4xx_hal_uart.c(258): warning: In file included from...
C:/Users/madhu/AppData/Local/Arm/Packs/Keil/STM32F4xx_DFP/2.17.1/Drivers/STM32F4xx_HAL_Driver/Inc\stm32f4xx_hal.h(29): warning: In file included from...
./RTE/Device/STM32F401RETx\stm32f4xx_hal_conf.h(397): warning: In file included from...
C:/Users/madhu/AppData/Local/Arm/Packs/Keil/STM32F4xx_DFP/2.17.1/Drivers/STM32F4xx_HAL_Driver/Inc\stm32f4xx_hal_dma.h(148): warning: padding struct 'struct __DMA_HandleTypeDef' with 2 bytes to align 'Parent' [-Wpadded]
  148 |   void                       *Parent;                                                          /*!< Parent object state                    */ 
      |                               ^
C:/Users/madhu/AppData/Local/Arm/Packs/Keil/STM32F4xx_DFP/2.17.1/Drivers/STM32F4xx_HAL_Driver/Src/stm32f4xx_hal_uart.c(1166): warning: cast from 'const uint8_t *' (aka 'const unsigned char *') to 'const uint16_t *' (aka 'const unsigned short *') increases required alignment from 1 to 2 [-Wcast-align]
 1166 |       pdata16bits = (const uint16_t *) pData;
      |                     ^~~~~~~~~~~~~~~~~~~~~~~~
C:/Users/madhu/AppData/Local/Arm/Packs/Keil/STM32F4xx_DFP/2.17.1/Drivers/STM32F4xx_HAL_Driver/Src/stm32f4xx_hal_uart.c(1255): warning: cast from 'uint8_t *' (aka 'unsigned char *') to 'uint16_t *' (aka 'unsigned short *') increases required alignment from 1 to 2 [-Wcast-align]
 1255 |       pdata16bits = (uint16_t *) pData;
      |                     ^~~~~~~~~~~~~~~~~~
C:/Users/madhu/AppData/Local/Arm/Packs/Keil/STM32F4xx_DFP/2.17.1/Drivers/STM32F4xx_HAL_Driver/Src/stm32f4xx_hal_uart.c(1655): warning: cast from 'uint8_t *' (aka 'unsigned char *') to 'uint16_t *' (aka 'unsigned short *') increases required alignment from 1 to 2 [-Wcast-align]
 1655 |       pdata16bits = (uint16_t *) pData;
      |                     ^~~~~~~~~~~~~~~~~~
C:/Users/madhu/AppData/Local/Arm/Packs/Keil/STM32F4xx_DFP/2.17.1/Drivers/STM32F4xx_HAL_Driver/Src/stm32f4xx_hal_uart.c(3521): warning: cast from 'const uint8_t *' (aka 'const unsigned char *') to 'const uint16_t *' (aka 'const unsigned short *') increases required alignment from 1 to 2 [-Wcast-align]
 3521 |       tmp = (const uint16_t *) huart->pTxBuffPtr;
      |             ^~~~~~~~~~~~~~~~~~~~~~~~~~~~~~~~~~~~
C:/Users/madhu/AppData/Local/Arm/Packs/Keil/STM32F4xx_DFP/2.17.1/Drivers/STM32F4xx_HAL_Driver/Src/stm32f4xx_hal_uart.c(3588): warning: cast from 'uint8_t *' (aka 'unsigned char *') to 'uint16_t *' (aka 'unsigned short *') increases required alignment from 1 to 2 [-Wcast-align]
 3588 |       pdata16bits = (uint16_t *) huart->pRxBuffPtr;
      |                     ^~~~~~~~~~~~~~~~~~~~~~~~~~~~~~
C:/Users/madhu/AppData/Local/Arm/Packs/Keil/STM32F4xx_DFP/2.17.1/Drivers/STM32F4xx_HAL_Driver/Src/stm32f4xx_hal_uart.c(1186): warning: unsafe pointer arithmetic [-Wunsafe-buffer-usage]
 1186 |         pdata16bits++;
      |         ^~~~~~~~~~~
C:/Users/madhu/AppData/Local/Arm/Packs/Keil/STM32F4xx_DFP/2.17.1/Drivers/STM32F4xx_HAL_Driver/Src/stm32f4xx_hal_uart.c(1191): warning: unsafe pointer arithmetic [-Wunsafe-buffer-usage]
 1191 |         pdata8bits++;
      |         ^~~~~~~~~~
C:/Users/madhu/AppData/Local/Arm/Packs/Keil/STM32F4xx_DFP/2.17.1/Drivers/STM32F4xx_HAL_Driver/Src/stm32f4xx_hal_uart.c(1276): warning: unsafe pointer arithmetic [-Wunsafe-buffer-usage]
 1276 |         pdata16bits++;
      |         ^~~~~~~~~~~
C:/Users/madhu/AppData/Local/Arm/Packs/Keil/STM32F4xx_DFP/2.17.1/Drivers/STM32F4xx_HAL_Driver/Src/stm32f4xx_hal_uart.c(1288): warning: unsafe pointer arithmetic [-Wunsafe-buffer-usage]
 1288 |         pdata8bits++;
      |         ^~~~~~~~~~
C:/Users/madhu/AppData/Local/Arm/Packs/Keil/STM32F4xx_DFP/2.17.1/Drivers/STM32F4xx_HAL_Driver/Src/stm32f4xx_hal_uart.c(1693): warning: unsafe pointer arithmetic [-Wunsafe-buffer-usage]
 1693 |           pdata16bits++;
      |           ^~~~~~~~~~~
C:/Users/madhu/AppData/Local/Arm/Packs/Keil/STM32F4xx_DFP/2.17.1/Drivers/STM32F4xx_HAL_Driver/Src/stm32f4xx_hal_uart.c(1706): warning: unsafe pointer arithmetic [-Wunsafe-buffer-usage]
 1706 |           pdata8bits++;
      |           ^~~~~~~~~~
C:/Users/madhu/AppData/Local/Arm/Packs/Keil/STM32F4xx_DFP/2.17.1/Drivers/STM32F4xx_HAL_Driver/Src/stm32f4xx_hal_uart.c(3523): warning: unsafe pointer arithmetic [-Wunsafe-buffer-usage]
 3523 |       huart->pTxBuffPtr += 2U;
      |       ~~~~~~~^~~~~~~~~~
C:/Users/madhu/AppData/Local/Arm/Packs/Keil/STM32F4xx_DFP/2.17.1/Drivers/STM32F4xx_HAL_Driver/Src/stm32f4xx_hal_uart.c(3527): warning: unsafe pointer arithmetic [-Wunsafe-buffer-usage]
 3527 |       huart->Instance->DR = (uint8_t)(*huart->pTxBuffPtr++ & (uint8_t)0x00FF);
      |                                        ~~~~~~~^~~~~~~~~~
C:/Users/madhu/AppData/Local/Arm/Packs/Keil/STM32F4xx_DFP/2.17.1/Drivers/STM32F4xx_HAL_Driver/Src/stm32f4xx_hal_uart.c(3590): warning: unsafe pointer arithmetic [-Wunsafe-buffer-usage]
 3590 |       huart->pRxBuffPtr += 2U;
      |       ~~~~~~~^~~~~~~~~~
C:/Users/madhu/AppData/Local/Arm/Packs/Keil/STM32F4xx_DFP/2.17.1/Drivers/STM32F4xx_HAL_Driver/Src/stm32f4xx_hal_uart.c(3605): warning: unsafe pointer arithmetic [-Wunsafe-buffer-usage]
 3605 |       huart->pRxBuffPtr += 1U;
      |       ~~~~~~~^~~~~~~~~~
17 warnings generated.
compiling stm32f4xx_hal_uart.c...
C:/Users/madhu/AppData/Local/Arm/Packs/Keil/STM32F4xx_DFP/2.17.1/Drivers/STM32F4xx_HAL_Driver/Src/stm32f4xx_hal_usart.c(200): warning: In file included from...
C:/Users/madhu/AppData/Local/Arm/Packs/Keil/STM32F4xx_DFP/2.17.1/Drivers/STM32F4xx_HAL_Driver/Inc\stm32f4xx_hal.h(29): warning: In file included from...
./RTE/Device/STM32F401RETx\stm32f4xx_hal_conf.h(521): warning: In file included from...
C:/Users/madhu/AppData/Local/Arm/Packs/Keil/STM32F4xx_DFP/2.17.1/Drivers/STM32F4xx_HAL_Driver/Inc\stm32f4xx_hal_usart.h(124): warning: padding struct 'struct __USART_HandleTypeDef' with 2 bytes to align 'ErrorCode' [-Wpadded]
  124 |   __IO uint32_t                  ErrorCode;       /*!< USART Error code                    */
      |                                  ^
C:/Users/madhu/AppData/Local/Arm/Packs/Keil/STM32F4xx_DFP/2.17.1/Drivers/STM32F4xx_HAL_Driver/Src/stm32f4xx_hal_usart.c(200): warning: In file included from...
C:/Users/madhu/AppData/Local/Arm/Packs/Keil/STM32F4xx_DFP/2.17.1/Drivers/STM32F4xx_HAL_Driver/Inc\stm32f4xx_hal.h(29): warning: In file included from...
./RTE/Device/STM32F401RETx\stm32f4xx_hal_conf.h(397): warning: In file included from...
C:/Users/madhu/AppData/Local/Arm/Packs/Keil/STM32F4xx_DFP/2.17.1/Drivers/STM32F4xx_HAL_Driver/Inc\stm32f4xx_hal_dma.h(148): warning: padding struct 'struct __DMA_HandleTypeDef' with 2 bytes to align 'Parent' [-Wpadded]
  148 |   void                       *Parent;                                                          /*!< Parent object state                    */ 
      |                               ^
C:/Users/madhu/AppData/Local/Arm/Packs/Keil/STM32F4xx_DFP/2.17.1/Drivers/STM32F4xx_HAL_Driver/Src/stm32f4xx_hal_usart.c(779): warning: cast from 'const uint8_t *' (aka 'const unsigned char *') to 'const uint16_t *' (aka 'const unsigned short *') increases required alignment from 1 to 2 [-Wcast-align]
  779 |       ptxdata16bits = (const uint16_t *) pTxData;
      |                       ^~~~~~~~~~~~~~~~~~~~~~~~~~
C:/Users/madhu/AppData/Local/Arm/Packs/Keil/STM32F4xx_DFP/2.17.1/Drivers/STM32F4xx_HAL_Driver/Src/stm32f4xx_hal_usart.c(867): warning: cast from 'uint8_t *' (aka 'unsigned char *') to 'uint16_t *' (aka 'unsigned short *') increases required alignment from 1 to 2 [-Wcast-align]
  867 |       prxdata16bits = (uint16_t *) pRxData;
      |                       ^~~~~~~~~~~~~~~~~~~~
C:/Users/madhu/AppData/Local/Arm/Packs/Keil/STM32F4xx_DFP/2.17.1/Drivers/STM32F4xx_HAL_Driver/Src/stm32f4xx_hal_usart.c(986): warning: cast from 'const uint8_t *' (aka 'const unsigned char *') to 'const uint16_t *' (aka 'const unsigned short *') increases required alignment from 1 to 2 [-Wcast-align]
  986 |       ptxdata16bits = (const uint16_t *) pTxData;
      |                       ^~~~~~~~~~~~~~~~~~~~~~~~~~
C:/Users/madhu/AppData/Local/Arm/Packs/Keil/STM32F4xx_DFP/2.17.1/Drivers/STM32F4xx_HAL_Driver/Src/stm32f4xx_hal_usart.c(987): warning: cast from 'uint8_t *' (aka 'unsigned char *') to 'uint16_t *' (aka 'unsigned short *') increases required alignment from 1 to 2 [-Wcast-align]
  987 |       prxdata16bits = (uint16_t *) pRxData;
      |                       ^~~~~~~~~~~~~~~~~~~~
C:/Users/madhu/AppData/Local/Arm/Packs/Keil/STM32F4xx_DFP/2.17.1/Drivers/STM32F4xx_HAL_Driver/Src/stm32f4xx_hal_usart.c(2508): warning: cast from 'const uint8_t *' (aka 'const unsigned char *') to 'const uint16_t *' (aka 'const unsigned short *') increases required alignment from 1 to 2 [-Wcast-align]
 2508 |       tmp = (const uint16_t *) husart->pTxBuffPtr;
      |             ^~~~~~~~~~~~~~~~~~~~~~~~~~~~~~~~~~~~~
C:/Users/madhu/AppData/Local/Arm/Packs/Keil/STM32F4xx_DFP/2.17.1/Drivers/STM32F4xx_HAL_Driver/Src/stm32f4xx_hal_usart.c(2576): warning: cast from 'uint8_t *' (aka 'unsigned char *') to 'uint16_t *' (aka 'unsigned short *') increases required alignment from 1 to 2 [-Wcast-align]
 2576 |       pdata16bits = (uint16_t *) husart->pRxBuffPtr;
      |                     ^~~~~~~~~~~~~~~~~~~~~~~~~~~~~~~
C:/Users/madhu/AppData/Local/Arm/Packs/Keil/STM32F4xx_DFP/2.17.1/Drivers/STM32F4xx_HAL_Driver/Src/stm32f4xx_hal_usart.c(2655): warning: cast from 'const uint8_t *' (aka 'const unsigned char *') to 'const uint16_t *' (aka 'const unsigned short *') increases required alignment from 1 to 2 [-Wcast-align]
 2655 |           pdatatx16bits = (const uint16_t *) husart->pTxBuffPtr;
      |                           ^~~~~~~~~~~~~~~~~~~~~~~~~~~~~~~~~~~~~
C:/Users/madhu/AppData/Local/Arm/Packs/Keil/STM32F4xx_DFP/2.17.1/Drivers/STM32F4xx_HAL_Driver/Src/stm32f4xx_hal_usart.c(2680): warning: cast from 'uint8_t *' (aka 'unsigned char *') to 'uint16_t *' (aka 'unsigned short *') increases required alignment from 1 to 2 [-Wcast-align]
 2680 |           pdatarx16bits = (uint16_t *) husart->pRxBuffPtr;
      |                           ^~~~~~~~~~~~~~~~~~~~~~~~~~~~~~~
C:/Users/madhu/AppData/Local/Arm/Packs/Keil/STM32F4xx_DFP/2.17.1/Drivers/STM32F4xx_HAL_Driver/Src/stm32f4xx_hal_usart.c(797): warning: unsafe pointer arithmetic [-Wunsafe-buffer-usage]
  797 |         ptxdata16bits++;
      |         ^~~~~~~~~~~~~
C:/Users/madhu/AppData/Local/Arm/Packs/Keil/STM32F4xx_DFP/2.17.1/Drivers/STM32F4xx_HAL_Driver/Src/stm32f4xx_hal_usart.c(802): warning: unsafe pointer arithmetic [-Wunsafe-buffer-usage]
  802 |         ptxdata8bits++;
      |         ^~~~~~~~~~~~
C:/Users/madhu/AppData/Local/Arm/Packs/Keil/STM32F4xx_DFP/2.17.1/Drivers/STM32F4xx_HAL_Driver/Src/stm32f4xx_hal_usart.c(897): warning: unsafe pointer arithmetic [-Wunsafe-buffer-usage]
  897 |         prxdata16bits++;
      |         ^~~~~~~~~~~~~
C:/Users/madhu/AppData/Local/Arm/Packs/Keil/STM32F4xx_DFP/2.17.1/Drivers/STM32F4xx_HAL_Driver/Src/stm32f4xx_hal_usart.c(909): warning: unsafe pointer arithmetic [-Wunsafe-buffer-usage]
  909 |         prxdata8bits++;
      |         ^~~~~~~~~~~~
C:/Users/madhu/AppData/Local/Arm/Packs/Keil/STM32F4xx_DFP/2.17.1/Drivers/STM32F4xx_HAL_Driver/Src/stm32f4xx_hal_usart.c(1013): warning: unsafe pointer arithmetic [-Wunsafe-buffer-usage]
 1013 |           ptxdata16bits++;
      |           ^~~~~~~~~~~~~
C:/Users/madhu/AppData/Local/Arm/Packs/Keil/STM32F4xx_DFP/2.17.1/Drivers/STM32F4xx_HAL_Driver/Src/stm32f4xx_hal_usart.c(1018): warning: unsafe pointer arithmetic [-Wunsafe-buffer-usage]
 1018 |           ptxdata8bits++;
      |           ^~~~~~~~~~~~
C:/Users/madhu/AppData/Local/Arm/Packs/Keil/STM32F4xx_DFP/2.17.1/Drivers/STM32F4xx_HAL_Driver/Src/stm32f4xx_hal_usart.c(1034): warning: unsafe pointer arithmetic [-Wunsafe-buffer-usage]
 1034 |           prxdata16bits++;
      |           ^~~~~~~~~~~~~
C:/Users/madhu/AppData/Local/Arm/Packs/Keil/STM32F4xx_DFP/2.17.1/Drivers/STM32F4xx_HAL_Driver/Src/stm32f4xx_hal_usart.c(1047): warning: unsafe pointer arithmetic [-Wunsafe-buffer-usage]
 1047 |           prxdata8bits++;
      |           ^~~~~~~~~~~~
C:/Users/madhu/AppData/Local/Arm/Packs/Keil/STM32F4xx_DFP/2.17.1/Drivers/STM32F4xx_HAL_Driver/Src/stm32f4xx_hal_usart.c(2510): warning: unsafe pointer arithmetic [-Wunsafe-buffer-usage]
 2510 |       husart->pTxBuffPtr += 2U;
      |       ~~~~~~~~^~~~~~~~~~
C:/Users/madhu/AppData/Local/Arm/Packs/Keil/STM32F4xx_DFP/2.17.1/Drivers/STM32F4xx_HAL_Driver/Src/stm32f4xx_hal_usart.c(2514): warning: unsafe pointer arithmetic [-Wunsafe-buffer-usage]
 2514 |       husart->Instance->DR = (uint8_t)(*husart->pTxBuffPtr++ & (uint8_t)0x00FF);
      |                                         ~~~~~~~~^~~~~~~~~~
C:/Users/madhu/AppData/Local/Arm/Packs/Keil/STM32F4xx_DFP/2.17.1/Drivers/STM32F4xx_HAL_Driver/Src/stm32f4xx_hal_usart.c(2578): warning: unsafe pointer arithmetic [-Wunsafe-buffer-usage]
 2578 |       husart->pRxBuffPtr += 2U;
      |       ~~~~~~~~^~~~~~~~~~
C:/Users/madhu/AppData/Local/Arm/Packs/Keil/STM32F4xx_DFP/2.17.1/Drivers/STM32F4xx_HAL_Driver/Src/stm32f4xx_hal_usart.c(2594): warning: unsafe pointer arithmetic [-Wunsafe-buffer-usage]
 2594 |       husart->pRxBuffPtr += 1U;
      |       ~~~~~~~~^~~~~~~~~~
C:/Users/madhu/AppData/Local/Arm/Packs/Keil/STM32F4xx_DFP/2.17.1/Drivers/STM32F4xx_HAL_Driver/Src/stm32f4xx_hal_usart.c(2657): warning: unsafe pointer arithmetic [-Wunsafe-buffer-usage]
 2657 |           husart->pTxBuffPtr += 2U;
      |           ~~~~~~~~^~~~~~~~~~
C:/Users/madhu/AppData/Local/Arm/Packs/Keil/STM32F4xx_DFP/2.17.1/Drivers/STM32F4xx_HAL_Driver/Src/stm32f4xx_hal_usart.c(2661): warning: unsafe pointer arithmetic [-Wunsafe-buffer-usage]
 2661 |           husart->Instance->DR = (uint8_t)(*husart->pTxBuffPtr++ & (uint8_t)0x00FF);
      |                                             ~~~~~~~~^~~~~~~~~~
C:/Users/madhu/AppData/Local/Arm/Packs/Keil/STM32F4xx_DFP/2.17.1/Drivers/STM32F4xx_HAL_Driver/Src/stm32f4xx_hal_usart.c(2682): warning: unsafe pointer arithmetic [-Wunsafe-buffer-usage]
 2682 |           husart->pRxBuffPtr += 2U;
      |           ~~~~~~~~^~~~~~~~~~
C:/Users/madhu/AppData/Local/Arm/Packs/Keil/STM32F4xx_DFP/2.17.1/Drivers/STM32F4xx_HAL_Driver/Src/stm32f4xx_hal_usart.c(2694): warning: unsafe pointer arithmetic [-Wunsafe-buffer-usage]
 2694 |           husart->pRxBuffPtr += 1U;
      |           ~~~~~~~~^~~~~~~~~~
26 warnings generated.
compiling stm32f4xx_hal_usart.c...
linking...
Program Size: Code=11844 RO-data=1080 RW-data=12 ZI-data=1888  
".\Objects\Temp_ADC.axf" - 0 Error(s), 74 Warning(s).

<h2>Software Packages used:</h2>

Package Vendor: ARM
                https://www.keil.com/pack/ARM.CMSIS.6.1.0.pack
                ARM::CMSIS@6.1.0
                CMSIS (Common Microcontroller Software Interface Standard)
   * Component: CORE Version: 6.1.0

Package Vendor: ARM
                https://www.keil.com/pack/ARM.CMSIS-Compiler.2.1.0.pack
                ARM::CMSIS-Compiler@2.1.0
                CMSIS Compiler extensions for Arm Compiler, GCC, Clang, and IAR Compiler
   * Component: CORE Version: 1.1.0

Package Vendor: Keil
                https://www.keil.com/pack/Keil.STM32F4xx_DFP.2.17.1.pack
                Keil::STM32F4xx_DFP@2.17.1
                STMicroelectronics STM32F4 Series Device Support, Drivers and Examples
   * Component: STM32Cube Framework Version: 1.0.0
   * Component: Classic Version: 1.8.1
   * Component: Common Version: 1.8.1
   * Component: Cortex Version: 1.8.1
   * Component: DMA Version: 1.8.1
   * Component: GPIO Version: 1.8.1
   * Component: PWR Version: 1.8.1
   * Component: RCC Version: 1.8.1
   * Component: UART Version: 1.8.1
   * Component: USART Version: 1.8.1
   * Component: Startup Version: 2.6.3

<h2>Collection of Component include folders:</h2>
  ./RTE/Device/STM32F401RETx
  ./RTE/_Target_1
  C:/Users/madhu/AppData/Local/Arm/Packs/ARM/CMSIS/6.1.0/CMSIS/Core/Include
  C:/Users/madhu/AppData/Local/Arm/Packs/Keil/STM32F4xx_DFP/2.17.1/Drivers/CMSIS/Device/ST/STM32F4xx/Include
  C:/Users/madhu/AppData/Local/Arm/Packs/Keil/STM32F4xx_DFP/2.17.1/Drivers/STM32F4xx_HAL_Driver/Inc

<h2>Collection of Component Files used:</h2>

   * Component: ::Device:STM32Cube Framework(API)@1.0.0

   * Component: ARM::CMSIS-Compiler:CORE@1.1.0
      Source file:   source/armcc/retarget_io.c

   * Component: ARM::CMSIS:CORE@6.1.0

   * Component: Keil::Device:STM32Cube Framework:Classic@1.8.1
      Include file:  CMSIS/Driver/Config/RTE_Device.h
      Include file:  MDK/Templates/Inc/main.h
      Source file:   MDK/Templates/Src/main.c
      Source file:   MDK/Templates/Src/stm32f4xx_it.c
      Include file:  MDK/Templates/Inc/stm32f4xx_hal_conf.h
      Source file:   MDK/Templates/Src/stm32f4xx_hal_msp.c
      Source file:   MDK/Templates_LL/Src/main.c
      Include file:  MDK/Templates_LL/Inc/main.h
      Include file:  MDK/Templates/Inc/stm32f4xx_it.h

   * Component: Keil::Device:STM32Cube HAL:Common@1.8.1
      Source file:   Drivers/STM32F4xx_HAL_Driver/Src/stm32f4xx_hal.c
      Include file:  Drivers/STM32F4xx_HAL_Driver/Inc/stm32f4xx_hal.h

   * Component: Keil::Device:STM32Cube HAL:Cortex@1.8.1
      Source file:   Drivers/STM32F4xx_HAL_Driver/Src/stm32f4xx_hal_cortex.c

   * Component: Keil::Device:STM32Cube HAL:DMA@1.8.1
      Source file:   Drivers/STM32F4xx_HAL_Driver/Src/stm32f4xx_hal_dma.c
      Source file:   Drivers/STM32F4xx_HAL_Driver/Src/stm32f4xx_hal_dma_ex.c

   * Component: Keil::Device:STM32Cube HAL:GPIO@1.8.1
      Source file:   Drivers/STM32F4xx_HAL_Driver/Src/stm32f4xx_hal_gpio.c

   * Component: Keil::Device:STM32Cube HAL:PWR@1.8.1
      Source file:   Drivers/STM32F4xx_HAL_Driver/Src/stm32f4xx_hal_pwr_ex.c
      Source file:   Drivers/STM32F4xx_HAL_Driver/Src/stm32f4xx_hal_pwr.c

   * Component: Keil::Device:STM32Cube HAL:RCC@1.8.1
      Source file:   Drivers/STM32F4xx_HAL_Driver/Src/stm32f4xx_hal_rcc.c
      Source file:   Drivers/STM32F4xx_HAL_Driver/Src/stm32f4xx_hal_rcc_ex.c

   * Component: Keil::Device:STM32Cube HAL:UART@1.8.1
      Source file:   Drivers/STM32F4xx_HAL_Driver/Src/stm32f4xx_hal_uart.c

   * Component: Keil::Device:STM32Cube HAL:USART@1.8.1
      Source file:   Drivers/STM32F4xx_HAL_Driver/Src/stm32f4xx_hal_usart.c

   * Component: Keil::Device:Startup@2.6.3
      Source file:   Drivers/CMSIS/Device/ST/STM32F4xx/Source/Templates/arm/startup_stm32f401xe.s
      Source file:   MDK/Device/Source/ARM/STM32F401xx_OPT.s
      Source file:   MDK/Device/Source/ARM/STM32F4xx_OTP.s
      Include file:  Drivers/CMSIS/Device/ST/STM32F4xx/Include/stm32f4xx.h
      Source file:   Drivers/CMSIS/Device/ST/STM32F4xx/Source/Templates/system_stm32f4xx.c
Build Time Elapsed:  00:00:02
</pre>
</body>
</html>
