Component: Arm Compiler for Embedded 6.21 Tool: armlink [5ec1fa00]

==============================================================================

Section Cross References

    main.o(.text.main) refers to main.o(.text.USART2_init) for USART2_init
    main.o(.text.main) refers to main.o(.rodata.str1.1) for .L.str
    main.o(.text.main) refers to printf.o(.text) for printf
    main.o(.text.main) refers to dflt_clz.o(x$fpl$dfltu) for __aeabi_ui2d
    main.o(.text.main) refers to ddiv.o(x$fpl$ddiv) for __aeabi_ddiv
    main.o(.text.main) refers to dmul.o(x$fpl$dmul) for __aeabi_dmul
    main.o(.text.main) refers to main.o(.text.delayMs) for delayMs
    main.o(.ARM.exidx.text.main) refers to main.o(.text.main) for [Anonymous Symbol]
    main.o(.ARM.exidx.text.USART2_init) refers to main.o(.text.USART2_init) for [Anonymous Symbol]
    main.o(.ARM.exidx.text.delayMs) refers to main.o(.text.delayMs) for [Anonymous Symbol]
    main.o(.ARM.exidx.text.USART2_write) refers to main.o(.text.USART2_write) for [Anonymous Symbol]
    main.o(.text.fputc) refers to main.o(.text.USART2_write) for USART2_write
    main.o(.ARM.exidx.text.fputc) refers to main.o(.text.fputc) for [Anonymous Symbol]
    stm32f4xx_hal.o(.text.HAL_Init) refers to stm32f4xx_hal_cortex.o(.text.HAL_NVIC_SetPriorityGrouping) for HAL_NVIC_SetPriorityGrouping
    stm32f4xx_hal.o(.text.HAL_Init) refers to stm32f4xx_hal.o(.text.HAL_InitTick) for HAL_InitTick
    stm32f4xx_hal.o(.text.HAL_Init) refers to stm32f4xx_hal.o(.text.HAL_MspInit) for HAL_MspInit
    stm32f4xx_hal.o(.ARM.exidx.text.HAL_Init) refers to stm32f4xx_hal.o(.text.HAL_Init) for [Anonymous Symbol]
    stm32f4xx_hal.o(.text.HAL_InitTick) refers to system_stm32f4xx.o(.data.SystemCoreClock) for SystemCoreClock
    stm32f4xx_hal.o(.text.HAL_InitTick) refers to stm32f4xx_hal.o(.data.uwTickFreq) for uwTickFreq
    stm32f4xx_hal.o(.text.HAL_InitTick) refers to stm32f4xx_hal_cortex.o(.text.HAL_SYSTICK_Config) for HAL_SYSTICK_Config
    stm32f4xx_hal.o(.text.HAL_InitTick) refers to stm32f4xx_hal_cortex.o(.text.HAL_NVIC_SetPriority) for HAL_NVIC_SetPriority
    stm32f4xx_hal.o(.text.HAL_InitTick) refers to stm32f4xx_hal.o(.data.uwTickPrio) for uwTickPrio
    stm32f4xx_hal.o(.ARM.exidx.text.HAL_InitTick) refers to stm32f4xx_hal.o(.text.HAL_InitTick) for [Anonymous Symbol]
    stm32f4xx_hal.o(.ARM.exidx.text.HAL_MspInit) refers to stm32f4xx_hal.o(.text.HAL_MspInit) for [Anonymous Symbol]
    stm32f4xx_hal.o(.text.HAL_DeInit) refers to stm32f4xx_hal.o(.text.HAL_MspDeInit) for HAL_MspDeInit
    stm32f4xx_hal.o(.ARM.exidx.text.HAL_DeInit) refers to stm32f4xx_hal.o(.text.HAL_DeInit) for [Anonymous Symbol]
    stm32f4xx_hal.o(.ARM.exidx.text.HAL_MspDeInit) refers to stm32f4xx_hal.o(.text.HAL_MspDeInit) for [Anonymous Symbol]
    stm32f4xx_hal.o(.text.HAL_IncTick) refers to stm32f4xx_hal.o(.data.uwTickFreq) for uwTickFreq
    stm32f4xx_hal.o(.text.HAL_IncTick) refers to stm32f4xx_hal.o(.bss.uwTick) for uwTick
    stm32f4xx_hal.o(.ARM.exidx.text.HAL_IncTick) refers to stm32f4xx_hal.o(.text.HAL_IncTick) for [Anonymous Symbol]
    stm32f4xx_hal.o(.text.HAL_GetTick) refers to stm32f4xx_hal.o(.bss.uwTick) for uwTick
    stm32f4xx_hal.o(.ARM.exidx.text.HAL_GetTick) refers to stm32f4xx_hal.o(.text.HAL_GetTick) for [Anonymous Symbol]
    stm32f4xx_hal.o(.text.HAL_GetTickPrio) refers to stm32f4xx_hal.o(.data.uwTickPrio) for uwTickPrio
    stm32f4xx_hal.o(.ARM.exidx.text.HAL_GetTickPrio) refers to stm32f4xx_hal.o(.text.HAL_GetTickPrio) for [Anonymous Symbol]
    stm32f4xx_hal.o(.text.HAL_SetTickFreq) refers to stm32f4xx_hal.o(.data.uwTickFreq) for uwTickFreq
    stm32f4xx_hal.o(.text.HAL_SetTickFreq) refers to stm32f4xx_hal.o(.data.uwTickPrio) for uwTickPrio
    stm32f4xx_hal.o(.text.HAL_SetTickFreq) refers to stm32f4xx_hal.o(.text.HAL_InitTick) for HAL_InitTick
    stm32f4xx_hal.o(.ARM.exidx.text.HAL_SetTickFreq) refers to stm32f4xx_hal.o(.text.HAL_SetTickFreq) for [Anonymous Symbol]
    stm32f4xx_hal.o(.text.HAL_GetTickFreq) refers to stm32f4xx_hal.o(.data.uwTickFreq) for uwTickFreq
    stm32f4xx_hal.o(.ARM.exidx.text.HAL_GetTickFreq) refers to stm32f4xx_hal.o(.text.HAL_GetTickFreq) for [Anonymous Symbol]
    stm32f4xx_hal.o(.text.HAL_Delay) refers to stm32f4xx_hal.o(.text.HAL_GetTick) for HAL_GetTick
    stm32f4xx_hal.o(.text.HAL_Delay) refers to stm32f4xx_hal.o(.data.uwTickFreq) for uwTickFreq
    stm32f4xx_hal.o(.ARM.exidx.text.HAL_Delay) refers to stm32f4xx_hal.o(.text.HAL_Delay) for [Anonymous Symbol]
    stm32f4xx_hal.o(.ARM.exidx.text.HAL_SuspendTick) refers to stm32f4xx_hal.o(.text.HAL_SuspendTick) for [Anonymous Symbol]
    stm32f4xx_hal.o(.ARM.exidx.text.HAL_ResumeTick) refers to stm32f4xx_hal.o(.text.HAL_ResumeTick) for [Anonymous Symbol]
    stm32f4xx_hal.o(.ARM.exidx.text.HAL_GetHalVersion) refers to stm32f4xx_hal.o(.text.HAL_GetHalVersion) for [Anonymous Symbol]
    stm32f4xx_hal.o(.ARM.exidx.text.HAL_GetREVID) refers to stm32f4xx_hal.o(.text.HAL_GetREVID) for [Anonymous Symbol]
[...]
    RTE/Device/STM32F401RETx/startup_stm32f401xe.s 0x00000000   Number         0  startup_stm32f401xe.o ABSOLUTE
    dc.s                                     0x00000000   Number         0  dc.o ABSOLUTE
    main.c                                   0x00000000   Number         0  main.o ABSOLUTE
    retarget_io.c                            0x00000000   Number         0  retarget_io.o ABSOLUTE
    stm32f4xx_hal.c                          0x00000000   Number         0  stm32f4xx_hal.o ABSOLUTE
    stm32f4xx_hal_cortex.c                   0x00000000   Number         0  stm32f4xx_hal_cortex.o ABSOLUTE
    stm32f4xx_hal_dma.c                      0x00000000   Number         0  stm32f4xx_hal_dma.o ABSOLUTE
    stm32f4xx_hal_dma_ex.c                   0x00000000   Number         0  stm32f4xx_hal_dma_ex.o ABSOLUTE
    stm32f4xx_hal_gpio.c                     0x00000000   Number         0  stm32f4xx_hal_gpio.o ABSOLUTE
    stm32f4xx_hal_pwr.c                      0x00000000   Number         0  stm32f4xx_hal_pwr.o ABSOLUTE
    stm32f4xx_hal_pwr_ex.c                   0x00000000   Number         0  stm32f4xx_hal_pwr_ex.o ABSOLUTE
    stm32f4xx_hal_rcc.c                      0x00000000   Number         0  stm32f4xx_hal_rcc.o ABSOLUTE
    stm32f4xx_hal_rcc_ex.c                   0x00000000   Number         0  stm32f4xx_hal_rcc_ex.o ABSOLUTE
    stm32f4xx_hal_uart.c                     0x00000000   Number         0  stm32f4xx_hal_uart.o ABSOLUTE
    stm32f4xx_hal_usart.c                    0x00000000   Number         0  stm32f4xx_hal_usart.o ABSOLUTE
    system_stm32f4xx.c                       0x00000000   Number         0  system_stm32f4xx.o ABSOLUTE
    RESET                                    0x08000000   Section      404  startup_stm32f401xe.o(RESET)
    !!!main                                  0x08000194   Section        8  __main.o(!!!main)
    !!!scatter                               0x0800019c   Section       92  __scatter.o(!!!scatter)
    !!handler_copy                           0x080001f8   Section       26  __scatter_copy.o(!!handler_copy)
    !!handler_null                           0x08000214   Section        2  __scatter.o(!!handler_null)
    !!handler_zi                             0x08000218   Section       28  __scatter_zi.o(!!handler_zi)
    .ARM.Collect$$_printf_percent$$00000000  0x08000234   Section        0  _printf_percent.o(.ARM.Collect$$_printf_percent$$00000000)
    .ARM.Collect$$_printf_percent$$00000001  0x08000234   Section        6  _printf_n.o(.ARM.Collect$$_printf_percent$$00000001)
    .ARM.Collect$$_printf_percent$$00000002  0x0800023a   Section        6  _printf_p.o(.ARM.Collect$$_printf_percent$$00000002)
    .ARM.Collect$$_printf_percent$$00000003  0x08000240   Section        6  _printf_f.o(.ARM.Collect$$_printf_percent$$00000003)
    .ARM.Collect$$_printf_percent$$00000004  0x08000246   Section        6  _printf_e.o(.ARM.Collect$$_printf_percent$$00000004)
    .ARM.Collect$$_printf_percent$$00000005  0x0800024c   Section        6  _printf_g.o(.ARM.Collect$$_printf_percent$$00000005)
    .ARM.Collect$$_printf_percent$$00000006  0x08000252   Section        6  _printf_a.o(.ARM.Collect$$_printf_percent$$00000006)
    .ARM.Collect$$_printf_percent$$00000007  0x08000258   Section       10  _printf_ll.o(.ARM.Collect$$_printf_percent$$00000007)
    .ARM.Collect$$_printf_percent$$00000008  0x08000262   Section        6  _printf_i.o(.ARM.Collect$$_printf_percent$$00000008)
    .ARM.Collect$$_printf_percent$$00000009  0x08000268   Section        6  _printf_d.o(.ARM.Collect$$_printf_percent$$00000009)
    .ARM.Collect$$_printf_percent$$0000000A  0x0800026e   Section        6  _printf_u.o(.ARM.Collect$$_printf_percent$$0000000A)
    .ARM.Collect$$_printf_percent$$0000000B  0x08000274   Section        6  _printf_o.o(.ARM.Collect$$_printf_percent$$0000000B)
    .ARM.Collect$$_printf_percent$$0000000C  0x0800027a   Section        6  _printf_x.o(.ARM.Collect$$_printf_percent$$0000000C)
    .ARM.Collect$$_printf_percent$$0000000D  0x08000280   Section        6  _printf_lli.o(.ARM.Collect$$_printf_percent$$0000000D)
    .ARM.Collect$$_printf_percent$$0000000E  0x08000286   Section        6  _printf_lld.o(.ARM.Collect$$_printf_percent$$0000000E)
    .ARM.Collect$$_printf_percent$$0000000F  0x0800028c   Section        6  _printf_llu.o(.ARM.Collect$$_printf_percent$$0000000F)
    .ARM.Collect$$_printf_percent$$00000010  0x08000292   Section        6  _printf_llo.o(.ARM.Collect$$_printf_percent$$00000010)
    .ARM.Collect$$_printf_percent$$00000011  0x08000298   Section        6  _printf_llx.o(.ARM.Collect$$_printf_percent$$00000011)
    .ARM.Collect$$_printf_percent$$00000012  0x0800029e   Section       10  _printf_l.o(.ARM.Collect$$_printf_percent$$00000012)
    .ARM.Collect$$_printf_percent$$00000013  0x080002a8   Section        6  _printf_c.o(.ARM.Collect$$_printf_percent$$00000013)
    .ARM.Collect$$_printf_percent$$00000014  0x080002ae   Section        6  _printf_s.o(.ARM.Collect$$_printf_percent$$00000014)
    .ARM.Collect$$_printf_percent$$00000015  0x080002b4   Section        6  _printf_lc.o(.ARM.Collect$$_printf_percent$$00000015)
    .ARM.Collect$$_printf_percent$$00000016  0x080002ba   Section        6  _printf_ls.o(.ARM.Collect$$_printf_percent$$00000016)
    .ARM.Collect$$_printf_percent$$00000017  0x080002c0   Section        4  _printf_percent_end.o(.ARM.Collect$$_printf_percent$$00000017)
    .ARM.Collect$$libinit$$00000000          0x080002c4   Section        2  libinit.o(.ARM.Collect$$libinit$$00000000)
    .ARM.Collect$$libinit$$00000001          0x080002c6   Section        4  libinit2.o(.ARM.Collect$$libinit$$00000001)
    .ARM.Collect$$libinit$$00000004          0x080002ca   Section        0  libinit2.o(.ARM.Collect$$libinit$$00000004)
    .ARM.Collect$$libinit$$00000006          0x080002ca   Section        0  libinit2.o(.ARM.Collect$$libinit$$00000006)
    .ARM.Collect$$libinit$$00000007          0x080002ca   Section        8  libinit2.o(.ARM.Collect$$libinit$$00000007)
    .ARM.Collect$$libinit$$0000000C          0x080002d2   Section        0  libinit2.o(.ARM.Collect$$libinit$$0000000C)
    .ARM.Collect$$libinit$$0000000E          0x080002d2   Section        0  libinit2.o(.ARM.Collect$$libinit$$0000000E)
    .ARM.Collect$$libinit$$00000010          0x080002d2   Section        0  libinit2.o(.ARM.Collect$$libinit$$00000010)
    .ARM.Collect$$libinit$$00000011          0x080002d2   Section        6  libinit2.o(.ARM.Collect$$libinit$$00000011)
    .ARM.Collect$$libinit$$00000013          0x080002d8   Section        0  libinit2.o(.ARM.Collect$$libinit$$00000013)
    .ARM.Collect$$libinit$$00000014          0x080002d8   Section       12  libinit2.o(.ARM.Collect$$libinit$$00000014)
    .ARM.Collect$$libinit$$00000015          0x080002e4   Section        0  libinit2.o(.ARM.Collect$$libinit$$00000015)
    .ARM.Collect$$libinit$$00000017          0x080002e4   Section        0  libinit2.o(.ARM.Collect$$libinit$$00000017)
    .ARM.Collect$$libinit$$00000018          0x080002e4   Section       10  libinit2.o(.ARM.Collect$$libinit$$00000018)
    .ARM.Collect$$libinit$$00000019          0x080002ee   Section        0  libinit2.o(.ARM.Collect$$libinit$$00000019)
    .ARM.Collect$$libinit$$0000001B          0x080002ee   Section        0  libinit2.o(.ARM.Collect$$libinit$$0000001B)
    .ARM.Collect$$libinit$$0000001D          0x080002ee   Section        0  libinit2.o(.ARM.Collect$$libinit$$0000001D)
    .ARM.Collect$$libinit$$0000001F          0x080002ee   Section        0  libinit2.o(.ARM.Collect$$libinit$$0000001F)
    .ARM.Collect$$libinit$$00000021          0x080002ee   Section        0  libinit2.o(.ARM.Collect$$libinit$$00000021)
    .ARM.Collect$$libinit$$00000023          0x080002ee   Section        0  libinit2.o(.ARM.Collect$$libinit$$00000023)
    .ARM.Collect$$libinit$$00000025          0x080002ee   Section        0  libinit2.o(.ARM.Collect$$libinit$$00000025)
    .ARM.Collect$$libinit$$00000026          0x080002ee   Section        4  libinit2.o(.ARM.Collect$$libinit$$00000026)
    .ARM.Collect$$libinit$$00000027          0x080002f2   Section        0  libinit2.o(.ARM.Collect$$libinit$$00000027)
    .ARM.Collect$$libinit$$0000002E          0x080002f2   Section        0  libinit2.o(.ARM.Collect$$libinit$$0000002E)
    .ARM.Collect$$libinit$$00000030          0x080002f2   Section        0  libinit2.o(.ARM.Collect$$libinit$$00000030)
    .ARM.Collect$$libinit$$00000032          0x080002f2   Section        0  libinit2.o(.ARM.Collect$$libinit$$00000032)
    .ARM.Collect$$libinit$$00000034          0x080002f2   Section        0  libinit2.o(.ARM.Collect$$libinit$$00000034)
    .ARM.Collect$$libinit$$00000035          0x080002f2   Section        2  libinit2.o(.ARM.Collect$$libinit$$00000035)
    .ARM.Collect$$libshutdown$$00000000      0x080002f4   Section        2  libshutdown.o(.ARM.Collect$$libshutdown$$00000000)
    .ARM.Collect$$libshutdown$$00000002      0x080002f6   Section        0  libshutdown2.o(.ARM.Collect$$libshutdown$$00000002)
    .ARM.Collect$$libshutdown$$00000003      0x080002f6   Section        4  libshutdown2.o(.ARM.Collect$$libshutdown$$00000003)
    .ARM.Collect$$libshutdown$$00000004      0x080002fa   Section        0  libshutdown2.o(.ARM.Collect$$libshutdown$$00000004)
    .ARM.Collect$$libshutdown$$00000007      0x080002fa   Section        0  libshutdown2.o(.ARM.Collect$$libshutdown$$00000007)
    .ARM.Collect$$libshutdown$$0000000A      0x080002fa   Section        0  libshutdown2.o(.ARM.Collect$$libshutdown$$0000000A)
    .ARM.Collect$$libshutdown$$0000000C      0x080002fa   Section        0  libshutdown2.o(.ARM.Collect$$libshutdown$$0000000C)
    .ARM.Collect$$libshutdown$$0000000F      0x080002fa   Section        0  libshutdown2.o(.ARM.Collect$$libshutdown$$0000000F)
    .ARM.Collect$$libshutdown$$00000010      0x080002fa   Section        2  libshutdown2.o(.ARM.Collect$$libshutdown$$00000010)
    .ARM.Collect$$rtentry$$00000000          0x080002fc   Section        0  __rtentry.o(.ARM.Collect$$rtentry$$00000000)
    .ARM.Collect$$rtentry$$00000002          0x080002fc   Section        0  __rtentry2.o(.ARM.Collect$$rtentry$$00000002)
    .ARM.Collect$$rtentry$$00000004          0x080002fc   Section        6  __rtentry4.o(.ARM.Collect$$rtentry$$00000004)
    .ARM.Collect$$rtentry$$00000009          0x08000302   Section        0  __rtentry2.o(.ARM.Collect$$rtentry$$00000009)
    .ARM.Collect$$rtentry$$0000000A          0x08000302   Section        4  __rtentry2.o(.ARM.Collect$$rtentry$$0000000A)
    .ARM.Collect$$rtentry$$0000000C          0x08000306   Section        0  __rtentry2.o(.ARM.Collect$$rtentry$$0000000C)
    .ARM.Collect$$rtentry$$0000000D          0x08000306   Section        8  __rtentry2.o(.ARM.Collect$$rtentry$$0000000D)
    .ARM.Collect$$rtexit$$00000000           0x0800030e   Section        2  rtexit.o(.ARM.Collect$$rtexit$$00000000)
    .ARM.Collect$$rtexit$$00000002           0x08000310   Section        0  rtexit2.o(.ARM.Collect$$rtexit$$00000002)
    .ARM.Collect$$rtexit$$00000003           0x08000310   Section        4  rtexit2.o(.ARM.Collect$$rtexit$$00000003)
    .ARM.Collect$$rtexit$$00000004           0x08000314   Section        6  rtexit2.o(.ARM.Collect$$rtexit$$00000004)
    $v0                                      0x0800031c   Number         0  startup_stm32f401xe.o(.text)
    .text                                    0x0800031c   Section       64  startup_stm32f401xe.o(.text)
    .text                                    0x0800035c   Section        0  printf.o(.text)
    .text                                    0x08000374   Section        0  heapauxi.o(.text)
    .text                                    0x0800037a   Section        0  _printf_pad.o(.text)
    .text                                    0x080003c8   Section        0  _printf_truncate.o(.text)
    .text                                    0x080003ec   Section        0  _printf_str.o(.text)
    .text                                    0x08000440   Section        0  _printf_dec.o(.text)
    .text                                    0x080004b8   Section        0  _printf_charcount.o(.text)
    .text                                    0x080004e0   Section        0  _printf_char_file.o(.text)
    .text                                    0x08000504   Section        0  _printf_wctomb.o(.text)
    .text                                    0x080005c0   Section        0  _printf_longlong_dec.o(.text)
    _printf_longlong_oct_internal            0x0800063d   Thumb Code     0  _printf_oct_int_ll.o(.text)
    .text                                    0x0800063c   Section        0  _printf_oct_int_ll.o(.text)
    _printf_hex_common                       0x080006ad   Thumb Code     0  _printf_hex_int_ll_ptr.o(.text)
    .text                                    0x080006ac   Section        0  _printf_hex_int_ll_ptr.o(.text)
    .text                                    0x08000740   Section        0  __printf_flags_ss_wp.o(.text)
    .text                                    0x080008c8   Section      138  lludiv10.o(.text)
    .text                                    0x08000952   Section        0  _printf_intcommon.o(.text)
    _fp_digits                               0x08000a05   Thumb Code   432  _printf_fp_dec.o(.text)
    .text                                    0x08000a04   Section        0  _printf_fp_dec.o(.text)
    .text                                    0x08000e20   Section        0  _printf_fp_hex.o(.text)
    _printf_input_char                       0x0800111d   Thumb Code    10  _printf_char_common.o(.text)
    .text                                    0x0800111c   Section        0  _printf_char_common.o(.text)
    .text                                    0x0800114c   Section        0  _printf_char.o(.text)
    .text                                    0x08001178   Section        0  _printf_wchar.o(.text)
    .text                                    0x080011a4   Section        0  ferror.o(.text)
    .text                                    0x080011ac   Section        0  initio.o(.text)
    .text                                    0x080012e4   Section        0  _c16rtomb.o(.text)
    .text                                    0x0800132c   Section       74  sys_stackheap_outer.o(.text)
    .text                                    0x08001378   Section       16  rt_ctype_table.o(.text)
    .text                                    0x08001388   Section        8  rt_locale_intlibspace.o(.text)
    .text                                    0x08001390   Section        0  h1_free.o(.text)
    .text                                    0x080013e0   Section        0  _printf_fp_infnan.o(.text)
    .text                                    0x08001460   Section        0  bigflt0.o(.text)
    .text                                    0x08001544   Section        0  setvbuf.o(.text)
    _freopen_locked                          0x0800158d   Thumb Code     0  fopen.o(.text)
    .text                                    0x0800158c   Section        0  fopen.o(.text)
    .text                                    0x0800167c   Section        0  fclose.o(.text)
    .text                                    0x080016c8   Section        0  exit.o(.text)
    .text                                    0x080016da   Section        0  defsig_rtred_outer.o(.text)
    .text                                    0x080016e8   Section       78  rt_memclr_w.o(.text)
    .text                                    0x08001736   Section        0  sys_io.o(.text)
    .text                                    0x0800179c   Section        8  libspace.o(.text)
    .text                                    0x080017a4   Section        8  rt_heap_descriptor_intlibspace.o(.text)
    .text                                    0x080017ac   Section        0  hguard.o(.text)
    .text                                    0x080017b0   Section        0  init_alloc.o(.text)
    .text                                    0x0800183a   Section        0  h1_alloc.o(.text)
    .text                                    0x08001898   Section        0  fseek.o(.text)
    .text                                    0x08001990   Section        0  stdio.o(.text)
    .text                                    0x08001a98   Section        0  defsig_exit.o(.text)
    .text                                    0x08001aa4   Section        0  defsig_rtred_inner.o(.text)
    .text                                    0x08001ad8   Section      124  strcmpv7em.o(.text)
    .text                                    0x08001b54   Section        0  sys_exit.o(.text)
    .text                                    0x08001b60   Section        2  use_no_semi.o(.text)
    .text                                    0x08001b62   Section        0  indicate_semi.o(.text)
    .text                                    0x08001b62   Section        0  maybetermalloc1.o(.text)
    .text                                    0x08001b62   Section        0  h1_init.o(.text)
    .text                                    0x08001b6e   Section        0  h1_extend.o(.text)
    .text                                    0x08001ba2   Section        0  ftell.o(.text)
    .text                                    0x08001be4   Section        0  defsig_general.o(.text)
    .text                                    0x08001c16   Section        0  defsig_rtmem_outer.o(.text)
    .text                                    0x08001c24   Section        0  strlen.o(.text)
    .text                                    0x08001c62   Section        0  sys_wrch.o(.text)
    .text                                    0x08001c70   Section        8  rt_errno_addr_intlibspace.o(.text)
    .text                                    0x08001c78   Section        0  defsig_rtmem_inner.o(.text)
    [Anonymous Symbol]                       0x08001cc8   Section        0  system_stm32f4xx.o(.text.SystemInit)
    [Anonymous Symbol]                       0x08001cdc   Section        0  main.o(.text.USART2_init)
    [Anonymous Symbol]                       0x08001d40   Section        0  main.o(.text.USART2_write)
    [Anonymous Symbol]                       0x08001d6c   Section        0  main.o(.text.delayMs)
    [Anonymous Symbol]                       0x08001da8   Section        0  main.o(.text.fputc)
    [Anonymous Symbol]                       0x08001dc0   Section        0  main.o(.text.main)
    CL$$btod_d2e                             0x08001ef8   Section       62  btod.o(CL$$btod_d2e)
    CL$$btod_d2e_denorm_low                  0x08001f36   Section       70  btod.o(CL$$btod_d2e_denorm_low)
    CL$$btod_d2e_norm_op1                    0x08001f7c   Section       96  btod.o(CL$$btod_d2e_norm_op1)
    CL$$btod_div_common                      0x08001fdc   Section      824  btod.o(CL$$btod_div_common)
    CL$$btod_e2e                             0x08002314   Section      220  btod.o(CL$$btod_e2e)
    CL$$btod_ediv                            0x080023f0   Section       42  btod.o(CL$$btod_ediv)
    CL$$btod_emul                            0x0800241a   Section       42  btod.o(CL$$btod_emul)
    CL$$btod_mult_common                     0x08002444   Section      580  btod.o(CL$$btod_mult_common)
    i.__ARM_fpclassify                       0x08002688   Section        0  fpclassify.o(i.__ARM_fpclassify)
    i._is_digit                              0x080026b8   Section        0  __printf_wp.o(i._is_digit)
    locale$$code                             0x080026c8   Section       44  lc_numeric_c.o(locale$$code)
    locale$$code                             0x080026f4   Section       44  lc_ctype_c.o(locale$$code)
    $v0                                      0x08002720   Number         0  ddiv.o(x$fpl$ddiv)
    x$fpl$ddiv                               0x08002720   Section      692  ddiv.o(x$fpl$ddiv)
    ddiv_entry                               0x08002727   Thumb Code     0  ddiv.o(x$fpl$ddiv)
    $v0                                      0x080029d4   Number         0  dflt_clz.o(x$fpl$dfltu)
    x$fpl$dfltu                              0x080029d4   Section       38  dflt_clz.o(x$fpl$dfltu)
    $v0                                      0x080029fc   Number         0  dmul.o(x$fpl$dmul)
    x$fpl$dmul                               0x080029fc   Section      340  dmul.o(x$fpl$dmul)
    $v0                                      0x08002b50   Number         0  dnaninf.o(x$fpl$dnaninf)
    x$fpl$dnaninf                            0x08002b50   Section      156  dnaninf.o(x$fpl$dnaninf)
    $v0                                      0x08002bec   Number         0  dretinf.o(x$fpl$dretinf)
    x$fpl$dretinf                            0x08002bec   Section       12  dretinf.o(x$fpl$dretinf)
    $v0                                      0x08002bf8   Number         0  fpinit.o(x$fpl$fpinit)
    x$fpl$fpinit                             0x08002bf8   Section       26  fpinit.o(x$fpl$fpinit)
    $v0                                      0x08002c12   Number         0  printf1.o(x$fpl$printf1)
    x$fpl$printf1                            0x08002c12   Section        4  printf1.o(x$fpl$printf1)
    $v0                                      0x08002c16   Number         0  printf2.o(x$fpl$printf2)
    x$fpl$printf2                            0x08002c16   Section        4  printf2.o(x$fpl$printf2)
    x$fpl$usenofp                            0x08002c1a   Section        0  usenofp.o(x$fpl$usenofp)
    initial_mbstate                          0x08002c1c   Data           8  _printf_wctomb.o(.constdata)
    .constdata                               0x08002c1c   Section        8  _printf_wctomb.o(.constdata)
    uc_hextab                                0x08002c24   Data          20  _printf_hex_int_ll_ptr.o(.constdata)
    .constdata                               0x08002c24   Section       40  _printf_hex_int_ll_ptr.o(.constdata)
    lc_hextab                                0x08002c38   Data          20  _printf_hex_int_ll_ptr.o(.constdata)
    maptable                                 0x08002c4c   Data          17  __printf_flags_ss_wp.o(.constdata)
    .constdata                               0x08002c4c   Section       17  __printf_flags_ss_wp.o(.constdata)
    lc_hextab                                0x08002c5d   Data          19  _printf_fp_hex.o(.constdata)
    .constdata                               0x08002c5d   Section       38  _printf_fp_hex.o(.constdata)
    uc_hextab                                0x08002c70   Data          19  _printf_fp_hex.o(.constdata)
    .constdata                               0x08002c83   Section        4  sys_io_names.o(.constdata)
    .constdata                               0x08002c87   Section        4  sys_io_names.o(.constdata)
    .constdata                               0x08002c8b   Section        4  sys_io_names.o(.constdata)
    tenpwrs_x                                0x08002c90   Data          60  bigflt0.o(.constdata)
    .constdata                               0x08002c90   Section      148  bigflt0.o(.constdata)
    tenpwrs_i                                0x08002ccc   Data          64  bigflt0.o(.constdata)
    .L.str                                   0x08002d24   Data          38  main.o(.rodata.str1.1)
    [Anonymous Symbol]                       0x08002d24   Section        0  main.o(.rodata.str1.1)
    .L.str.1                                 0x08002d4a   Data          24  main.o(.rodata.str1.1)
    locale$$data                             0x08002d84   Section       28  lc_numeric_c.o(locale$$data)
    __lcnum_c_name                           0x08002d88   Data           2  lc_numeric_c.o(locale$$data)
    __lcnum_c_start                          0x08002d90   Data           0  lc_numeric_c.o(locale$$data)
    __lcnum_c_point                          0x08002d9c   Data           0  lc_numeric_c.o(locale$$data)
    __lcnum_c_thousands                      0x08002d9e   Data           0  lc_numeric_c.o(locale$$data)
    __lcnum_c_grouping                       0x08002d9f   Data           0  lc_numeric_c.o(locale$$data)
    __lcnum_c_end                            0x08002da0   Data           0  lc_numeric_c.o(locale$$data)
    locale$$data                             0x08002da0   Section      272  lc_ctype_c.o(locale$$data)
    __lcctype_c_name                         0x08002da4   Data           2  lc_ctype_c.o(locale$$data)
    __lcctype_c_start                        0x08002dac   Data           0  lc_ctype_c.o(locale$$data)
    __lcctype_c_end                          0x08002eb0   Data           0  lc_ctype_c.o(locale$$data)
    .data                                    0x20000000   Section        4  stdio_streams.o(.data)
    .data                                    0x20000004   Section        4  stdio_streams.o(.data)
    .data                                    0x20000008   Section        4  stdio_streams.o(.data)
    .bss                                     0x20000010   Section       84  stdio_streams.o(.bss)
    .bss                                     0x20000064   Section       84  stdio_streams.o(.bss)
    .bss                                     0x200000b8   Section       84  stdio_streams.o(.bss)
    .bss                                     0x2000010c   Section       96  libspace.o(.bss)
    Heap_Mem                                 0x20000170   Data         512  startup_stm32f401xe.o(HEAP)
    HEAP                                     0x20000170   Section      512  startup_stm32f401xe.o(HEAP)
    Stack_Mem                                0x20000370   Data        1024  startup_stm32f401xe.o(STACK)
    STACK                                    0x20000370   Section     1024  startup_stm32f401xe.o(STACK)
    __initial_sp                             0x20000770   Data           0  startup_stm32f401xe.o(STACK)

    Global Symbols

    Symbol Name                              Value     Ov Type        Size  Object(Section)

    BuildAttributes$$THM_ISAv4$E$P$D$K$B$S$7EM$VFPi3$EXTD16$VFPS$VFMA$PE$A:L22UL41UL21$X:L11$S22US41US21$IEEE1$IW$~IW$USESV6$~STKCKD$USESV7$~SHL$OTIME$ROPI$IEEEJ$EBA8$UX$STANDARDLIB$REQ8$PRES8$EABIv2 0x00000000   Number         0  anon$$obj.o ABSOLUTE
    _printf_flags                            0x00000000   Number         0  printf_stubs.o ABSOLUTE
    _printf_return_value                     0x00000000   Number         0  printf_stubs.o ABSOLUTE
    _printf_sizespec                         0x00000000   Number         0  printf_stubs.o ABSOLUTE
    _printf_widthprec                        0x00000000   Number         0  printf_stubs.o ABSOLUTE
    __ARM_exceptions_init                     - Undefined Weak Reference
    __alloca_initialize                       - Undefined Weak Reference
    __arm_preinit_                            - Undefined Weak Reference
    __arm_relocate_pie_                       - Undefined Weak Reference
    __cpp_initialize__aeabi_                  - Undefined Weak Reference
    __cxa_finalize                            - Undefined Weak Reference
    __sigvec_lookup                           - Undefined Weak Reference
    __user_heap_extent                        - Undefined Weak Reference
    _atexit_init                              - Undefined Weak Reference
    _call_atexit_fns                          - Undefined Weak Reference
    _clock_init                               - Undefined Weak Reference
    _fp_trap_init                             - Undefined Weak Reference
    _fp_trap_shutdown                         - Undefined Weak Reference
    _get_lc_collate                           - Undefined Weak Reference
    _get_lc_monetary                          - Undefined Weak Reference
    _get_lc_time                              - Undefined Weak Reference
    _getenv_init                              - Undefined Weak Reference
    _handle_redirection                       - Undefined Weak Reference
    _mutex_acquire                            - Undefined Weak Reference
    _mutex_free                               - Undefined Weak Reference
    _mutex_release                            - Undefined Weak Reference
    _printf_mbtowc                            - Undefined Weak Reference
    _printf_wc                                - Undefined Weak Reference
    _rand_init                                - Undefined Weak Reference
    _signal_finish                            - Undefined Weak Reference
    _signal_init                              - Undefined Weak Reference
    __Vectors_Size                           0x00000194   Number         0  startup_stm32f401xe.o ABSOLUTE
    __Vectors                                0x08000000   Data           4  startup_stm32f401xe.o(RESET)
    __Vectors_End                            0x08000194   Data           0  startup_stm32f401xe.o(RESET)
    __main                                   0x08000195   Thumb Code     8  __main.o(!!!main)
    __scatterload                            0x0800019d   Thumb Code     0  __scatter.o(!!!scatter)
    __scatterload_rt2                        0x0800019d   Thumb Code    84  __scatter.o(!!!scatter)
    __scatterload_rt2_thumb_only             0x0800019d   Thumb Code     0  __scatter.o(!!!scatter)
    __scatterload_loop                       0x080001a7   Thumb Code     0  __scatter.o(!!!scatter)
    __scatterload_copy                       0x080001f9   Thumb Code    26  __scatter_copy.o(!!handler_copy)
    __scatterload_null                       0x08000215   Thumb Code     2  __scatter.o(!!handler_null)
    __scatterload_zeroinit                   0x08000219   Thumb Code    28  __scatter_zi.o(!!handler_zi)
    _printf_n                                0x08000235   Thumb Code     0  _printf_n.o(.ARM.Collect$$_printf_percent$$00000001)
    _printf_percent                          0x08000235   Thumb Code     0  _printf_percent.o(.ARM.Collect$$_printf_percent$$00000000)
    _printf_p                                0x0800023b   Thumb Code     0  _printf_p.o(.ARM.Collect$$_printf_percent$$00000002)
    _printf_f                                0x08000241   Thumb Code     0  _printf_f.o(.ARM.Collect$$_printf_percent$$00000003)
    _printf_e                                0x08000247   Thumb Code     0  _printf_e.o(.ARM.Collect$$_printf_percent$$00000004)
    _printf_g                                0x0800024d   Thumb Code     0  _printf_g.o(.ARM.Collect$$_printf_percent$$00000005)
    _printf_a                                0x08000253   Thumb Code     0  _printf_a.o(.ARM.Collect$$_printf_percent$$00000006)
    _printf_ll                               0x08000259   Thumb Code     0  _printf_ll.o(.ARM.Collect$$_printf_percent$$00000007)
    _printf_i                                0x08000263   Thumb Code     0  _printf_i.o(.ARM.Collect$$_printf_percent$$00000008)
    _printf_d                                0x08000269   Thumb Code     0  _printf_d.o(.ARM.Collect$$_printf_percent$$00000009)
    _printf_u                                0x0800026f   Thumb Code     0  _printf_u.o(.ARM.Collect$$_printf_percent$$0000000A)
    _printf_o                                0x08000275   Thumb Code     0  _printf_o.o(.ARM.Collect$$_printf_percent$$0000000B)
    _printf_x                                0x0800027b   Thumb Code     0  _printf_x.o(.ARM.Collect$$_printf_percent$$0000000C)
    _printf_lli                              0x08000281   Thumb Code     0  _printf_lli.o(.ARM.Collect$$_printf_percent$$0000000D)
    _printf_lld                              0x08000287   Thumb Code     0  _printf_lld.o(.ARM.Collect$$_printf_percent$$0000000E)
    _printf_llu                              0x0800028d   Thumb Code     0  _printf_llu.o(.ARM.Collect$$_printf_percent$$0000000F)
    _printf_llo                              0x08000293   Thumb Code     0  _printf_llo.o(.ARM.Collect$$_printf_percent$$00000010)
    _printf_llx                              0x08000299   Thumb Code     0  _printf_llx.o(.ARM.Collect$$_printf_percent$$00000011)
    _printf_l                                0x0800029f   Thumb Code     0  _printf_l.o(.ARM.Collect$$_printf_percent$$00000012)
    _printf_c                                0x080002a9   Thumb Code     0  _printf_c.o(.ARM.Collect$$_printf_percent$$00000013)
    _printf_s                                0x080002af   Thumb Code     0  _printf_s.o(.ARM.Collect$$_printf_percent$$00000014)
    _printf_lc                               0x080002b5   Thumb Code     0  _printf_lc.o(.ARM.Collect$$_printf_percent$$00000015)
    _printf_ls                               0x080002bb   Thumb Code     0  _printf_ls.o(.ARM.Collect$$_printf_percent$$00000016)
    _printf_percent_end                      0x080002c1   Thumb Code     0  _printf_percent_end.o(.ARM.Collect$$_printf_percent$$00000017)
    __rt_lib_init                            0x080002c5   Thumb Code     0  libinit.o(.ARM.Collect$$libinit$$00000000)
    __rt_lib_init_fp_1                       0x080002c7   Thumb Code     0  libinit2.o(.ARM.Collect$$libinit$$00000001)
    __rt_lib_init_heap_2                     0x080002cb   Thumb Code     0  libinit2.o(.ARM.Collect$$libinit$$00000007)
    __rt_lib_init_preinit_1                  0x080002cb   Thumb Code     0  libinit2.o(.ARM.Collect$$libinit$$00000006)
    __rt_lib_init_relocate_pie_1             0x080002cb   Thumb Code     0  libinit2.o(.ARM.Collect$$libinit$$00000004)
    __rt_lib_init_heap_1                     0x080002d3   Thumb Code     0  libinit2.o(.ARM.Collect$$libinit$$0000000C)
    __rt_lib_init_lc_common                  0x080002d3   Thumb Code     0  libinit2.o(.ARM.Collect$$libinit$$00000011)
    __rt_lib_init_rand_1                     0x080002d3   Thumb Code     0  libinit2.o(.ARM.Collect$$libinit$$00000010)
    __rt_lib_init_user_alloc_1               0x080002d3   Thumb Code     0  libinit2.o(.ARM.Collect$$libinit$$0000000E)
    __rt_lib_init_lc_collate_1               0x080002d9   Thumb Code     0  libinit2.o(.ARM.Collect$$libinit$$00000013)
    __rt_lib_init_lc_ctype_2                 0x080002d9   Thumb Code     0  libinit2.o(.ARM.Collect$$libinit$$00000014)
    __rt_lib_init_lc_ctype_1                 0x080002e5   Thumb Code     0  libinit2.o(.ARM.Collect$$libinit$$00000015)
    __rt_lib_init_lc_monetary_1              0x080002e5   Thumb Code     0  libinit2.o(.ARM.Collect$$libinit$$00000017)
    __rt_lib_init_lc_numeric_2               0x080002e5   Thumb Code     0  libinit2.o(.ARM.Collect$$libinit$$00000018)
    __rt_lib_init_atexit_1                   0x080002ef   Thumb Code     0  libinit2.o(.ARM.Collect$$libinit$$0000001D)
    __rt_lib_init_clock_1                    0x080002ef   Thumb Code     0  libinit2.o(.ARM.Collect$$libinit$$00000023)
    __rt_lib_init_fp_trap_1                  0x080002ef   Thumb Code     0  libinit2.o(.ARM.Collect$$libinit$$00000021)
    __rt_lib_init_getenv_1                   0x080002ef   Thumb Code     0  libinit2.o(.ARM.Collect$$libinit$$00000025)
    __rt_lib_init_lc_numeric_1               0x080002ef   Thumb Code     0  libinit2.o(.ARM.Collect$$libinit$$00000019)
    __rt_lib_init_lc_time_1                  0x080002ef   Thumb Code     0  libinit2.o(.ARM.Collect$$libinit$$0000001B)
    __rt_lib_init_signal_1                   0x080002ef   Thumb Code     0  libinit2.o(.ARM.Collect$$libinit$$0000001F)
    __rt_lib_init_stdio_2                    0x080002ef   Thumb Code     0  libinit2.o(.ARM.Collect$$libinit$$00000026)
    __rt_lib_init_alloca_1                   0x080002f3   Thumb Code     0  libinit2.o(.ARM.Collect$$libinit$$00000030)
    __rt_lib_init_argv_1                     0x080002f3   Thumb Code     0  libinit2.o(.ARM.Collect$$libinit$$0000002E)
    __rt_lib_init_cpp_1                      0x080002f3   Thumb Code     0  libinit2.o(.ARM.Collect$$libinit$$00000034)
    __rt_lib_init_exceptions_1               0x080002f3   Thumb Code     0  libinit2.o(.ARM.Collect$$libinit$$00000032)
    __rt_lib_init_return                     0x080002f3   Thumb Code     0  libinit2.o(.ARM.Collect$$libinit$$00000035)
    __rt_lib_init_stdio_1                    0x080002f3   Thumb Code     0  libinit2.o(.ARM.Collect$$libinit$$00000027)
    __rt_lib_shutdown                        0x080002f5   Thumb Code     0  libshutdown.o(.ARM.Collect$$libshutdown$$00000000)
    __rt_lib_shutdown_cpp_1                  0x080002f7   Thumb Code     0  libshutdown2.o(.ARM.Collect$$libshutdown$$00000002)
    __rt_lib_shutdown_stdio_2                0x080002f7   Thumb Code     0  libshutdown2.o(.ARM.Collect$$libshutdown$$00000003)
    __rt_lib_shutdown_fp_trap_1              0x080002fb   Thumb Code     0  libshutdown2.o(.ARM.Collect$$libshutdown$$00000007)
    __rt_lib_shutdown_heap_1                 0x080002fb   Thumb Code     0  libshutdown2.o(.ARM.Collect$$libshutdown$$0000000F)
    __rt_lib_shutdown_return                 0x080002fb   Thumb Code     0  libshutdown2.o(.ARM.Collect$$libshutdown$$00000010)
    __rt_lib_shutdown_signal_1               0x080002fb   Thumb Code     0  libshutdown2.o(.ARM.Collect$$libshutdown$$0000000A)
    __rt_lib_shutdown_stdio_1                0x080002fb   Thumb Code     0  libshutdown2.o(.ARM.Collect$$libshutdown$$00000004)
    __rt_lib_shutdown_user_alloc_1           0x080002fb   Thumb Code     0  libshutdown2.o(.ARM.Collect$$libshutdown$$0000000C)
    __rt_entry                               0x080002fd   Thumb Code     0  __rtentry.o(.ARM.Collect$$rtentry$$00000000)
    __rt_entry_presh_1                       0x080002fd   Thumb Code     0  __rtentry2.o(.ARM.Collect$$rtentry$$00000002)
    __rt_entry_sh                            0x080002fd   Thumb Code     0  __rtentry4.o(.ARM.Collect$$rtentry$$00000004)
    __rt_entry_li                            0x08000303   Thumb Code     0  __rtentry2.o(.ARM.Collect$$rtentry$$0000000A)
    __rt_entry_postsh_1                      0x08000303   Thumb Code     0  __rtentry2.o(.ARM.Collect$$rtentry$$00000009)
    __rt_entry_main                          0x08000307   Thumb Code     0  __rtentry2.o(.ARM.Collect$$rtentry$$0000000D)
    __rt_entry_postli_1                      0x08000307   Thumb Code     0  __rtentry2.o(.ARM.Collect$$rtentry$$0000000C)
    __rt_exit                                0x0800030f   Thumb Code     0  rtexit.o(.ARM.Collect$$rtexit$$00000000)
    __rt_exit_ls                             0x08000311   Thumb Code     0  rtexit2.o(.ARM.Collect$$rtexit$$00000003)
    __rt_exit_prels_1                        0x08000311   Thumb Code     0  rtexit2.o(.ARM.Collect$$rtexit$$00000002)
    __rt_exit_exit                           0x08000315   Thumb Code     0  rtexit2.o(.ARM.Collect$$rtexit$$00000004)
    Reset_Handler                            0x0800031d   Thumb Code     8  startup_stm32f401xe.o(.text)
    NMI_Handler                              0x08000325   Thumb Code     2  startup_stm32f401xe.o(.text)
    HardFault_Handler                        0x08000327   Thumb Code     2  startup_stm32f401xe.o(.text)
    MemManage_Handler                        0x08000329   Thumb Code     2  startup_stm32f401xe.o(.text)
    BusFault_Handler                         0x0800032b   Thumb Code     2  startup_stm32f401xe.o(.text)
    UsageFault_Handler                       0x0800032d   Thumb Code     2  startup_stm32f401xe.o(.text)
    SVC_Handler                              0x0800032f   Thumb Code     2  startup_stm32f401xe.o(.text)
    DebugMon_Handler                         0x08000331   Thumb Code     2  startup_stm32f401xe.o(.text)
    PendSV_Handler                           0x08000333   Thumb Code     2  startup_stm32f401xe.o(.text)
    SysTick_Handler                          0x08000335   Thumb Code     2  startup_stm32f401xe.o(.text)
    ADC_IRQHandler                           0x08000337   Thumb Code     0  startup_stm32f401xe.o(.text)
    DMA1_Stream0_IRQHandler                  0x08000337   Thumb Code     0  startup_stm32f401xe.o(.text)
    DMA1_Stream1_IRQHandler                  0x08000337   Thumb Code     0  startup_stm32f401xe.o(.text)
    DMA1_Stream2_IRQHandler                  0x08000337   Thumb Code     0  startup_stm32f401xe.o(.text)
    DMA1_Stream3_IRQHandler                  0x08000337   Thumb Code     0  startup_stm32f401xe.o(.text)
    DMA1_Stream4_IRQHandler                  0x08000337   Thumb Code     0  startup_stm32f401xe.o(.text)
    DMA1_Stream5_IRQHandler                  0x08000337   Thumb Code     0  startup_stm32f401xe.o(.text)
    DMA1_Stream6_IRQHandler                  0x08000337   Thumb Code     0  startup_stm32f401xe.o(.text)
    DMA1_Stream7_IRQHandler                  0x08000337   Thumb Code     0  startup_stm32f401xe.o(.text)
    DMA2_Stream0_IRQHandler                  0x08000337   Thumb Code     0  startup_stm32f401xe.o(.text)
    DMA2_Stream1_IRQHandler                  0x08000337   Thumb Code     0  startup_stm32f401xe.o(.text)
    DMA2_Stream2_IRQHandler                  0x08000337   Thumb Code     0  startup_stm32f401xe.o(.text)
    DMA2_Stream3_IRQHandler                  0x08000337   Thumb Code     0  startup_stm32f401xe.o(.text)
    DMA2_Stream4_IRQHandler                  0x08000337   Thumb Code     0  startup_stm32f401xe.o(.text)
    DMA2_Stream5_IRQHandler                  0x08000337   Thumb Code     0  startup_stm32f401xe.o(.text)
    DMA2_Stream6_IRQHandler                  0x08000337   Thumb Code     0  startup_stm32f401xe.o(.text)
    DMA2_Stream7_IRQHandler                  0x08000337   Thumb Code     0  startup_stm32f401xe.o(.text)
    EXTI0_IRQHandler                         0x08000337   Thumb Code     0  startup_stm32f401xe.o(.text)
    EXTI15_10_IRQHandler                     0x08000337   Thumb Code     0  startup_stm32f401xe.o(.text)
    EXTI1_IRQHandler                         0x08000337   Thumb Code     0  startup_stm32f401xe.o(.text)
    EXTI2_IRQHandler                         0x08000337   Thumb Code     0  startup_stm32f401xe.o(.text)
    EXTI3_IRQHandler                         0x08000337   Thumb Code     0  startup_stm32f401xe.o(.text)
    EXTI4_IRQHandler                         0x08000337   Thumb Code     0  startup_stm32f401xe.o(.text)
    EXTI9_5_IRQHandler                       0x08000337   Thumb Code     0  startup_stm32f401xe.o(.text)
    FLASH_IRQHandler                         0x08000337   Thumb Code     0  startup_stm32f401xe.o(.text)
    FPU_IRQHandler                           0x08000337   Thumb Code     0  startup_stm32f401xe.o(.text)
    I2C1_ER_IRQHandler                       0x08000337   Thumb Code     0  startup_stm32f401xe.o(.text)
    I2C1_EV_IRQHandler                       0x08000337   Thumb Code     0  startup_stm32f401xe.o(.text)
    I2C2_ER_IRQHandler                       0x08000337   Thumb Code     0  startup_stm32f401xe.o(.text)
    I2C2_EV_IRQHandler                       0x08000337   Thumb Code     0  startup_stm32f401xe.o(.text)
    I2C3_ER_IRQHandler                       0x08000337   Thumb Code     0  startup_stm32f401xe.o(.text)
    I2C3_EV_IRQHandler                       0x08000337   Thumb Code     0  startup_stm32f401xe.o(.text)
    OTG_FS_IRQHandler                        0x08000337   Thumb Code     0  startup_stm32f401xe.o(.text)
    OTG_FS_WKUP_IRQHandler                   0x08000337   Thumb Code     0  startup_stm32f401xe.o(.text)
    PVD_IRQHandler                           0x08000337   Thumb Code     0  startup_stm32f401xe.o(.text)
    RCC_IRQHandler                           0x08000337   Thumb Code     0  startup_stm32f401xe.o(.text)
    RTC_Alarm_IRQHandler                     0x08000337   Thumb Code     0  startup_stm32f401xe.o(.text)
    RTC_WKUP_IRQHandler                      0x08000337   Thumb Code     0  startup_stm32f401xe.o(.text)
    SDIO_IRQHandler                          0x08000337   Thumb Code     0  startup_stm32f401xe.o(.text)
    SPI1_IRQHandler                          0x08000337   Thumb Code     0  startup_stm32f401xe.o(.text)
    SPI2_IRQHandler                          0x08000337   Thumb Code     0  startup_stm32f401xe.o(.text)
    SPI3_IRQHandler                          0x08000337   Thumb Code     0  startup_stm32f401xe.o(.text)
    SPI4_IRQHandler                          0x08000337   Thumb Code     0  startup_stm32f401xe.o(.text)
    TAMP_STAMP_IRQHandler                    0x08000337   Thumb Code     0  startup_stm32f401xe.o(.text)
    TIM1_BRK_TIM9_IRQHandler                 0x08000337   Thumb Code     0  startup_stm32f401xe.o(.text)
    TIM1_CC_IRQHandler                       0x08000337   Thumb Code     0  startup_stm32f401xe.o(.text)
    TIM1_TRG_COM_TIM11_IRQHandler            0x08000337   Thumb Code     0  startup_stm32f401xe.o(.text)
    TIM1_UP_TIM10_IRQHandler                 0x08000337   Thumb Code     0  startup_stm32f401xe.o(.text)
    TIM2_IRQHandler                          0x08000337   Thumb Code     0  startup_stm32f401xe.o(.text)
    TIM3_IRQHandler                          0x08000337   Thumb Code     0  startup_stm32f401xe.o(.text)
    TIM4_IRQHandler                          0x08000337   Thumb Code     0  startup_stm32f401xe.o(.text)
    TIM5_IRQHandler                          0x08000337   Thumb Code     0  startup_stm32f401xe.o(.text)
    USART1_IRQHandler                        0x08000337   Thumb Code     0  startup_stm32f401xe.o(.text)
    USART2_IRQHandler                        0x08000337   Thumb Code     0  startup_stm32f401xe.o(.text)
    USART6_IRQHandler                        0x08000337   Thumb Code     0  startup_stm32f401xe.o(.text)
    WWDG_IRQHandler                          0x08000337   Thumb Code     0  startup_stm32f401xe.o(.text)
    __user_initial_stackheap                 0x08000339   Thumb Code     0  startup_stm32f401xe.o(.text)
    printf                                   0x0800035d   Thumb Code    20  printf.o(.text)
    __use_two_region_memory                  0x08000375   Thumb Code     2  heapauxi.o(.text)
    __rt_heap_escrow                         0x08000377   Thumb Code     2  heapauxi.o(.text)
    __rt_heap_expand                         0x08000379   Thumb Code     2  heapauxi.o(.text)
    _printf_pre_padding                      0x0800037b   Thumb Code    44  _printf_pad.o(.text)
    _printf_post_padding                     0x080003a7   Thumb Code    34  _printf_pad.o(.text)
    _printf_truncate_signed                  0x080003c9   Thumb Code    18  _printf_truncate.o(.text)
    _printf_truncate_unsigned                0x080003db   Thumb Code    18  _printf_truncate.o(.text)
    _printf_str                              0x080003ed   Thumb Code    82  _printf_str.o(.text)
    _printf_int_dec                          0x08000441   Thumb Code   104  _printf_dec.o(.text)
    _printf_charcount                        0x080004b9   Thumb Code    40  _printf_charcount.o(.text)
    _printf_char_file                        0x080004e1   Thumb Code    32  _printf_char_file.o(.text)
    _printf_wctomb                           0x08000505   Thumb Code   182  _printf_wctomb.o(.text)
    _printf_longlong_dec                     0x080005c1   Thumb Code   108  _printf_longlong_dec.o(.text)
    _printf_longlong_oct                     0x0800063d   Thumb Code    68  _printf_oct_int_ll.o(.text)
    _printf_int_oct                          0x08000681   Thumb Code    24  _printf_oct_int_ll.o(.text)
    _printf_ll_oct                           0x08000699   Thumb Code    12  _printf_oct_int_ll.o(.text)
    _printf_longlong_hex                     0x080006ad   Thumb Code    86  _printf_hex_int_ll_ptr.o(.text)
    _printf_int_hex                          0x08000703   Thumb Code    28  _printf_hex_int_ll_ptr.o(.text)
    _printf_ll_hex                           0x0800071f   Thumb Code    12  _printf_hex_int_ll_ptr.o(.text)
    _printf_hex_ptr                          0x0800072b   Thumb Code    18  _printf_hex_int_ll_ptr.o(.text)
    __printf                                 0x08000741   Thumb Code   388  __printf_flags_ss_wp.o(.text)
    _ll_udiv10                               0x080008c9   Thumb Code   138  lludiv10.o(.text)
    _printf_int_common                       0x08000953   Thumb Code   178  _printf_intcommon.o(.text)
    _printf_fp_dec_real                      0x08000bb5   Thumb Code   620  _printf_fp_dec.o(.text)
    _printf_fp_hex_real                      0x08000e21   Thumb Code   756  _printf_fp_hex.o(.text)
    _printf_char_common                      0x08001127   Thumb Code    32  _printf_char_common.o(.text)
    _printf_cs_common                        0x0800114d   Thumb Code    20  _printf_char.o(.text)
    _printf_char                             0x08001161   Thumb Code    16  _printf_char.o(.text)
    _printf_string                           0x08001171   Thumb Code     8  _printf_char.o(.text)
    _printf_lcs_common                       0x08001179   Thumb Code    20  _printf_wchar.o(.text)
    _printf_wchar                            0x0800118d   Thumb Code    16  _printf_wchar.o(.text)
    _printf_wstring                          0x0800119d   Thumb Code     8  _printf_wchar.o(.text)
    ferror                                   0x080011a5   Thumb Code     8  ferror.o(.text)
    _initio                                  0x080011ad   Thumb Code   210  initio.o(.text)
    _terminateio                             0x0800127f   Thumb Code    56  initio.o(.text)
    _c16rtomb                                0x080012e5   Thumb Code    72  _c16rtomb.o(.text)
    _wcrtomb                                 0x080012e5   Thumb Code     0  _c16rtomb.o(.text)
    __user_setup_stackheap                   0x0800132d   Thumb Code    74  sys_stackheap_outer.o(.text)
    __rt_ctype_table                         0x08001379   Thumb Code    16  rt_ctype_table.o(.text)
    __rt_locale                              0x08001389   Thumb Code     8  rt_locale_intlibspace.o(.text)
    free                                     0x08001391   Thumb Code    78  h1_free.o(.text)
    _printf_fp_infnan                        0x080013e1   Thumb Code   112  _printf_fp_infnan.o(.text)
    _btod_etento                             0x08001461   Thumb Code   224  bigflt0.o(.text)
    setvbuf                                  0x08001545   Thumb Code    70  setvbuf.o(.text)
    freopen                                  0x0800158d   Thumb Code   160  fopen.o(.text)
    fopen                                    0x0800162d   Thumb Code    74  fopen.o(.text)
    _fclose_internal                         0x0800167d   Thumb Code    76  fclose.o(.text)
    fclose                                   0x0800167d   Thumb Code     0  fclose.o(.text)
    exit                                     0x080016c9   Thumb Code    18  exit.o(.text)
    __rt_SIGRTRED                            0x080016db   Thumb Code    14  defsig_rtred_outer.o(.text)
    __aeabi_memclr4                          0x080016e9   Thumb Code     0  rt_memclr_w.o(.text)
    __aeabi_memclr8                          0x080016e9   Thumb Code     0  rt_memclr_w.o(.text)
    __rt_memclr_w                            0x080016e9   Thumb Code     0  rt_memclr_w.o(.text)
    _memset_w                                0x080016ed   Thumb Code    74  rt_memclr_w.o(.text)
    _sys_open                                0x08001737   Thumb Code    20  sys_io.o(.text)
    _sys_close                               0x0800174b   Thumb Code    12  sys_io.o(.text)
    _sys_write                               0x08001757   Thumb Code    16  sys_io.o(.text)
    _sys_read                                0x08001767   Thumb Code    14  sys_io.o(.text)
    _sys_istty                               0x08001775   Thumb Code    12  sys_io.o(.text)
    _sys_seek                                0x08001781   Thumb Code    14  sys_io.o(.text)
    _sys_ensure                              0x0800178f   Thumb Code     2  sys_io.o(.text)
    _sys_flen                                0x08001791   Thumb Code    12  sys_io.o(.text)
    __user_libspace                          0x0800179d   Thumb Code     8  libspace.o(.text)
    __user_perproc_libspace                  0x0800179d   Thumb Code     0  libspace.o(.text)
    __user_perthread_libspace                0x0800179d   Thumb Code     0  libspace.o(.text)
    __rt_heap_descriptor                     0x080017a5   Thumb Code     8  rt_heap_descriptor_intlibspace.o(.text)
    __use_no_heap                            0x080017ad   Thumb Code     2  hguard.o(.text)
    __heap$guard                             0x080017af   Thumb Code     2  hguard.o(.text)
    _terminate_user_alloc                    0x080017b1   Thumb Code     2  init_alloc.o(.text)
    _init_user_alloc                         0x080017b3   Thumb Code     2  init_alloc.o(.text)
    __Heap_Full                              0x080017b5   Thumb Code    34  init_alloc.o(.text)
    __Heap_Broken                            0x080017d7   Thumb Code     6  init_alloc.o(.text)
    _init_alloc                              0x080017dd   Thumb Code    94  init_alloc.o(.text)
    malloc                                   0x0800183b   Thumb Code    94  h1_alloc.o(.text)
    _fseek                                   0x08001899   Thumb Code   242  fseek.o(.text)
    fseek                                    0x08001899   Thumb Code     0  fseek.o(.text)
    _seterr                                  0x08001991   Thumb Code    20  stdio.o(.text)
    _writebuf                                0x080019a5   Thumb Code   108  stdio.o(.text)
    _fflush                                  0x08001a11   Thumb Code    70  stdio.o(.text)
    _deferredlazyseek                        0x08001a57   Thumb Code    60  stdio.o(.text)
    __sig_exit                               0x08001a99   Thumb Code    10  defsig_exit.o(.text)
    __rt_SIGRTRED_inner                      0x08001aa5   Thumb Code    14  defsig_rtred_inner.o(.text)
    strcmp                                   0x08001ad9   Thumb Code   124  strcmpv7em.o(.text)
    _sys_exit                                0x08001b55   Thumb Code     8  sys_exit.o(.text)
    __I$use$semihosting                      0x08001b61   Thumb Code     0  use_no_semi.o(.text)
    __use_no_semihosting_swi                 0x08001b61   Thumb Code     2  use_no_semi.o(.text)
    __Heap_Initialize                        0x08001b63   Thumb Code     8  h1_init.o(.text)
    __semihosting_library_function           0x08001b63   Thumb Code     0  indicate_semi.o(.text)
    _maybe_terminate_alloc                   0x08001b63   Thumb Code     0  maybetermalloc1.o(.text)
    __Heap_DescSize                          0x08001b6b   Thumb Code     4  h1_init.o(.text)
    __Heap_ProvideMemory                     0x08001b6f   Thumb Code    52  h1_extend.o(.text)
    _ftell_internal                          0x08001ba3   Thumb Code    66  ftell.o(.text)
    ftell                                    0x08001ba3   Thumb Code     0  ftell.o(.text)
    __default_signal_display                 0x08001be5   Thumb Code    50  defsig_general.o(.text)
    __rt_SIGRTMEM                            0x08001c17   Thumb Code    14  defsig_rtmem_outer.o(.text)
    strlen                                   0x08001c25   Thumb Code    62  strlen.o(.text)
    _ttywrch                                 0x08001c63   Thumb Code    14  sys_wrch.o(.text)
    __aeabi_errno_addr                       0x08001c71   Thumb Code     8  rt_errno_addr_intlibspace.o(.text)
    __errno$intlibspace                      0x08001c71   Thumb Code     0  rt_errno_addr_intlibspace.o(.text)
    __rt_errno_addr$intlibspace              0x08001c71   Thumb Code     0  rt_errno_addr_intlibspace.o(.text)
    __rt_SIGRTMEM_inner                      0x08001c79   Thumb Code    22  defsig_rtmem_inner.o(.text)
    SystemInit                               0x08001cc9   Thumb Code    18  system_stm32f4xx.o(.text.SystemInit)
    USART2_init                              0x08001cdd   Thumb Code    98  main.o(.text.USART2_init)
    USART2_write                             0x08001d41   Thumb Code    44  main.o(.text.USART2_write)
    delayMs                                  0x08001d6d   Thumb Code    58  main.o(.text.delayMs)
    fputc                                    0x08001da9   Thumb Code    18  main.o(.text.fputc)
    main                                     0x08001dc1   Thumb Code   288  main.o(.text.main)
    _btod_d2e                                0x08001ef9   Thumb Code    62  btod.o(CL$$btod_d2e)
    _d2e_denorm_low                          0x08001f37   Thumb Code    70  btod.o(CL$$btod_d2e_denorm_low)
    _d2e_norm_op1                            0x08001f7d   Thumb Code    96  btod.o(CL$$btod_d2e_norm_op1)
    __btod_div_common                        0x08001fdd   Thumb Code   696  btod.o(CL$$btod_div_common)
    _e2e                                     0x08002315   Thumb Code   220  btod.o(CL$$btod_e2e)
    _btod_ediv                               0x080023f1   Thumb Code    42  btod.o(CL$$btod_ediv)
    _btod_emul                               0x0800241b   Thumb Code    42  btod.o(CL$$btod_emul)
    __btod_mult_common                       0x08002445   Thumb Code   580  btod.o(CL$$btod_mult_common)
    __ARM_fpclassify                         0x08002689   Thumb Code    48  fpclassify.o(i.__ARM_fpclassify)
    _is_digit                                0x080026b9   Thumb Code    14  __printf_wp.o(i._is_digit)
    _get_lc_numeric                          0x080026c9   Thumb Code    44  lc_numeric_c.o(locale$$code)
    _get_lc_ctype                            0x080026f5   Thumb Code    44  lc_ctype_c.o(locale$$code)
    __aeabi_ddiv                             0x08002721   Thumb Code     0  ddiv.o(x$fpl$ddiv)
    _ddiv                                    0x08002721   Thumb Code   556  ddiv.o(x$fpl$ddiv)
    __aeabi_ui2d                             0x080029d5   Thumb Code     0  dflt_clz.o(x$fpl$dfltu)
    _dfltu                                   0x080029d5   Thumb Code    38  dflt_clz.o(x$fpl$dfltu)
    __aeabi_dmul                             0x080029fd   Thumb Code     0  dmul.o(x$fpl$dmul)
    _dmul                                    0x080029fd   Thumb Code   332  dmul.o(x$fpl$dmul)
    __fpl_dnaninf                            0x08002b51   Thumb Code   156  dnaninf.o(x$fpl$dnaninf)
    __fpl_dretinf                            0x08002bed   Thumb Code    12  dretinf.o(x$fpl$dretinf)
    _fp_init                                 0x08002bf9   Thumb Code    26  fpinit.o(x$fpl$fpinit)
    __fplib_config_fpu_vfp                   0x08002c11   Thumb Code     0  fpinit.o(x$fpl$fpinit)
    __fplib_config_pureend_doubles           0x08002c11   Thumb Code     0  fpinit.o(x$fpl$fpinit)
    _printf_fp_dec                           0x08002c13   Thumb Code     4  printf1.o(x$fpl$printf1)
    _printf_fp_hex                           0x08002c17   Thumb Code     4  printf2.o(x$fpl$printf2)
    __I$use$fp                               0x08002c1a   Number         0  usenofp.o(x$fpl$usenofp)
    __stdin_name                             0x08002c83   Data           4  sys_io_names.o(.constdata)
    __stdout_name                            0x08002c87   Data           4  sys_io_names.o(.constdata)
    __stderr_name                            0x08002c8b   Data           4  sys_io_names.o(.constdata)
    Region$$Table$$Base                      0x08002d64   Number         0  anon$$obj.o(Region$$Table)
    Region$$Table$$Limit                     0x08002d84   Number         0  anon$$obj.o(Region$$Table)
    __ctype                                  0x08002dad   Data           0  lc_ctype_c.o(locale$$data)
    __aeabi_stdin                            0x20000000   Data           4  stdio_streams.o(.data)
    __aeabi_stdout                           0x20000004   Data           4  stdio_streams.o(.data)
    __aeabi_stderr                           0x20000008   Data           4  stdio_streams.o(.data)
    __stdin                                  0x20000010   Data          84  stdio_streams.o(.bss)
    __stdout                                 0x20000064   Data          84  stdio_streams.o(.bss)
    __stderr                                 0x200000b8   Data          84  stdio_streams.o(.bss)
    __libspace_start                         0x2000010c   Data          96  libspace.o(.bss)
    __temporary_stack_top$libspace           0x2000016c   Data           0  libspace.o(.bss)



==============================================================================

Memory Map of the image

  Image Entry point : 0x0800031d

  Load Region LR_1 (Base: 0x08000000, Size: 0x00002ebc, Max: 0xffffffff, ABSOLUTE)

    Execution Region ER_RO (Exec base: 0x08000000, Load base: 0x08000000, Size: 0x00002eb0, Max: 0xffffffff, ABSOLUTE)

    Exec Addr    Load Addr    Size         Type   Attr      Idx    E Section Name        Object

    0x08000000   0x08000000   0x00000194   Data   RO          580    RESET               startup_stm32f401xe.o
    0x08000194   0x08000194   0x00000008   Code   RO          609  * !!!main             c_w.l(__main.o)
    0x0800019c   0x0800019c   0x0000005c   Code   RO         1129    !!!scatter          c_w.l(__scatter.o)
    0x080001f8   0x080001f8   0x0000001a   Code   RO         1133    !!handler_copy      c_w.l(__scatter_copy.o)
    0x08000212   0x08000212   0x00000002   PAD
    0x08000214   0x08000214   0x00000002   Code   RO         1130    !!handler_null      c_w.l(__scatter.o)
    0x08000216   0x08000216   0x00000002   PAD
    0x08000218   0x08000218   0x0000001c   Code   RO         1135    !!handler_zi        c_w.l(__scatter_zi.o)
    0x08000234   0x08000234   0x00000000   Code   RO          707    .ARM.Collect$$_printf_percent$$00000000  c_w.l(_printf_percent.o)
    0x08000234   0x08000234   0x00000006   Code   RO          696    .ARM.Collect$$_printf_percent$$00000001  c_w.l(_printf_n.o)
    0x0800023a   0x0800023a   0x00000006   Code   RO          698    .ARM.Collect$$_printf_percent$$00000002  c_w.l(_printf_p.o)
    0x08000240   0x08000240   0x00000006   Code   RO          703    .ARM.Collect$$_printf_percent$$00000003  c_w.l(_printf_f.o)
    0x08000246   0x08000246   0x00000006   Code   RO          704    .ARM.Collect$$_printf_percent$$00000004  c_w.l(_printf_e.o)
    0x0800024c   0x0800024c   0x00000006   Code   RO          705    .ARM.Collect$$_printf_percent$$00000005  c_w.l(_printf_g.o)
    0x08000252   0x08000252   0x00000006   Code   RO          706    .ARM.Collect$$_printf_percent$$00000006  c_w.l(_printf_a.o)
    0x08000258   0x08000258   0x0000000a   Code   RO          711    .ARM.Collect$$_printf_percent$$00000007  c_w.l(_printf_ll.o)
    0x08000262   0x08000262   0x00000006   Code   RO          700    .ARM.Collect$$_printf_percent$$00000008  c_w.l(_printf_i.o)
    0x08000268   0x08000268   0x00000006   Code   RO          701    .ARM.Collect$$_printf_percent$$00000009  c_w.l(_printf_d.o)
    0x0800026e   0x0800026e   0x00000006   Code   RO          702    .ARM.Collect$$_printf_percent$$0000000A  c_w.l(_printf_u.o)
    0x08000274   0x08000274   0x00000006   Code   RO          699    .ARM.Collect$$_printf_percent$$0000000B  c_w.l(_printf_o.o)
    0x0800027a   0x0800027a   0x00000006   Code   RO          697    .ARM.Collect$$_printf_percent$$0000000C  c_w.l(_printf_x.o)
    0x08000280   0x08000280   0x00000006   Code   RO          708    .ARM.Collect$$_printf_percent$$0000000D  c_w.l(_printf_lli.o)
    0x08000286   0x08000286   0x00000006   Code   RO          709    .ARM.Collect$$_printf_percent$$0000000E  c_w.l(_printf_lld.o)
    0x0800028c   0x0800028c   0x00000006   Code   RO          710    .ARM.Collect$$_printf_percent$$0000000F  c_w.l(_printf_llu.o)
    0x08000292   0x08000292   0x00000006   Code   RO          715    .ARM.Collect$$_printf_percent$$00000010  c_w.l(_printf_llo.o)
    0x08000298   0x08000298   0x00000006   Code   RO          716    .ARM.Collect$$_printf_percent$$00000011  c_w.l(_printf_llx.o)
    0x0800029e   0x0800029e   0x0000000a   Code   RO          712    .ARM.Collect$$_printf_percent$$00000012  c_w.l(_printf_l.o)
    0x080002a8   0x080002a8   0x00000006   Code   RO          694    .ARM.Collect$$_printf_percent$$00000013  c_w.l(_printf_c.o)
    0x080002ae   0x080002ae   0x00000006   Code   RO          695    .ARM.Collect$$_printf_percent$$00000014  c_w.l(_printf_s.o)
    0x080002b4   0x080002b4   0x00000006   Code   RO          713    .ARM.Collect$$_printf_percent$$00000015  c_w.l(_printf_lc.o)
    0x080002ba   0x080002ba   0x00000006   Code   RO          714    .ARM.Collect$$_printf_percent$$00000016  c_w.l(_printf_ls.o)
    0x080002c0   0x080002c0   0x00000004   Code   RO          770    .ARM.Collect$$_printf_percent$$00000017  c_w.l(_printf_percent_end.o)
    0x080002c4   0x080002c4   0x00000002   Code   RO          913    .ARM.Collect$$libinit$$00000000  c_w.l(libinit.o)
    0x080002c6   0x080002c6   0x00000004   Code   RO          914    .ARM.Collect$$libinit$$00000001  c_w.l(libinit2.o)
    0x080002ca   0x080002ca   0x00000000   Code   RO          917    .ARM.Collect$$libinit$$00000004  c_w.l(libinit2.o)
    0x080002ca   0x080002ca   0x00000000   Code   RO          919    .ARM.Collect$$libinit$$00000006  c_w.l(libinit2.o)
    0x080002ca   0x080002ca   0x00000008   Code   RO          920    .ARM.Collect$$libinit$$00000007  c_w.l(libinit2.o)
    0x080002d2   0x080002d2   0x00000000   Code   RO          922    .ARM.Collect$$libinit$$0000000C  c_w.l(libinit2.o)
    0x080002d2   0x080002d2   0x00000000   Code   RO          924    .ARM.Collect$$libinit$$0000000E  c_w.l(libinit2.o)
    0x080002d2   0x080002d2   0x00000000   Code   RO          926    .ARM.Collect$$libinit$$00000010  c_w.l(libinit2.o)
    0x080002d2   0x080002d2   0x00000006   Code   RO          927    .ARM.Collect$$libinit$$00000011  c_w.l(libinit2.o)
    0x080002d8   0x080002d8   0x00000000   Code   RO          929    .ARM.Collect$$libinit$$00000013  c_w.l(libinit2.o)
    0x080002d8   0x080002d8   0x0000000c   Code   RO          930    .ARM.Collect$$libinit$$00000014  c_w.l(libinit2.o)
    0x080002e4   0x080002e4   0x00000000   Code   RO          931    .ARM.Collect$$libinit$$00000015  c_w.l(libinit2.o)
    0x080002e4   0x080002e4   0x00000000   Code   RO          933    .ARM.Collect$$libinit$$00000017  c_w.l(libinit2.o)
    0x080002e4   0x080002e4   0x0000000a   Code   RO          934    .ARM.Collect$$libinit$$00000018  c_w.l(libinit2.o)
    0x080002ee   0x080002ee   0x00000000   Code   RO          935    .ARM.Collect$$libinit$$00000019  c_w.l(libinit2.o)
    0x080002ee   0x080002ee   0x00000000   Code   RO          937    .ARM.Collect$$libinit$$0000001B  c_w.l(libinit2.o)
    0x080002ee   0x080002ee   0x00000000   Code   RO          939    .ARM.Collect$$libinit$$0000001D  c_w.l(libinit2.o)
    0x080002ee   0x080002ee   0x00000000   Code   RO          941    .ARM.Collect$$libinit$$0000001F  c_w.l(libinit2.o)
    0x080002ee   0x080002ee   0x00000000   Code   RO          943    .ARM.Collect$$libinit$$00000021  c_w.l(libinit2.o)
    0x080002ee   0x080002ee   0x00000000   Code   RO          945    .ARM.Collect$$libinit$$00000023  c_w.l(libinit2.o)
    0x080002ee   0x080002ee   0x00000000   Code   RO          947    .ARM.Collect$$libinit$$00000025  c_w.l(libinit2.o)
    0x080002ee   0x080002ee   0x00000004   Code   RO          948    .ARM.Collect$$libinit$$00000026  c_w.l(libinit2.o)
    0x080002f2   0x080002f2   0x00000000   Code   RO          949    .ARM.Collect$$libinit$$00000027  c_w.l(libinit2.o)
    0x080002f2   0x080002f2   0x00000000   Code   RO          953    .ARM.Collect$$libinit$$0000002E  c_w.l(libinit2.o)
    0x080002f2   0x080002f2   0x00000000   Code   RO          955    .ARM.Collect$$libinit$$00000030  c_w.l(libinit2.o)
    0x080002f2   0x080002f2   0x00000000   Code   RO          957    .ARM.Collect$$libinit$$00000032  c_w.l(libinit2.o)
    0x080002f2   0x080002f2   0x00000000   Code   RO          959    .ARM.Collect$$libinit$$00000034  c_w.l(libinit2.o)
    0x080002f2   0x080002f2   0x00000002   Code   RO          960    .ARM.Collect$$libinit$$00000035  c_w.l(libinit2.o)
    0x080002f4   0x080002f4   0x00000002   Code   RO         1110    .ARM.Collect$$libshutdown$$00000000  c_w.l(libshutdown.o)
    0x080002f6   0x080002f6   0x00000000   Code   RO          962    .ARM.Collect$$libshutdown$$00000002  c_w.l(libshutdown2.o)
    0x080002f6   0x080002f6   0x00000004   Code   RO          963    .ARM.Collect$$libshutdown$$00000003  c_w.l(libshutdown2.o)
    0x080002fa   0x080002fa   0x00000000   Code   RO          964    .ARM.Collect$$libshutdown$$00000004  c_w.l(libshutdown2.o)
    0x080002fa   0x080002fa   0x00000000   Code   RO          967    .ARM.Collect$$libshutdown$$00000007  c_w.l(libshutdown2.o)
    0x080002fa   0x080002fa   0x00000000   Code   RO          970    .ARM.Collect$$libshutdown$$0000000A  c_w.l(libshutdown2.o)
    0x080002fa   0x080002fa   0x00000000   Code   RO          972    .ARM.Collect$$libshutdown$$0000000C  c_w.l(libshutdown2.o)
    0x080002fa   0x080002fa   0x00000000   Code   RO          975    .ARM.Collect$$libshutdown$$0000000F  c_w.l(libshutdown2.o)
    0x080002fa   0x080002fa   0x00000002   Code   RO          976    .ARM.Collect$$libshutdown$$00000010  c_w.l(libshutdown2.o)
    0x080002fc   0x080002fc   0x00000000   Code   RO          623    .ARM.Collect$$rtentry$$00000000  c_w.l(__rtentry.o)
    0x080002fc   0x080002fc   0x00000000   Code   RO          737    .ARM.Collect$$rtentry$$00000002  c_w.l(__rtentry2.o)
    0x080002fc   0x080002fc   0x00000006   Code   RO          749    .ARM.Collect$$rtentry$$00000004  c_w.l(__rtentry4.o)
    0x08000302   0x08000302   0x00000000   Code   RO          739    .ARM.Collect$$rtentry$$00000009  c_w.l(__rtentry2.o)
    0x08000302   0x08000302   0x00000004   Code   RO          740    .ARM.Collect$$rtentry$$0000000A  c_w.l(__rtentry2.o)
    0x08000306   0x08000306   0x00000000   Code   RO          742    .ARM.Collect$$rtentry$$0000000C  c_w.l(__rtentry2.o)
    0x08000306   0x08000306   0x00000008   Code   RO          743    .ARM.Collect$$rtentry$$0000000D  c_w.l(__rtentry2.o)
    0x0800030e   0x0800030e   0x00000002   Code   RO          988    .ARM.Collect$$rtexit$$00000000  c_w.l(rtexit.o)
    0x08000310   0x08000310   0x00000000   Code   RO         1048    .ARM.Collect$$rtexit$$00000002  c_w.l(rtexit2.o)
    0x08000310   0x08000310   0x00000004   Code   RO         1049    .ARM.Collect$$rtexit$$00000003  c_w.l(rtexit2.o)
    0x08000314   0x08000314   0x00000006   Code   RO         1050    .ARM.Collect$$rtexit$$00000004  c_w.l(rtexit2.o)
    0x0800031a   0x0800031a   0x00000002   PAD
    0x0800031c   0x0800031c   0x00000040   Code   RO          581  * .text               startup_stm32f401xe.o
    0x0800035c   0x0800035c   0x00000018   Code   RO          605    .text               c_w.l(printf.o)
    0x08000374   0x08000374   0x00000006   Code   RO          607    .text               c_w.l(heapauxi.o)
    0x0800037a   0x0800037a   0x0000004e   Code   RO          630    .text               c_w.l(_printf_pad.o)
    0x080003c8   0x080003c8   0x00000024   Code   RO          632    .text               c_w.l(_printf_truncate.o)
    0x080003ec   0x080003ec   0x00000052   Code   RO          634    .text               c_w.l(_printf_str.o)
    0x0800043e   0x0800043e   0x00000002   PAD
    0x08000440   0x08000440   0x00000078   Code   RO          636    .text               c_w.l(_printf_dec.o)
    0x080004b8   0x080004b8   0x00000028   Code   RO          638    .text               c_w.l(_printf_charcount.o)
    0x080004e0   0x080004e0   0x00000024   Code   RO          640    .text               c_w.l(_printf_char_file.o)
    0x08000504   0x08000504   0x000000bc   Code   RO          642    .text               c_w.l(_printf_wctomb.o)
    0x080005c0   0x080005c0   0x0000007c   Code   RO          645    .text               c_w.l(_printf_longlong_dec.o)
    0x0800063c   0x0800063c   0x00000070   Code   RO          651    .text               c_w.l(_printf_oct_int_ll.o)
    0x080006ac   0x080006ac   0x00000094   Code   RO          671    .text               c_w.l(_printf_hex_int_ll_ptr.o)
    0x08000740   0x08000740   0x00000188   Code   RO          691    .text               c_w.l(__printf_flags_ss_wp.o)
    0x080008c8   0x080008c8   0x0000008a   Code   RO          753    .text               c_w.l(lludiv10.o)
    0x08000952   0x08000952   0x000000b2   Code   RO          755    .text               c_w.l(_printf_intcommon.o)
    0x08000a04   0x08000a04   0x0000041c   Code   RO          757    .text               c_w.l(_printf_fp_dec.o)
    0x08000e20   0x08000e20   0x000002fc   Code   RO          761    .text               c_w.l(_printf_fp_hex.o)
    0x0800111c   0x0800111c   0x00000030   Code   RO          764    .text               c_w.l(_printf_char_common.o)
    0x0800114c   0x0800114c   0x0000002c   Code   RO          766    .text               c_w.l(_printf_char.o)
    0x08001178   0x08001178   0x0000002c   Code   RO          768    .text               c_w.l(_printf_wchar.o)
    0x080011a4   0x080011a4   0x00000008   Code   RO          771    .text               c_w.l(ferror.o)
    0x080011ac   0x080011ac   0x00000138   Code   RO          773    .text               c_w.l(initio.o)
    0x080012e4   0x080012e4   0x00000048   Code   RO          779    .text               c_w.l(_c16rtomb.o)
    0x0800132c   0x0800132c   0x0000004a   Code   RO          786    .text               c_w.l(sys_stackheap_outer.o)
    0x08001376   0x08001376   0x00000002   PAD
    0x08001378   0x08001378   0x00000010   Code   RO          788    .text               c_w.l(rt_ctype_table.o)
    0x08001388   0x08001388   0x00000008   Code   RO          793    .text               c_w.l(rt_locale_intlibspace.o)
    0x08001390   0x08001390   0x0000004e   Code   RO          797    .text               c_w.l(h1_free.o)
    0x080013de   0x080013de   0x00000002   PAD
    0x080013e0   0x080013e0   0x00000080   Code   RO          851    .text               c_w.l(_printf_fp_infnan.o)
    0x08001460   0x08001460   0x000000e4   Code   RO          855    .text               c_w.l(bigflt0.o)
    0x08001544   0x08001544   0x00000046   Code   RO          882    .text               c_w.l(setvbuf.o)
    0x0800158a   0x0800158a   0x00000002   PAD
    0x0800158c   0x0800158c   0x000000f0   Code   RO          885    .text               c_w.l(fopen.o)
    0x0800167c   0x0800167c   0x0000004c   Code   RO          887    .text               c_w.l(fclose.o)
    0x080016c8   0x080016c8   0x00000012   Code   RO          896    .text               c_w.l(exit.o)
    0x080016da   0x080016da   0x0000000e   Code   RO          902    .text               c_w.l(defsig_rtred_outer.o)
    0x080016e8   0x080016e8   0x0000004e   Code   RO          906    .text               c_w.l(rt_memclr_w.o)
    0x08001736   0x08001736   0x00000066   Code   RO          981    .text               c_w.l(sys_io.o)
    0x0800179c   0x0800179c   0x00000008   Code   RO          985    .text               c_w.l(libspace.o)
    0x080017a4   0x080017a4   0x00000008   Code   RO          995    .text               c_w.l(rt_heap_descriptor_intlibspace.o)
    0x080017ac   0x080017ac   0x00000004   Code   RO          997    .text               c_w.l(hguard.o)
    0x080017b0   0x080017b0   0x0000008a   Code   RO          999    .text               c_w.l(init_alloc.o)
    0x0800183a   0x0800183a   0x0000005e   Code   RO         1005    .text               c_w.l(h1_alloc.o)
    0x08001898   0x08001898   0x000000f8   Code   RO         1019    .text               c_w.l(fseek.o)
    0x08001990   0x08001990   0x00000108   Code   RO         1021    .text               c_w.l(stdio.o)
    0x08001a98   0x08001a98   0x0000000a   Code   RO         1026    .text               c_w.l(defsig_exit.o)
    0x08001aa2   0x08001aa2   0x00000002   PAD
    0x08001aa4   0x08001aa4   0x00000034   Code   RO         1030    .text               c_w.l(defsig_rtred_inner.o)
    0x08001ad8   0x08001ad8   0x0000007c   Code   RO         1034    .text               c_w.l(strcmpv7em.o)
    0x08001b54   0x08001b54   0x0000000c   Code   RO         1040    .text               c_w.l(sys_exit.o)
    0x08001b60   0x08001b60   0x00000002   Code   RO         1044    .text               c_w.l(use_no_semi.o)
    0x08001b62   0x08001b62   0x00000000   Code   RO         1046    .text               c_w.l(indicate_semi.o)
    0x08001b62   0x08001b62   0x00000000   Code   RO         1054    .text               c_w.l(maybetermalloc1.o)
    0x08001b62   0x08001b62   0x0000000c   Code   RO         1056    .text               c_w.l(h1_init.o)
    0x08001b6e   0x08001b6e   0x00000034   Code   RO         1058    .text               c_w.l(h1_extend.o)
    0x08001ba2   0x08001ba2   0x00000042   Code   RO         1066    .text               c_w.l(ftell.o)
    0x08001be4   0x08001be4   0x00000032   Code   RO         1070    .text               c_w.l(defsig_general.o)
    0x08001c16   0x08001c16   0x0000000e   Code   RO         1072    .text               c_w.l(defsig_rtmem_outer.o)
    0x08001c24   0x08001c24   0x0000003e   Code   RO         1076    .text               c_w.l(strlen.o)
    0x08001c62   0x08001c62   0x0000000e   Code   RO         1087    .text               c_w.l(sys_wrch.o)
    0x08001c70   0x08001c70   0x00000008   Code   RO         1098    .text               c_w.l(rt_errno_addr_intlibspace.o)
    0x08001c78   0x08001c78   0x00000050   Code   RO         1104    .text               c_w.l(defsig_rtmem_inner.o)
    0x08001cc8   0x08001cc8   0x00000012   Code   RO          588    .text.SystemInit    system_stm32f4xx.o
    0x08001cda   0x08001cda   0x00000002   PAD
    0x08001cdc   0x08001cdc   0x00000062   Code   RO            4    .text.USART2_init   main.o
    0x08001d3e   0x08001d3e   0x00000002   PAD
    0x08001d40   0x08001d40   0x0000002c   Code   RO            8    .text.USART2_write  main.o
    0x08001d6c   0x08001d6c   0x0000003a   Code   RO            6    .text.delayMs       main.o
    0x08001da6   0x08001da6   0x00000002   PAD
    0x08001da8   0x08001da8   0x00000012   Code   RO           10    .text.fputc         main.o
    0x08001dba   0x08001dba   0x00000006   PAD
    0x08001dc0   0x08001dc0   0x00000138   Code   RO            2    .text.main          main.o
    0x08001ef8   0x08001ef8   0x0000003e   Code   RO          858    CL$$btod_d2e        c_w.l(btod.o)
    0x08001f36   0x08001f36   0x00000046   Code   RO          860    CL$$btod_d2e_denorm_low  c_w.l(btod.o)
    0x08001f7c   0x08001f7c   0x00000060   Code   RO          859    CL$$btod_d2e_norm_op1  c_w.l(btod.o)
    0x08001fdc   0x08001fdc   0x00000338   Code   RO          868    CL$$btod_div_common  c_w.l(btod.o)
    0x08002314   0x08002314   0x000000dc   Code   RO          865    CL$$btod_e2e        c_w.l(btod.o)
    0x080023f0   0x080023f0   0x0000002a   Code   RO          862    CL$$btod_ediv       c_w.l(btod.o)
    0x0800241a   0x0800241a   0x0000002a   Code   RO          861    CL$$btod_emul       c_w.l(btod.o)
    0x08002444   0x08002444   0x00000244   Code   RO          867    CL$$btod_mult_common  c_w.l(btod.o)
    0x08002688   0x08002688   0x00000030   Code   RO          979    i.__ARM_fpclassify  m_wm.l(fpclassify.o)
    0x080026b8   0x080026b8   0x0000000e   Code   RO          684    i._is_digit         c_w.l(__printf_wp.o)
    0x080026c6   0x080026c6   0x00000002   PAD
    0x080026c8   0x080026c8   0x0000002c   Code   RO          894    locale$$code        c_w.l(lc_numeric_c.o)
    0x080026f4   0x080026f4   0x0000002c   Code   RO         1024    locale$$code        c_w.l(lc_ctype_c.o)
    0x08002720   0x08002720   0x000002b4   Code   RO          612    x$fpl$ddiv          fz_wm.l(ddiv.o)
    0x080029d4   0x080029d4   0x00000026   Code   RO          615    x$fpl$dfltu         fz_wm.l(dflt_clz.o)
    0x080029fa   0x080029fa   0x00000002   PAD
    0x080029fc   0x080029fc   0x00000154   Code   RO          621    x$fpl$dmul          fz_wm.l(dmul.o)
    0x08002b50   0x08002b50   0x0000009c   Code   RO          723    x$fpl$dnaninf       fz_wm.l(dnaninf.o)
    0x08002bec   0x08002bec   0x0000000c   Code   RO          725    x$fpl$dretinf       fz_wm.l(dretinf.o)
    0x08002bf8   0x08002bf8   0x0000001a   Code   RO         1038    x$fpl$fpinit        fz_wm.l(fpinit.o)
    0x08002c12   0x08002c12   0x00000004   Code   RO          727    x$fpl$printf1       fz_wm.l(printf1.o)
    0x08002c16   0x08002c16   0x00000004   Code   RO          729    x$fpl$printf2       fz_wm.l(printf2.o)
    0x08002c1a   0x08002c1a   0x00000000   Code   RO          735    x$fpl$usenofp       fz_wm.l(usenofp.o)
    0x08002c1a   0x08002c1a   0x00000002   PAD
    0x08002c1c   0x08002c1c   0x00000008   Data   RO          643    .constdata          c_w.l(_printf_wctomb.o)
    0x08002c24   0x08002c24   0x00000028   Data   RO          672    .constdata          c_w.l(_printf_hex_int_ll_ptr.o)
    0x08002c4c   0x08002c4c   0x00000011   Data   RO          692    .constdata          c_w.l(__printf_flags_ss_wp.o)
    0x08002c5d   0x08002c5d   0x00000026   Data   RO          762    .constdata          c_w.l(_printf_fp_hex.o)
    0x08002c83   0x08002c83   0x00000004   Data   RO          781    .constdata          c_w.l(sys_io_names.o)
    0x08002c87   0x08002c87   0x00000004   Data   RO          782    .constdata          c_w.l(sys_io_names.o)
    0x08002c8b   0x08002c8b   0x00000004   Data   RO          783    .constdata          c_w.l(sys_io_names.o)
    0x08002c8f   0x08002c8f   0x00000001   PAD
    0x08002c90   0x08002c90   0x00000094   Data   RO          856    .constdata          c_w.l(bigflt0.o)
    0x08002d24   0x08002d24   0x0000003e   Data   RO           12    .rodata.str1.1      main.o
    0x08002d62   0x08002d62   0x00000002   PAD
    0x08002d64   0x08002d64   0x00000020   Data   RO         1128    Region$$Table       anon$$obj.o
    0x08002d84   0x08002d84   0x0000001c   Data   RO          893    locale$$data        c_w.l(lc_numeric_c.o)
    0x08002da0   0x08002da0   0x00000110   Data   RO         1023    locale$$data        c_w.l(lc_ctype_c.o)


    Execution Region ER_RW (Exec base: 0x20000000, Load base: 0x08002eb0, Size: 0x0000000c, Max: 0xffffffff, ABSOLUTE)

    Exec Addr    Load Addr    Size         Type   Attr      Idx    E Section Name        Object

    0x20000000   0x08002eb0   0x00000004   Data   RW          720    .data               c_w.l(stdio_streams.o)
    0x20000004   0x08002eb4   0x00000004   Data   RW          721    .data               c_w.l(stdio_streams.o)
    0x20000008   0x08002eb8   0x00000004   Data   RW          722    .data               c_w.l(stdio_streams.o)


    Execution Region ER_ZI (Exec base: 0x20000010, Load base: 0x08002ebc, Size: 0x00000760, Max: 0xffffffff, ABSOLUTE)

    Exec Addr    Load Addr    Size         Type   Attr      Idx    E Section Name        Object

    0x20000010        -       0x00000054   Zero   RW          717    .bss                c_w.l(stdio_streams.o)
    0x20000064        -       0x00000054   Zero   RW          718    .bss                c_w.l(stdio_streams.o)
    0x200000b8        -       0x00000054   Zero   RW          719    .bss                c_w.l(stdio_streams.o)
    0x2000010c        -       0x00000060   Zero   RW          986    .bss                c_w.l(libspace.o)
    0x2000016c   0x08002ebc   0x00000004   PAD
    0x20000170        -       0x00000200   Zero   RW          579    HEAP                startup_stm32f401xe.o
    0x20000370        -       0x00000400   Zero   RW          578    STACK               startup_stm32f401xe.o


==============================================================================

Image component sizes


      Code (inc. data)   RO Data    RW Data    ZI Data      Debug   Object Name

       530         24         62          0          0       3219   main.o
        64         26        404          0       1536        900   startup_stm32f401xe.o
        18          0          0          0          0       2805   system_stm32f4xx.o

    ----------------------------------------------------------------------
       624         50        500          0       1536       6924   Object Totals
         0          0         32          0          0          0   (incl. Generated)
        12          0          2          0          0          0   (incl. Padding)

    ----------------------------------------------------------------------

      Code (inc. data)   RO Data    RW Data    ZI Data      Debug   Library Member Name

         8          0          0          0          0         68   __main.o
       392          4         17          0          0         92   __printf_flags_ss_wp.o
        14          0          0          0          0         68   __printf_wp.o
         0          0          0          0          0          0   __rtentry.o
        12          0          0          0          0          0   __rtentry2.o
         6          0          0          0          0          0   __rtentry4.o
        94          8          0          0          0          0   __scatter.o
        26          0          0          0          0          0   __scatter_copy.o
        28          0          0          0          0          0   __scatter_zi.o
        72          0          0          0          0         96   _c16rtomb.o
         6          0          0          0          0          0   _printf_a.o
         6          0          0          0          0          0   _printf_c.o
        44          0          0          0          0        108   _printf_char.o
        48          6          0          0          0         96   _printf_char_common.o
        36          4          0          0          0         80   _printf_char_file.o
        40          0          0          0          0         68   _printf_charcount.o
         6          0          0          0          0          0   _printf_d.o
       120         16          0          0          0         92   _printf_dec.o
         6          0          0          0          0          0   _printf_e.o
         6          0          0          0          0          0   _printf_f.o
      1052          0          0          0          0        148   _printf_fp_dec.o
       764          8         38          0          0        100   _printf_fp_hex.o
       128         16          0          0          0         84   _printf_fp_infnan.o
         6          0          0          0          0          0   _printf_g.o
       148          4         40          0          0        160   _printf_hex_int_ll_ptr.o
         6          0          0          0          0          0   _printf_i.o
       178          0          0          0          0         88   _printf_intcommon.o
        10          0          0          0          0          0   _printf_l.o
         6          0          0          0          0          0   _printf_lc.o
        10          0          0          0          0          0   _printf_ll.o
         6          0          0          0          0          0   _printf_lld.o
         6          0          0          0          0          0   _printf_lli.o
         6          0          0          0          0          0   _printf_llo.o
         6          0          0          0          0          0   _printf_llu.o
         6          0          0          0          0          0   _printf_llx.o
       124         16          0          0          0         92   _printf_longlong_dec.o
         6          0          0          0          0          0   _printf_ls.o
         6          0          0          0          0          0   _printf_n.o
         6          0          0          0          0          0   _printf_o.o
       112          8          0          0          0        124   _printf_oct_int_ll.o
         6          0          0          0          0          0   _printf_p.o
        78          0          0          0          0        108   _printf_pad.o
         0          0          0          0          0          0   _printf_percent.o
         4          0          0          0          0          0   _printf_percent_end.o
         6          0          0          0          0          0   _printf_s.o
        82          0          0          0          0         80   _printf_str.o
        36          0          0          0          0         84   _printf_truncate.o
         6          0          0          0          0          0   _printf_u.o
        44          0          0          0          0        108   _printf_wchar.o
       188          6          8          0          0         92   _printf_wctomb.o
         6          0          0          0          0          0   _printf_x.o
       228          4        148          0          0         96   bigflt0.o
      1936        128          0          0          0        668   btod.o
        10          0          0          0          0         68   defsig_exit.o
        50          0          0          0          0         88   defsig_general.o
        80         58          0          0          0         76   defsig_rtmem_inner.o
        14          0          0          0          0         80   defsig_rtmem_outer.o
        52         38          0          0          0         76   defsig_rtred_inner.o
        14          0          0          0          0         80   defsig_rtred_outer.o
        18          0          0          0          0         80   exit.o
        76          0          0          0          0         88   fclose.o
         8          0          0          0          0         68   ferror.o
       240          6          0          0          0        128   fopen.o
       248          6          0          0          0         84   fseek.o
        66          0          0          0          0         76   ftell.o
        94          0          0          0          0         80   h1_alloc.o
        52          0          0          0          0         68   h1_extend.o
        78          0          0          0          0         80   h1_free.o
        12          0          0          0          0         84   h1_init.o
         6          0          0          0          0        152   heapauxi.o
         4          0          0          0          0        136   hguard.o
         0          0          0          0          0          0   indicate_semi.o
       138          0          0          0          0        168   init_alloc.o
       312         46          0          0          0        112   initio.o
        44         10        272          0          0         76   lc_ctype_c.o
        44         10         28          0          0         76   lc_numeric_c.o
         2          0          0          0          0          0   libinit.o
        46          0          0          0          0          0   libinit2.o
         2          0          0          0          0          0   libshutdown.o
         6          0          0          0          0          0   libshutdown2.o
         8          4          0          0         96         68   libspace.o
       138          0          0          0          0         80   lludiv10.o
         0          0          0          0          0          0   maybetermalloc1.o
        24          4          0          0          0         84   printf.o
        16          4          0          0          0         76   rt_ctype_table.o
         8          4          0          0          0         68   rt_errno_addr_intlibspace.o
         8          4          0          0          0         68   rt_heap_descriptor_intlibspace.o
         8          4          0          0          0         68   rt_locale_intlibspace.o
        78          0          0          0          0         80   rt_memclr_w.o
         2          0          0          0          0          0   rtexit.o
        10          0          0          0          0          0   rtexit2.o
        70          0          0          0          0         80   setvbuf.o
       264          6          0          0          0        160   stdio.o
         0          0          0         12        252          0   stdio_streams.o
       124          0          0          0          0         88   strcmpv7em.o
        62          0          0          0          0         76   strlen.o
        12          4          0          0          0         68   sys_exit.o
       102          0          0          0          0        240   sys_io.o
         0          0         12          0          0          0   sys_io_names.o
        74          0          0          0          0         80   sys_stackheap_outer.o
        14          0          0          0          0         76   sys_wrch.o
         2          0          0          0          0         68   use_no_semi.o
       692        140          0          0          0        264   ddiv.o
        38          0          0          0          0        116   dflt_clz.o
       340         12          0          0          0        152   dmul.o
       156          4          0          0          0        140   dnaninf.o
        12          0          0          0          0        116   dretinf.o
        26          0          0          0          0        116   fpinit.o
         4          0          0          0          0        116   printf1.o
         4          0          0          0          0        116   printf2.o
         0          0          0          0          0          0   usenofp.o
        48          0          0          0          0        124   fpclassify.o

    ----------------------------------------------------------------------
     10264        592        564         12        352       7612   Library Totals
        22          0          1          0          4          0   (incl. Padding)

    ----------------------------------------------------------------------

      Code (inc. data)   RO Data    RW Data    ZI Data      Debug   Library Name

      8922        436        563         12        348       6352   c_w.l
      1272        156          0          0          0       1136   fz_wm.l
        48          0          0          0          0        124   m_wm.l

    ----------------------------------------------------------------------
     10264        592        564         12        352       7612   Library Totals

    ----------------------------------------------------------------------

==============================================================================


      Code (inc. data)   RO Data    RW Data    ZI Data      Debug   

     10888        642       1064         12       1888      10452   Grand Totals
     10888        642       1064         12       1888      10452   ELF Image Totals
     10888        642       1064         12          0          0   ROM Totals

==============================================================================

    Total RO  Size (Code + RO Data)                11952 (  11.67kB)
    Total RW  Size (RW Data + ZI Data)              1900 (   1.86kB)
    Total ROM Size (Code + RO Data + RW Data)      11964 (  11.68kB)

==============================================================================

