<html>
<body>
<pre>
<h1>µVision Build Log</h1>
<h2>Tool Versions:</h2>
IDE-Version: µVision V5.39.0.0
Copyright (C) 2023 ARM Ltd and ARM Germany GmbH. All rights reserved.
License Information: Madhur Varshney, BITS Pilani, LIC=----
 
Tool Versions:
Toolchain:       MDK-Lite  Version: 5.39.0.0
Toolchain Path:  C:\Keil_v5_39\ARM\ARMCLANG\Bin
C Compiler:      ArmClang.exe V6.21
Assembler:       Armasm.exe V6.21
Linker/Locator:  ArmLink.exe V6.21
Library Manager: ArmAr.exe V6.21
Hex Converter:   FromElf.exe V6.21
CPU DLL:         SARMCM3.DLL V5.39.0.0
Dialog DLL:      DCM.DLL V1.17.5.0
Target DLL:      UL2CM3.DLL V1.164.9.0
Dialog DLL:      TCM.DLL V1.56.4.0
 
<h2>Project:</h2>
C:\Users\madhu\Downloads\Nucleo\Sawtooth waveform using PWM\PWM.uvprojx
Project File Date:  02/13/2025

<h2>Output:</h2>
*** Using Compiler 'V6.21', folder: 'C:\Keil_v5_39\ARM\ARMCLANG\Bin'
Rebuild target 'Target 1'
compiling retarget_io.c...
C:/Users/madhu/AppData/Local/Arm/Packs/Keil/STM32F4xx_DFP/2.17.1/Drivers/STM32F4xx_HAL_Driver/Src/stm32f4xx_hal_pwr.c(24): warning: In file included from...
C:/Users/madhu/AppData/Local/Arm/Packs/Keil/STM32F4xx_DFP/2.17.1/Drivers/STM32F4xx_HAL_Driver/Inc\stm32f4xx_hal.h(29): warning: In file included from...
./RTE/Device/STM32F401RETx\stm32f4xx_hal_conf.h(405): warning: In file included from...
C:/Users/madhu/AppData/Local/Arm/Packs/Keil/STM32F4xx_DFP/2.17.1/Drivers/STM32F4xx_HAL_Driver/Inc\stm32f4xx_hal_adc.h(31): warning: In file included from...
C:/Users/madhu/AppData/Local/Arm/Packs/Keil/STM32F4xx_DFP/2.17.1/Drivers/STM32F4xx_HAL_Driver/Inc/stm32f4xx_ll_adc.h(1880): warning: unused parameter 'Register' [-Wunused-parameter]
 1880 | __STATIC_INLINE uint32_t LL_ADC_DMA_GetRegAddr(ADC_TypeDef *ADCx, uint32_t Register)
      |                                                                            ^
C:/Users/madhu/AppData/Local/Arm/Packs/Keil/STM32F4xx_DFP/2.17.1/Drivers/STM32F4xx_HAL_Driver/Inc/stm32f4xx_ll_adc.h(4018): warning: implicit conversion loses integer precision: 'uint16_t' (aka 'unsigned short') to 'uint8_t' (aka 'unsigned char') [-Wimplicit-int-conversion]
 4018 |   return (uint16_t)(READ_BIT(ADCx->DR, ADC_DR_DATA));
      |   ~~~~~~ ^~~~~~~~~~~~~~~~~~~~~~~~~~~~~~~~~~~~~~~~~~~
C:/Users/madhu/AppData/Local/Arm/Packs/Keil/STM32F4xx_DFP/2.17.1/Drivers/STM32F4xx_HAL_Driver/Inc/stm32f4xx_ll_adc.h(4033): warning: implicit conversion loses integer precision: 'uint16_t' (aka 'unsigned short') to 'uint8_t' (aka 'unsigned char') [-Wimplicit-int-conversion]
 4033 |   return (uint16_t)(READ_BIT(ADCx->DR, ADC_DR_DATA));
      |   ~~~~~~ ^~~~~~~~~~~~~~~~~~~~~~~~~~~~~~~~~~~~~~~~~~~
C:/Users/madhu/AppData/Local/Arm/Packs/Keil/STM32F4xx_DFP/2.17.1/Drivers/STM32F4xx_HAL_Driver/Src/stm32f4xx_hal_pwr.c(379): warning: unused parameter 'Regulator' [-Wunused-parameter]
  379 | void HAL_PWR_EnterSLEEPMode(uint32_t Regulator, uint8_t SLEEPEntry)
      |                                      ^
4 warnings generated.
compiling stm32f4xx_hal_pwr.c...
C:/Users/madhu/AppData/Local/Arm/Packs/Keil/STM32F4xx_DFP/2.17.1/Drivers/STM32F4xx_HAL_Driver/Src/stm32f4xx_hal_cortex.c(81): warning: In file included from...
C:/Users/madhu/AppData/Local/Arm/Packs/Keil/STM32F4xx_DFP/2.17.1/Drivers/STM32F4xx_HAL_Driver/Inc\stm32f4xx_hal.h(29): warning: In file included from...
./RTE/Device/STM32F401RETx\stm32f4xx_hal_conf.h(405): warning: In file included from...
C:/Users/madhu/AppData/Local/Arm/Packs/Keil/STM32F4xx_DFP/2.17.1/Drivers/STM32F4xx_HAL_Driver/Inc\stm32f4xx_hal_adc.h(31): warning: In file included from...
C:/Users/madhu/AppData/Local/Arm/Packs/Keil/STM32F4xx_DFP/2.17.1/Drivers/STM32F4xx_HAL_Driver/Inc/stm32f4xx_ll_adc.h(1880): warning: unused parameter 'Register' [-Wunused-parameter]
 1880 | __STATIC_INLINE uint32_t LL_ADC_DMA_GetRegAddr(ADC_TypeDef *ADCx, uint32_t Register)
      |                                                                            ^
C:/Users/madhu/AppData/Local/Arm/Packs/Keil/STM32F4xx_DFP/2.17.1/Drivers/STM32F4xx_HAL_Driver/Inc/stm32f4xx_ll_adc.h(4018): warning: implicit conversion loses integer precision: 'uint16_t' (aka 'unsigned short') to 'uint8_t' (aka 'unsigned char') [-Wimplicit-int-conversion]
 4018 |   return (uint16_t)(READ_BIT(ADCx->DR, ADC_DR_DATA));
      |   ~~~~~~ ^~~~~~~~~~~~~~~~~~~~~~~~~~~~~~~~~~~~~~~~~~~
C:/Users/madhu/AppData/Local/Arm/Packs/Keil/STM32F4xx_DFP/2.17.1/Drivers/STM32F4xx_HAL_Driver/Inc/stm32f4xx_ll_adc.h(4033): warning: implicit conversion loses integer precision: 'uint16_t' (aka 'unsigned short') to 'uint8_t' (aka 'unsigned char') [-Wimplicit-int-conversion]
 4033 |   return (uint16_t)(READ_BIT(ADCx->DR, ADC_DR_DATA));
      |   ~~~~~~ ^~~~~~~~~~~~~~~~~~~~~~~~~~~~~~~~~~~~~~~~~~~
C:/Users/madhu/AppData/Local/Arm/Packs/Keil/STM32F4xx_DFP/2.17.1/Drivers/STM32F4xx_HAL_Driver/Src/stm32f4xx_hal_cortex.c(215): warning: function 'HAL_NVIC_SystemReset' could be declared with attribute 'noreturn' [-Wmissing-noreturn]
  215 | {
      | ^
C:/Users/madhu/AppData/Local/Arm/Packs/Keil/STM32F4xx_DFP/2.17.1/Drivers/STM32F4xx_HAL_Driver/Src/stm32f4xx_hal_cortex.c(81): warning: In file included from...
C:/Users/madhu/AppData/Local/Arm/Packs/Keil/STM32F4xx_DFP/2.17.1/Drivers/STM32F4xx_HAL_Driver/Inc\stm32f4xx_hal.h(29): warning: In file included from...
./RTE/Device/STM32F401RETx\stm32f4xx_hal_conf.h(401): warning: In file included from...
C:/Users/madhu/AppData/Local/Arm/Packs/Keil/STM32F4xx_DFP/2.17.1/Drivers/STM32F4xx_HAL_Driver/Inc\stm32f4xx_hal_cortex.h(52): warning: padding struct 'MPU_Region_InitTypeDef' with 2 bytes to align 'BaseAddress' [-Wpadded]
   52 |   uint32_t               BaseAddress;           /*!< Specifies the base address of the region to protect.                           */
      |                          ^
5 warnings generated.
compiling stm32f4xx_hal_cortex.c...
C:/Users/madhu/AppData/Local/Arm/Packs/Keil/STM32F4xx_DFP/2.17.1/Drivers/STM32F4xx_HAL_Driver/Src/stm32f4xx_hal_pwr_ex.c(23): warning: In file included from...
C:/Users/madhu/AppData/Local/Arm/Packs/Keil/STM32F4xx_DFP/2.17.1/Drivers/STM32F4xx_HAL_Driver/Inc\stm32f4xx_hal.h(29): warning: In file included from...
./RTE/Device/STM32F401RETx\stm32f4xx_hal_conf.h(405): warning: In file included from...
C:/Users/madhu/AppData/Local/Arm/Packs/Keil/STM32F4xx_DFP/2.17.1/Drivers/STM32F4xx_HAL_Driver/Inc\stm32f4xx_hal_adc.h(31): warning: In file included from...
C:/Users/madhu/AppData/Local/Arm/Packs/Keil/STM32F4xx_DFP/2.17.1/Drivers/STM32F4xx_HAL_Driver/Inc/stm32f4xx_ll_adc.h(1880): warning: unused parameter 'Register' [-Wunused-parameter]
 1880 | __STATIC_INLINE uint32_t LL_ADC_DMA_GetRegAddr(ADC_TypeDef *ADCx, uint32_t Register)
      |                                                                            ^
C:/Users/madhu/AppData/Local/Arm/Packs/Keil/STM32F4xx_DFP/2.17.1/Drivers/STM32F4xx_HAL_Driver/Inc/stm32f4xx_ll_adc.h(4018): warning: implicit conversion loses integer precision: 'uint16_t' (aka 'unsigned short') to 'uint8_t' (aka 'unsigned char') [-Wimplicit-int-conversion]
 4018 |   return (uint16_t)(READ_BIT(ADCx->DR, ADC_DR_DATA));
      |   ~~~~~~ ^~~~~~~~~~~~~~~~~~~~~~~~~~~~~~~~~~~~~~~~~~~
C:/Users/madhu/AppData/Local/Arm/Packs/Keil/STM32F4xx_DFP/2.17.1/Drivers/STM32F4xx_HAL_Driver/Inc/stm32f4xx_ll_adc.h(4033): warning: implicit conversion loses integer precision: 'uint16_t' (aka 'unsigned short') to 'uint8_t' (aka 'unsigned char') [-Wimplicit-int-conversion]
 4033 |   return (uint16_t)(READ_BIT(ADCx->DR, ADC_DR_DATA));
      |   ~~~~~~ ^~~~~~~~~~~~~~~~~~~~~~~~~~~~~~~~~~~~~~~~~~~
3 warnings generated.
compiling stm32f4xx_hal_pwr_ex.c...
main.c(16): warning: In file included from...
C:/Users/madhu/AppData/Local/Arm/Packs/Keil/STM32F4xx_DFP/2.17.1/Drivers/CMSIS/Device/ST/STM32F4xx/Include\stm32f4xx.h(287): warning: In file included from...
C:/Users/madhu/AppData/Local/Arm/Packs/Keil/STM32F4xx_DFP/2.17.1/Drivers/STM32F4xx_HAL_Driver/Inc\stm32f4xx_hal.h(29): warning: In file included from...
./RTE/Device/STM32F401RETx\stm32f4xx_hal_conf.h(405): warning: In file included from...
C:/Users/madhu/AppData/Local/Arm/Packs/Keil/STM32F4xx_DFP/2.17.1/Drivers/STM32F4xx_HAL_Driver/Inc\stm32f4xx_hal_adc.h(31): warning: In file included from...
C:/Users/madhu/AppData/Local/Arm/Packs/Keil/STM32F4xx_DFP/2.17.1/Drivers/STM32F4xx_HAL_Driver/Inc/stm32f4xx_ll_adc.h(1880): warning: unused parameter 'Register' [-Wunused-parameter]
 1880 | __STATIC_INLINE uint32_t LL_ADC_DMA_GetRegAddr(ADC_TypeDef *ADCx, uint32_t Register)
      |                                                                            ^
C:/Users/madhu/AppData/Local/Arm/Packs/Keil/STM32F4xx_DFP/2.17.1/Drivers/STM32F4xx_HAL_Driver/Inc/stm32f4xx_ll_adc.h(4018): warning: implicit conversion loses integer precision: 'uint16_t' (aka 'unsigned short') to 'uint8_t' (aka 'unsigned char') [-Wimplicit-int-conversion]
 4018 |   return (uint16_t)(READ_BIT(ADCx->DR, ADC_DR_DATA));
      |   ~~~~~~ ^~~~~~~~~~~~~~~~~~~~~~~~~~~~~~~~~~~~~~~~~~~
C:/Users/madhu/AppData/Local/Arm/Packs/Keil/STM32F4xx_DFP/2.17.1/Drivers/STM32F4xx_HAL_Driver/Inc/stm32f4xx_ll_adc.h(4033): warning: implicit conversion loses integer precision: 'uint16_t' (aka 'unsigned short') to 'uint8_t' (aka 'unsigned char') [-Wimplicit-int-conversion]
 4033 |   return (uint16_t)(READ_BIT(ADCx->DR, ADC_DR_DATA));
      |   ~~~~~~ ^~~~~~~~~~~~~~~~~~~~~~~~~~~~~~~~~~~~~~~~~~~
main.c(53): warning: unsafe buffer access [-Wunsafe-buffer-usage]
   53 |     GPIOA->AFR[1] |= (1U << 0);   // Set PA8 to AF1 (TIM1 CH1)
      |     ^~~~~~~~~~
C:/Users/madhu/AppData/Local/Arm/Packs/Keil/STM32F4xx_DFP/2.17.1/Drivers/CMSIS/Device/ST/STM32F4xx/Include/stm32f401xe.h(779): note: expanded from macro 'GPIOA'
  779 | #define GPIOA               ((GPIO_TypeDef *) GPIOA_BASE)
      |                             ^
4 warnings generated.
compiling main.c...
C:/Users/madhu/AppData/Local/Arm/Packs/Keil/STM32F4xx_DFP/2.17.1/Drivers/STM32F4xx_HAL_Driver/Src/stm32f4xx_hal_gpio.c(108): warning: In file included from...
C:/Users/madhu/AppData/Local/Arm/Packs/Keil/STM32F4xx_DFP/2.17.1/Drivers/STM32F4xx_HAL_Driver/Inc\stm32f4xx_hal.h(29): warning: In file included from...
./RTE/Device/STM32F401RETx\stm32f4xx_hal_conf.h(405): warning: In file included from...
C:/Users/madhu/AppData/Local/Arm/Packs/Keil/STM32F4xx_DFP/2.17.1/Drivers/STM32F4xx_HAL_Driver/Inc\stm32f4xx_hal_adc.h(31): warning: In file included from...
C:/Users/madhu/AppData/Local/Arm/Packs/Keil/STM32F4xx_DFP/2.17.1/Drivers/STM32F4xx_HAL_Driver/Inc/stm32f4xx_ll_adc.h(1880): warning: unused parameter 'Register' [-Wunused-parameter]
 1880 | __STATIC_INLINE uint32_t LL_ADC_DMA_GetRegAddr(ADC_TypeDef *ADCx, uint32_t Register)
      |                                                                            ^
C:/Users/madhu/AppData/Local/Arm/Packs/Keil/STM32F4xx_DFP/2.17.1/Drivers/STM32F4xx_HAL_Driver/Inc/stm32f4xx_ll_adc.h(4018): warning: implicit conversion loses integer precision: 'uint16_t' (aka 'unsigned short') to 'uint8_t' (aka 'unsigned char') [-Wimplicit-int-conversion]
 4018 |   return (uint16_t)(READ_BIT(ADCx->DR, ADC_DR_DATA));
      |   ~~~~~~ ^~~~~~~~~~~~~~~~~~~~~~~~~~~~~~~~~~~~~~~~~~~
C:/Users/madhu/AppData/Local/Arm/Packs/Keil/STM32F4xx_DFP/2.17.1/Drivers/STM32F4xx_HAL_Driver/Inc/stm32f4xx_ll_adc.h(4033): warning: implicit conversion loses integer precision: 'uint16_t' (aka 'unsigned short') to 'uint8_t' (aka 'unsigned char') [-Wimplicit-int-conversion]
 4033 |   return (uint16_t)(READ_BIT(ADCx->DR, ADC_DR_DATA));
      |   ~~~~~~ ^~~~~~~~~~~~~~~~~~~~~~~~~~~~~~~~~~~~~~~~~~~
C:/Users/madhu/AppData/Local/Arm/Packs/Keil/STM32F4xx_DFP/2.17.1/Drivers/STM32F4xx_HAL_Driver/Src/stm32f4xx_hal_gpio.c(224): warning: unsafe buffer access [-Wunsafe-buffer-usage]
  224 |         temp = GPIOx->AFR[position >> 3U];
      |                ^~~~~~~~~~
C:/Users/madhu/AppData/Local/Arm/Packs/Keil/STM32F4xx_DFP/2.17.1/Drivers/STM32F4xx_HAL_Driver/Src/stm32f4xx_hal_gpio.c(227): warning: unsafe buffer access [-Wunsafe-buffer-usage]
  227 |         GPIOx->AFR[position >> 3U] = temp;
      |         ^~~~~~~~~~
C:/Users/madhu/AppData/Local/Arm/Packs/Keil/STM32F4xx_DFP/2.17.1/Drivers/STM32F4xx_HAL_Driver/Src/stm32f4xx_hal_gpio.c(243): warning: unsafe buffer access [-Wunsafe-buffer-usage]
  243 |         temp = SYSCFG->EXTICR[position >> 2U];
      |                ^~~~~~~~~~~~~~
C:/Users/madhu/AppData/Local/Arm/Packs/Keil/STM32F4xx_DFP/2.17.1/Drivers/CMSIS/Device/ST/STM32F4xx/Include/stm32f401xe.h(774): note: expanded from macro 'SYSCFG'
  774 | #define SYSCFG              ((SYSCFG_TypeDef *) SYSCFG_BASE)
      |                             ^
C:/Users/madhu/AppData/Local/Arm/Packs/Keil/STM32F4xx_DFP/2.17.1/Drivers/STM32F4xx_HAL_Driver/Src/stm32f4xx_hal_gpio.c(246): warning: unsafe buffer access [-Wunsafe-buffer-usage]
  246 |         SYSCFG->EXTICR[position >> 2U] = temp;
      |         ^~~~~~~~~~~~~~
C:/Users/madhu/AppData/Local/Arm/Packs/Keil/STM32F4xx_DFP/2.17.1/Drivers/CMSIS/Device/ST/STM32F4xx/Include/stm32f401xe.h(774): note: expanded from macro 'SYSCFG'
  774 | #define SYSCFG              ((SYSCFG_TypeDef *) SYSCFG_BASE)
      |                             ^
C:/Users/madhu/AppData/Local/Arm/Packs/Keil/STM32F4xx_DFP/2.17.1/Drivers/STM32F4xx_HAL_Driver/Src/stm32f4xx_hal_gpio.c(315): warning: unsafe buffer access [-Wunsafe-buffer-usage]
  315 |       tmp = SYSCFG->EXTICR[position >> 2U];
      |             ^~~~~~~~~~~~~~
C:/Users/madhu/AppData/Local/Arm/Packs/Keil/STM32F4xx_DFP/2.17.1/Drivers/CMSIS/Device/ST/STM32F4xx/Include/stm32f401xe.h(774): note: expanded from macro 'SYSCFG'
  774 | #define SYSCFG              ((SYSCFG_TypeDef *) SYSCFG_BASE)
      |                             ^
C:/Users/madhu/AppData/Local/Arm/Packs/Keil/STM32F4xx_DFP/2.17.1/Drivers/STM32F4xx_HAL_Driver/Src/stm32f4xx_hal_gpio.c(329): warning: unsafe buffer access [-Wunsafe-buffer-usage]
  329 |         SYSCFG->EXTICR[position >> 2U] &= ~tmp;
      |         ^~~~~~~~~~~~~~
C:/Users/madhu/AppData/Local/Arm/Packs/Keil/STM32F4xx_DFP/2.17.1/Drivers/CMSIS/Device/ST/STM32F4xx/Include/stm32f401xe.h(774): note: expanded from macro 'SYSCFG'
  774 | #define SYSCFG              ((SYSCFG_TypeDef *) SYSCFG_BASE)
      |                             ^
C:/Users/madhu/AppData/Local/Arm/Packs/Keil/STM32F4xx_DFP/2.17.1/Drivers/STM32F4xx_HAL_Driver/Src/stm32f4xx_hal_gpio.c(337): warning: unsafe buffer access [-Wunsafe-buffer-usage]
  337 |       GPIOx->AFR[position >> 3U] &= ~(0xFU << ((uint32_t)(position & 0x07U) * 4U)) ;
      |       ^~~~~~~~~~
10 warnings generated.
compiling stm32f4xx_hal_gpio.c...
C:/Users/madhu/AppData/Local/Arm/Packs/Keil/STM32F4xx_DFP/2.17.1/Drivers/STM32F4xx_HAL_Driver/Src/stm32f4xx_hal.c(36): warning: In file included from...
C:/Users/madhu/AppData/Local/Arm/Packs/Keil/STM32F4xx_DFP/2.17.1/Drivers/STM32F4xx_HAL_Driver/Inc\stm32f4xx_hal.h(29): warning: In file included from...
./RTE/Device/STM32F401RETx\stm32f4xx_hal_conf.h(405): warning: In file included from...
C:/Users/madhu/AppData/Local/Arm/Packs/Keil/STM32F4xx_DFP/2.17.1/Drivers/STM32F4xx_HAL_Driver/Inc\stm32f4xx_hal_adc.h(31): warning: In file included from...
C:/Users/madhu/AppData/Local/Arm/Packs/Keil/STM32F4xx_DFP/2.17.1/Drivers/STM32F4xx_HAL_Driver/Inc/stm32f4xx_ll_adc.h(1880): warning: unused parameter 'Register' [-Wunused-parameter]
 1880 | __STATIC_INLINE uint32_t LL_ADC_DMA_GetRegAddr(ADC_TypeDef *ADCx, uint32_t Register)
      |                                                                            ^
C:/Users/madhu/AppData/Local/Arm/Packs/Keil/STM32F4xx_DFP/2.17.1/Drivers/STM32F4xx_HAL_Driver/Inc/stm32f4xx_ll_adc.h(4018): warning: implicit conversion loses integer precision: 'uint16_t' (aka 'unsigned short') to 'uint8_t' (aka 'unsigned char') [-Wimplicit-int-conversion]
 4018 |   return (uint16_t)(READ_BIT(ADCx->DR, ADC_DR_DATA));
      |   ~~~~~~ ^~~~~~~~~~~~~~~~~~~~~~~~~~~~~~~~~~~~~~~~~~~
C:/Users/madhu/AppData/Local/Arm/Packs/Keil/STM32F4xx_DFP/2.17.1/Drivers/STM32F4xx_HAL_Driver/Inc/stm32f4xx_ll_adc.h(4033): warning: implicit conversion loses integer precision: 'uint16_t' (aka 'unsigned short') to 'uint8_t' (aka 'unsigned char') [-Wimplicit-int-conversion]
 4033 |   return (uint16_t)(READ_BIT(ADCx->DR, ADC_DR_DATA));
      |   ~~~~~~ ^~~~~~~~~~~~~~~~~~~~~~~~~~~~~~~~~~~~~~~~~~~
3 warnings generated.
compiling stm32f4xx_hal.c...
C:/Users/madhu/AppData/Local/Arm/Packs/Keil/STM32F4xx_DFP/2.17.1/Drivers/STM32F4xx_HAL_Driver/Src/stm32f4xx_hal_dma.c(97): warning: In file included from...
C:/Users/madhu/AppData/Local/Arm/Packs/Keil/STM32F4xx_DFP/2.17.1/Drivers/STM32F4xx_HAL_Driver/Inc\stm32f4xx_hal.h(29): warning: In file included from...
./RTE/Device/STM32F401RETx\stm32f4xx_hal_conf.h(405): warning: In file included from...
C:/Users/madhu/AppData/Local/Arm/Packs/Keil/STM32F4xx_DFP/2.17.1/Drivers/STM32F4xx_HAL_Driver/Inc\stm32f4xx_hal_adc.h(31): warning: In file included from...
C:/Users/madhu/AppData/Local/Arm/Packs/Keil/STM32F4xx_DFP/2.17.1/Drivers/STM32F4xx_HAL_Driver/Inc/stm32f4xx_ll_adc.h(1880): warning: unused parameter 'Register' [-Wunused-parameter]
 1880 | __STATIC_INLINE uint32_t LL_ADC_DMA_GetRegAddr(ADC_TypeDef *ADCx, uint32_t Register)
      |                                                                            ^
C:/Users/madhu/AppData/Local/Arm/Packs/Keil/STM32F4xx_DFP/2.17.1/Drivers/STM32F4xx_HAL_Driver/Inc/stm32f4xx_ll_adc.h(4018): warning: implicit conversion loses integer precision: 'uint16_t' (aka 'unsigned short') to 'uint8_t' (aka 'unsigned char') [-Wimplicit-int-conversion]
 4018 |   return (uint16_t)(READ_BIT(ADCx->DR, ADC_DR_DATA));
      |   ~~~~~~ ^~~~~~~~~~~~~~~~~~~~~~~~~~~~~~~~~~~~~~~~~~~
C:/Users/madhu/AppData/Local/Arm/Packs/Keil/STM32F4xx_DFP/2.17.1/Drivers/STM32F4xx_HAL_Driver/Inc/stm32f4xx_ll_adc.h(4033): warning: implicit conversion loses integer precision: 'uint16_t' (aka 'unsigned short') to 'uint8_t' (aka 'unsigned char') [-Wimplicit-int-conversion]
 4033 |   return (uint16_t)(READ_BIT(ADCx->DR, ADC_DR_DATA));
      |   ~~~~~~ ^~~~~~~~~~~~~~~~~~~~~~~~~~~~~~~~~~~~~~~~~~~
C:/Users/madhu/AppData/Local/Arm/Packs/Keil/STM32F4xx_DFP/2.17.1/Drivers/STM32F4xx_HAL_Driver/Src/stm32f4xx_hal_dma.c(97): warning: In file included from...
C:/Users/madhu/AppData/Local/Arm/Packs/Keil/STM32F4xx_DFP/2.17.1/Drivers/STM32F4xx_HAL_Driver/Inc\stm32f4xx_hal.h(29): warning: In file included from...
./RTE/Device/STM32F401RETx\stm32f4xx_hal_conf.h(397): warning: In file included from...
C:/Users/madhu/AppData/Local/Arm/Packs/Keil/STM32F4xx_DFP/2.17.1/Drivers/STM32F4xx_HAL_Driver/Inc\stm32f4xx_hal_dma.h(148): warning: padding struct 'struct __DMA_HandleTypeDef' with 2 bytes to align 'Parent' [-Wpadded]
  148 |   void                       *Parent;                                                          /*!< Parent object state                    */ 
      |                               ^
C:/Users/madhu/AppData/Local/Arm/Packs/Keil/STM32F4xx_DFP/2.17.1/Drivers/STM32F4xx_HAL_Driver/Src/stm32f4xx_hal_dma.c(289): warning: cast from function call of type 'uint32_t' (aka 'unsigned int') to non-matching type 'DMA_Base_Registers *' [-Wbad-function-cast]
  289 |   regs = (DMA_Base_Registers *)DMA_CalcBaseAndBitshift(hdma);
      |                                ^~~~~~~~~~~~~~~~~~~~~~~~~~~~~
C:/Users/madhu/AppData/Local/Arm/Packs/Keil/STM32F4xx_DFP/2.17.1/Drivers/STM32F4xx_HAL_Driver/Src/stm32f4xx_hal_dma.c(351): warning: cast from function call of type 'uint32_t' (aka 'unsigned int') to non-matching type 'DMA_Base_Registers *' [-Wbad-function-cast]
  351 |   regs = (DMA_Base_Registers *)DMA_CalcBaseAndBitshift(hdma);
      |                                ^~~~~~~~~~~~~~~~~~~~~~~~~~~~~
C:/Users/madhu/AppData/Local/Arm/Packs/Keil/STM32F4xx_DFP/2.17.1/Drivers/STM32F4xx_HAL_Driver/Src/stm32f4xx_hal_dma.c(977): warning: enumeration value 'HAL_DMA_XFER_ALL_CB_ID' not explicitly handled in switch [-Wswitch-enum]
  977 |     switch (CallbackID)
      |             ^~~~~~~~~~
C:/Users/madhu/AppData/Local/Arm/Packs/Keil/STM32F4xx_DFP/2.17.1/Drivers/STM32F4xx_HAL_Driver/Src/stm32f4xx_hal_dma.c(1073): warning: default label in switch which covers all enumeration values [-Wcovered-switch-default]
 1073 |     default:
      |     ^
C:/Users/madhu/AppData/Local/Arm/Packs/Keil/STM32F4xx_DFP/2.17.1/Drivers/STM32F4xx_HAL_Driver/Src/stm32f4xx_hal_dma.c(1191): warning: unsafe buffer access [-Wunsafe-buffer-usage]
 1191 |   hdma->StreamIndex = flagBitshiftOffset[stream_number];
      |                       ^~~~~~~~~~~~~~~~~~
9 warnings generated.
compiling stm32f4xx_hal_dma.c...
C:/Users/madhu/AppData/Local/Arm/Packs/Keil/STM32F4xx_DFP/2.17.1/Drivers/STM32F4xx_HAL_Driver/Src/stm32f4xx_hal_adc_ex.c(86): warning: In file included from...
C:/Users/madhu/AppData/Local/Arm/Packs/Keil/STM32F4xx_DFP/2.17.1/Drivers/STM32F4xx_HAL_Driver/Inc\stm32f4xx_hal.h(29): warning: In file included from...
./RTE/Device/STM32F401RETx\stm32f4xx_hal_conf.h(405): warning: In file included from...
C:/Users/madhu/AppData/Local/Arm/Packs/Keil/STM32F4xx_DFP/2.17.1/Drivers/STM32F4xx_HAL_Driver/Inc\stm32f4xx_hal_adc.h(31): warning: In file included from...
C:/Users/madhu/AppData/Local/Arm/Packs/Keil/STM32F4xx_DFP/2.17.1/Drivers/STM32F4xx_HAL_Driver/Inc/stm32f4xx_ll_adc.h(1880): warning: unused parameter 'Register' [-Wunused-parameter]
 1880 | __STATIC_INLINE uint32_t LL_ADC_DMA_GetRegAddr(ADC_TypeDef *ADCx, uint32_t Register)
      |                                                                            ^
C:/Users/madhu/AppData/Local/Arm/Packs/Keil/STM32F4xx_DFP/2.17.1/Drivers/STM32F4xx_HAL_Driver/Inc/stm32f4xx_ll_adc.h(4018): warning: implicit conversion loses integer precision: 'uint16_t' (aka 'unsigned short') to 'uint8_t' (aka 'unsigned char') [-Wimplicit-int-conversion]
 4018 |   return (uint16_t)(READ_BIT(ADCx->DR, ADC_DR_DATA));
      |   ~~~~~~ ^~~~~~~~~~~~~~~~~~~~~~~~~~~~~~~~~~~~~~~~~~~
C:/Users/madhu/AppData/Local/Arm/Packs/Keil/STM32F4xx_DFP/2.17.1/Drivers/STM32F4xx_HAL_Driver/Inc/stm32f4xx_ll_adc.h(4033): warning: implicit conversion loses integer precision: 'uint16_t' (aka 'unsigned short') to 'uint8_t' (aka 'unsigned char') [-Wimplicit-int-conversion]
 4033 |   return (uint16_t)(READ_BIT(ADCx->DR, ADC_DR_DATA));
      |   ~~~~~~ ^~~~~~~~~~~~~~~~~~~~~~~~~~~~~~~~~~~~~~~~~~~
C:/Users/madhu/AppData/Local/Arm/Packs/Keil/STM32F4xx_DFP/2.17.1/Drivers/STM32F4xx_HAL_Driver/Src/stm32f4xx_hal_adc_ex.c(86): warning: In file included from...
C:/Users/madhu/AppData/Local/Arm/Packs/Keil/STM32F4xx_DFP/2.17.1/Drivers/STM32F4xx_HAL_Driver/Inc\stm32f4xx_hal.h(29): warning: In file included from...
./RTE/Device/STM32F401RETx\stm32f4xx_hal_conf.h(405): warning: In file included from...
C:/Users/madhu/AppData/Local/Arm/Packs/Keil/STM32F4xx_DFP/2.17.1/Drivers/STM32F4xx_HAL_Driver/Inc\stm32f4xx_hal_adc.h(86): warning: padding struct 'ADC_InitTypeDef' with 3 bytes to align 'NbrOfConversion' [-Wpadded]
   86 |   uint32_t NbrOfConversion;              /*!< Specifies the number of ranks that will be converted within the regular group sequencer.
      |            ^
C:/Users/madhu/AppData/Local/Arm/Packs/Keil/STM32F4xx_DFP/2.17.1/Drivers/STM32F4xx_HAL_Driver/Inc\stm32f4xx_hal_adc.h(93): warning: padding struct 'ADC_InitTypeDef' with 3 bytes to align 'NbrOfDiscConversion' [-Wpadded]
   93 |   uint32_t NbrOfDiscConversion;          /*!< Specifies the number of discontinuous conversions in which the  main sequence of regular group (parameter NbrOfConversion) will be subdivided.
      |            ^
C:/Users/madhu/AppData/Local/Arm/Packs/Keil/STM32F4xx_DFP/2.17.1/Drivers/STM32F4xx_HAL_Driver/Inc\stm32f4xx_hal_adc.h(59): warning: padding size of 'ADC_InitTypeDef' with 3 bytes to alignment boundary [-Wpadded]
   59 | typedef struct
      |         ^
C:/Users/madhu/AppData/Local/Arm/Packs/Keil/STM32F4xx_DFP/2.17.1/Drivers/STM32F4xx_HAL_Driver/Inc\stm32f4xx_hal_adc.h(208): warning: padding struct 'ADC_HandleTypeDef' with 3 bytes to align 'State' [-Wpadded]
  208 |   __IO uint32_t                 State;                       /*!< ADC communication state */
      |                                 ^
C:/Users/madhu/AppData/Local/Arm/Packs/Keil/STM32F4xx_DFP/2.17.1/Drivers/STM32F4xx_HAL_Driver/Src/stm32f4xx_hal_adc_ex.c(86): warning: In file included from...
C:/Users/madhu/AppData/Local/Arm/Packs/Keil/STM32F4xx_DFP/2.17.1/Drivers/STM32F4xx_HAL_Driver/Inc\stm32f4xx_hal.h(29): warning: In file included from...
./RTE/Device/STM32F401RETx\stm32f4xx_hal_conf.h(397): warning: In file included from...
C:/Users/madhu/AppData/Local/Arm/Packs/Keil/STM32F4xx_DFP/2.17.1/Drivers/STM32F4xx_HAL_Driver/Inc\stm32f4xx_hal_dma.h(148): warning: padding struct 'struct __DMA_HandleTypeDef' with 2 bytes to align 'Parent' [-Wpadded]
  148 |   void                       *Parent;                                                          /*!< Parent object state                    */ 
      |                               ^
C:/Users/madhu/AppData/Local/Arm/Packs/Keil/STM32F4xx_DFP/2.17.1/Drivers/STM32F4xx_HAL_Driver/Src/stm32f4xx_hal_adc_ex.c(778): warning: unused parameter 'hadc' [-Wunused-parameter]
  778 | uint32_t HAL_ADCEx_MultiModeGetValue(ADC_HandleTypeDef* hadc)
      |                                                         ^
C:/Users/madhu/AppData/Local/Arm/Packs/Keil/STM32F4xx_DFP/2.17.1/Drivers/STM32F4xx_HAL_Driver/Src/stm32f4xx_hal_adc_ex.c(86): warning: In file included from...
C:/Users/madhu/AppData/Local/Arm/Packs/Keil/STM32F4xx_DFP/2.17.1/Drivers/STM32F4xx_HAL_Driver/Inc\stm32f4xx_hal.h(29): warning: In file included from...
./RTE/Device/STM32F401RETx\stm32f4xx_hal_conf.h(405): warning: In file included from...
C:/Users/madhu/AppData/Local/Arm/Packs/Keil/STM32F4xx_DFP/2.17.1/Drivers/STM32F4xx_HAL_Driver/Inc\stm32f4xx_hal_adc.h(554): warning: In file included from...
C:/Users/madhu/AppData/Local/Arm/Packs/Keil/STM32F4xx_DFP/2.17.1/Drivers/STM32F4xx_HAL_Driver/Inc/stm32f4xx_hal_adc_ex.h(96): warning: padding struct 'ADC_InjectionConfTypeDef' with 2 bytes to align 'ExternalTrigInjecConv' [-Wpadded]
   96 |   uint32_t ExternalTrigInjecConv;                /*!< Selects the external event used to trigger the conversion start of injected group.
      |            ^
10 warnings generated.
compiling stm32f4xx_hal_adc_ex.c...
C:/Users/madhu/AppData/Local/Arm/Packs/Keil/STM32F4xx_DFP/2.17.1/Drivers/STM32F4xx_HAL_Driver/Src/stm32f4xx_hal_adc.c(248): warning: In file included from...
C:/Users/madhu/AppData/Local/Arm/Packs/Keil/STM32F4xx_DFP/2.17.1/Drivers/STM32F4xx_HAL_Driver/Inc\stm32f4xx_hal.h(29): warning: In file included from...
./RTE/Device/STM32F401RETx\stm32f4xx_hal_conf.h(405): warning: In file included from...
C:/Users/madhu/AppData/Local/Arm/Packs/Keil/STM32F4xx_DFP/2.17.1/Drivers/STM32F4xx_HAL_Driver/Inc\stm32f4xx_hal_adc.h(31): warning: In file included from...
C:/Users/madhu/AppData/Local/Arm/Packs/Keil/STM32F4xx_DFP/2.17.1/Drivers/STM32F4xx_HAL_Driver/Inc/stm32f4xx_ll_adc.h(1880): warning: unused parameter 'Register' [-Wunused-parameter]
 1880 | __STATIC_INLINE uint32_t LL_ADC_DMA_GetRegAddr(ADC_TypeDef *ADCx, uint32_t Register)
      |                                                                            ^
C:/Users/madhu/AppData/Local/Arm/Packs/Keil/STM32F4xx_DFP/2.17.1/Drivers/STM32F4xx_HAL_Driver/Inc/stm32f4xx_ll_adc.h(4018): warning: implicit conversion loses integer precision: 'uint16_t' (aka 'unsigned short') to 'uint8_t' (aka 'unsigned char') [-Wimplicit-int-conversion]
 4018 |   return (uint16_t)(READ_BIT(ADCx->DR, ADC_DR_DATA));
      |   ~~~~~~ ^~~~~~~~~~~~~~~~~~~~~~~~~~~~~~~~~~~~~~~~~~~
C:/Users/madhu/AppData/Local/Arm/Packs/Keil/STM32F4xx_DFP/2.17.1/Drivers/STM32F4xx_HAL_Driver/Inc/stm32f4xx_ll_adc.h(4033): warning: implicit conversion loses integer precision: 'uint16_t' (aka 'unsigned short') to 'uint8_t' (aka 'unsigned char') [-Wimplicit-int-conversion]
 4033 |   return (uint16_t)(READ_BIT(ADCx->DR, ADC_DR_DATA));
      |   ~~~~~~ ^~~~~~~~~~~~~~~~~~~~~~~~~~~~~~~~~~~~~~~~~~~
C:/Users/madhu/AppData/Local/Arm/Packs/Keil/STM32F4xx_DFP/2.17.1/Drivers/STM32F4xx_HAL_Driver/Src/stm32f4xx_hal_adc.c(248): warning: In file included from...
C:/Users/madhu/AppData/Local/Arm/Packs/Keil/STM32F4xx_DFP/2.17.1/Drivers/STM32F4xx_HAL_Driver/Inc\stm32f4xx_hal.h(29): warning: In file included from...
./RTE/Device/STM32F401RETx\stm32f4xx_hal_conf.h(405): warning: In file included from...
C:/Users/madhu/AppData/Local/Arm/Packs/Keil/STM32F4xx_DFP/2.17.1/Drivers/STM32F4xx_HAL_Driver/Inc\stm32f4xx_hal_adc.h(86): warning: padding struct 'ADC_InitTypeDef' with 3 bytes to align 'NbrOfConversion' [-Wpadded]
   86 |   uint32_t NbrOfConversion;              /*!< Specifies the number of ranks that will be converted within the regular group sequencer.
      |            ^
C:/Users/madhu/AppData/Local/Arm/Packs/Keil/STM32F4xx_DFP/2.17.1/Drivers/STM32F4xx_HAL_Driver/Inc\stm32f4xx_hal_adc.h(93): warning: padding struct 'ADC_InitTypeDef' with 3 bytes to align 'NbrOfDiscConversion' [-Wpadded]
   93 |   uint32_t NbrOfDiscConversion;          /*!< Specifies the number of discontinuous conversions in which the  main sequence of regular group (parameter NbrOfConversion) will be subdivided.
      |            ^
C:/Users/madhu/AppData/Local/Arm/Packs/Keil/STM32F4xx_DFP/2.17.1/Drivers/STM32F4xx_HAL_Driver/Inc\stm32f4xx_hal_adc.h(59): warning: padding size of 'ADC_InitTypeDef' with 3 bytes to alignment boundary [-Wpadded]
   59 | typedef struct
      |         ^
C:/Users/madhu/AppData/Local/Arm/Packs/Keil/STM32F4xx_DFP/2.17.1/Drivers/STM32F4xx_HAL_Driver/Inc\stm32f4xx_hal_adc.h(208): warning: padding struct 'ADC_HandleTypeDef' with 3 bytes to align 'State' [-Wpadded]
  208 |   __IO uint32_t                 State;                       /*!< ADC communication state */
      |                                 ^
C:/Users/madhu/AppData/Local/Arm/Packs/Keil/STM32F4xx_DFP/2.17.1/Drivers/STM32F4xx_HAL_Driver/Src/stm32f4xx_hal_adc.c(248): warning: In file included from...
C:/Users/madhu/AppData/Local/Arm/Packs/Keil/STM32F4xx_DFP/2.17.1/Drivers/STM32F4xx_HAL_Driver/Inc\stm32f4xx_hal.h(29): warning: In file included from...
./RTE/Device/STM32F401RETx\stm32f4xx_hal_conf.h(397): warning: In file included from...
C:/Users/madhu/AppData/Local/Arm/Packs/Keil/STM32F4xx_DFP/2.17.1/Drivers/STM32F4xx_HAL_Driver/Inc\stm32f4xx_hal_dma.h(148): warning: padding struct 'struct __DMA_HandleTypeDef' with 2 bytes to align 'Parent' [-Wpadded]
  148 |   void                       *Parent;                                                          /*!< Parent object state                    */ 
      |                               ^
C:/Users/madhu/AppData/Local/Arm/Packs/Keil/STM32F4xx_DFP/2.17.1/Drivers/STM32F4xx_HAL_Driver/Src/stm32f4xx_hal_adc.c(1752): warning: code will never be executed [-Wunreachable-code]
 1752 |       tmpADC_Common->CCR &= ~ADC_CCR_VBATE;
      |       ^~~~~~~~~~~~~
C:/Users/madhu/AppData/Local/Arm/Packs/Keil/STM32F4xx_DFP/2.17.1/Drivers/STM32F4xx_HAL_Driver/Src/stm32f4xx_hal_adc.c(1739): warning: code will never be executed [-Wunreachable-code]
 1739 |       tmpADC_Common->CCR &= ~ADC_CCR_TSVREFE;
      |       ^~~~~~~~~~~~~
C:/Users/madhu/AppData/Local/Arm/Packs/Keil/STM32F4xx_DFP/2.17.1/Drivers/STM32F4xx_HAL_Driver/Src/stm32f4xx_hal_adc.c(248): warning: In file included from...
C:/Users/madhu/AppData/Local/Arm/Packs/Keil/STM32F4xx_DFP/2.17.1/Drivers/STM32F4xx_HAL_Driver/Inc\stm32f4xx_hal.h(29): warning: In file included from...
./RTE/Device/STM32F401RETx\stm32f4xx_hal_conf.h(405): warning: In file included from...
C:/Users/madhu/AppData/Local/Arm/Packs/Keil/STM32F4xx_DFP/2.17.1/Drivers/STM32F4xx_HAL_Driver/Inc\stm32f4xx_hal_adc.h(152): warning: padding struct 'ADC_AnalogWDGConfTypeDef' with 3 bytes to align 'WatchdogNumber' [-Wpadded]
  152 |   uint32_t WatchdogNumber;    /*!< Reserved for future use, can be set to 0 */
      |            ^
11 warnings generated.
compiling stm32f4xx_hal_adc.c...
C:/Users/madhu/AppData/Local/Arm/Packs/Keil/STM32F4xx_DFP/2.17.1/Drivers/STM32F4xx_HAL_Driver/Src/stm32f4xx_hal_dma_ex.c(39): warning: In file included from...
C:/Users/madhu/AppData/Local/Arm/Packs/Keil/STM32F4xx_DFP/2.17.1/Drivers/STM32F4xx_HAL_Driver/Inc\stm32f4xx_hal.h(29): warning: In file included from...
./RTE/Device/STM32F401RETx\stm32f4xx_hal_conf.h(405): warning: In file included from...
C:/Users/madhu/AppData/Local/Arm/Packs/Keil/STM32F4xx_DFP/2.17.1/Drivers/STM32F4xx_HAL_Driver/Inc\stm32f4xx_hal_adc.h(31): warning: In file included from...
C:/Users/madhu/AppData/Local/Arm/Packs/Keil/STM32F4xx_DFP/2.17.1/Drivers/STM32F4xx_HAL_Driver/Inc/stm32f4xx_ll_adc.h(1880): warning: unused parameter 'Register' [-Wunused-parameter]
 1880 | __STATIC_INLINE uint32_t LL_ADC_DMA_GetRegAddr(ADC_TypeDef *ADCx, uint32_t Register)
      |                                                                            ^
C:/Users/madhu/AppData/Local/Arm/Packs/Keil/STM32F4xx_DFP/2.17.1/Drivers/STM32F4xx_HAL_Driver/Inc/stm32f4xx_ll_adc.h(4018): warning: implicit conversion loses integer precision: 'uint16_t' (aka 'unsigned short') to 'uint8_t' (aka 'unsigned char') [-Wimplicit-int-conversion]
 4018 |   return (uint16_t)(READ_BIT(ADCx->DR, ADC_DR_DATA));
      |   ~~~~~~ ^~~~~~~~~~~~~~~~~~~~~~~~~~~~~~~~~~~~~~~~~~~
C:/Users/madhu/AppData/Local/Arm/Packs/Keil/STM32F4xx_DFP/2.17.1/Drivers/STM32F4xx_HAL_Driver/Inc/stm32f4xx_ll_adc.h(4033): warning: implicit conversion loses integer precision: 'uint16_t' (aka 'unsigned short') to 'uint8_t' (aka 'unsigned char') [-Wimplicit-int-conversion]
 4033 |   return (uint16_t)(READ_BIT(ADCx->DR, ADC_DR_DATA));
      |   ~~~~~~ ^~~~~~~~~~~~~~~~~~~~~~~~~~~~~~~~~~~~~~~~~~~
C:/Users/madhu/AppData/Local/Arm/Packs/Keil/STM32F4xx_DFP/2.17.1/Drivers/STM32F4xx_HAL_Driver/Src/stm32f4xx_hal_dma_ex.c(39): warning: In file included from...
C:/Users/madhu/AppData/Local/Arm/Packs/Keil/STM32F4xx_DFP/2.17.1/Drivers/STM32F4xx_HAL_Driver/Inc\stm32f4xx_hal.h(29): warning: In file included from...
./RTE/Device/STM32F401RETx\stm32f4xx_hal_conf.h(397): warning: In file included from...
C:/Users/madhu/AppData/Local/Arm/Packs/Keil/STM32F4xx_DFP/2.17.1/Drivers/STM32F4xx_HAL_Driver/Inc\stm32f4xx_hal_dma.h(148): warning: padding struct 'struct __DMA_HandleTypeDef' with 2 bytes to align 'Parent' [-Wpadded]
  148 |   void                       *Parent;                                                          /*!< Parent object state                    */ 
      |                               ^
4 warnings generated.
compiling stm32f4xx_hal_dma_ex.c...
C:/Users/madhu/AppData/Local/Arm/Packs/Keil/STM32F4xx_DFP/2.17.1/Drivers/STM32F4xx_HAL_Driver/Src/stm32f4xx_hal_rcc.c(67): warning: In file included from...
C:/Users/madhu/AppData/Local/Arm/Packs/Keil/STM32F4xx_DFP/2.17.1/Drivers/STM32F4xx_HAL_Driver/Inc\stm32f4xx_hal.h(29): warning: In file included from...
./RTE/Device/STM32F401RETx\stm32f4xx_hal_conf.h(405): warning: In file included from...
C:/Users/madhu/AppData/Local/Arm/Packs/Keil/STM32F4xx_DFP/2.17.1/Drivers/STM32F4xx_HAL_Driver/Inc\stm32f4xx_hal_adc.h(31): warning: In file included from...
C:/Users/madhu/AppData/Local/Arm/Packs/Keil/STM32F4xx_DFP/2.17.1/Drivers/STM32F4xx_HAL_Driver/Inc/stm32f4xx_ll_adc.h(1880): warning: unused parameter 'Register' [-Wunused-parameter]
 1880 | __STATIC_INLINE uint32_t LL_ADC_DMA_GetRegAddr(ADC_TypeDef *ADCx, uint32_t Register)
      |                                                                            ^
C:/Users/madhu/AppData/Local/Arm/Packs/Keil/STM32F4xx_DFP/2.17.1/Drivers/STM32F4xx_HAL_Driver/Inc/stm32f4xx_ll_adc.h(4018): warning: implicit conversion loses integer precision: 'uint16_t' (aka 'unsigned short') to 'uint8_t' (aka 'unsigned char') [-Wimplicit-int-conversion]
 4018 |   return (uint16_t)(READ_BIT(ADCx->DR, ADC_DR_DATA));
      |   ~~~~~~ ^~~~~~~~~~~~~~~~~~~~~~~~~~~~~~~~~~~~~~~~~~~
C:/Users/madhu/AppData/Local/Arm/Packs/Keil/STM32F4xx_DFP/2.17.1/Drivers/STM32F4xx_HAL_Driver/Inc/stm32f4xx_ll_adc.h(4033): warning: implicit conversion loses integer precision: 'uint16_t' (aka 'unsigned short') to 'uint8_t' (aka 'unsigned char') [-Wimplicit-int-conversion]
 4033 |   return (uint16_t)(READ_BIT(ADCx->DR, ADC_DR_DATA));
      |   ~~~~~~ ^~~~~~~~~~~~~~~~~~~~~~~~~~~~~~~~~~~~~~~~~~~
C:/Users/madhu/AppData/Local/Arm/Packs/Keil/STM32F4xx_DFP/2.17.1/Drivers/STM32F4xx_HAL_Driver/Src/stm32f4xx_hal_rcc.c(719): warning: unsafe buffer access [-Wunsafe-buffer-usage]
  719 |   SystemCoreClock = HAL_RCC_GetSysClockFreq() >> AHBPrescTable[(RCC->CFGR & RCC_CFGR_HPRE)>> RCC_CFGR_HPRE_Pos];
      |                                                  ^~~~~~~~~~~~~
C:/Users/madhu/AppData/Local/Arm/Packs/Keil/STM32F4xx_DFP/2.17.1/Drivers/STM32F4xx_HAL_Driver/Src/stm32f4xx_hal_rcc.c(955): warning: unsafe buffer access [-Wunsafe-buffer-usage]
  955 |   return (HAL_RCC_GetHCLKFreq() >> APBPrescTable[(RCC->CFGR & RCC_CFGR_PPRE1)>> RCC_CFGR_PPRE1_Pos]);
      |                                    ^~~~~~~~~~~~~
C:/Users/madhu/AppData/Local/Arm/Packs/Keil/STM32F4xx_DFP/2.17.1/Drivers/STM32F4xx_HAL_Driver/Src/stm32f4xx_hal_rcc.c(967): warning: unsafe buffer access [-Wunsafe-buffer-usage]
  967 |   return (HAL_RCC_GetHCLKFreq()>> APBPrescTable[(RCC->CFGR & RCC_CFGR_PPRE2)>> RCC_CFGR_PPRE2_Pos]);
      |                                   ^~~~~~~~~~~~~
6 warnings generated.
compiling stm32f4xx_hal_rcc.c...
C:/Users/madhu/AppData/Local/Arm/Packs/Keil/STM32F4xx_DFP/2.17.1/Drivers/STM32F4xx_HAL_Driver/Src/stm32f4xx_hal_rcc_ex.c(23): warning: In file included from...
C:/Users/madhu/AppData/Local/Arm/Packs/Keil/STM32F4xx_DFP/2.17.1/Drivers/STM32F4xx_HAL_Driver/Inc\stm32f4xx_hal.h(29): warning: In file included from...
./RTE/Device/STM32F401RETx\stm32f4xx_hal_conf.h(405): warning: In file included from...
C:/Users/madhu/AppData/Local/Arm/Packs/Keil/STM32F4xx_DFP/2.17.1/Drivers/STM32F4xx_HAL_Driver/Inc\stm32f4xx_hal_adc.h(31): warning: In file included from...
C:/Users/madhu/AppData/Local/Arm/Packs/Keil/STM32F4xx_DFP/2.17.1/Drivers/STM32F4xx_HAL_Driver/Inc/stm32f4xx_ll_adc.h(1880): warning: unused parameter 'Register' [-Wunused-parameter]
 1880 | __STATIC_INLINE uint32_t LL_ADC_DMA_GetRegAddr(ADC_TypeDef *ADCx, uint32_t Register)
      |                                                                            ^
C:/Users/madhu/AppData/Local/Arm/Packs/Keil/STM32F4xx_DFP/2.17.1/Drivers/STM32F4xx_HAL_Driver/Inc/stm32f4xx_ll_adc.h(4018): warning: implicit conversion loses integer precision: 'uint16_t' (aka 'unsigned short') to 'uint8_t' (aka 'unsigned char') [-Wimplicit-int-conversion]
 4018 |   return (uint16_t)(READ_BIT(ADCx->DR, ADC_DR_DATA));
      |   ~~~~~~ ^~~~~~~~~~~~~~~~~~~~~~~~~~~~~~~~~~~~~~~~~~~
C:/Users/madhu/AppData/Local/Arm/Packs/Keil/STM32F4xx_DFP/2.17.1/Drivers/STM32F4xx_HAL_Driver/Inc/stm32f4xx_ll_adc.h(4033): warning: implicit conversion loses integer precision: 'uint16_t' (aka 'unsigned short') to 'uint8_t' (aka 'unsigned char') [-Wimplicit-int-conversion]
 4033 |   return (uint16_t)(READ_BIT(ADCx->DR, ADC_DR_DATA));
      |   ~~~~~~ ^~~~~~~~~~~~~~~~~~~~~~~~~~~~~~~~~~~~~~~~~~~
C:/Users/madhu/AppData/Local/Arm/Packs/Keil/STM32F4xx_DFP/2.17.1/Drivers/STM32F4xx_HAL_Driver/Src/stm32f4xx_hal_rcc_ex.c(23): warning: In file included from...
C:/Users/madhu/AppData/Local/Arm/Packs/Keil/STM32F4xx_DFP/2.17.1/Drivers/STM32F4xx_HAL_Driver/Inc\stm32f4xx_hal.h(29): warning: In file included from...
./RTE/Device/STM32F401RETx\stm32f4xx_hal_conf.h(385): warning: In file included from...
C:/Users/madhu/AppData/Local/Arm/Packs/Keil/STM32F4xx_DFP/2.17.1/Drivers/STM32F4xx_HAL_Driver/Inc\stm32f4xx_hal_rcc.h(31): warning: In file included from...
C:/Users/madhu/AppData/Local/Arm/Packs/Keil/STM32F4xx_DFP/2.17.1/Drivers/STM32F4xx_HAL_Driver/Inc/stm32f4xx_hal_rcc_ex.h(403): warning: padding size of 'RCC_PeriphCLKInitTypeDef' with 3 bytes to alignment boundary [-Wpadded]
  403 | typedef struct
      |         ^
4 warnings generated.
compiling stm32f4xx_hal_rcc_ex.c...
assembling startup_stm32f401xe.s...
RTE/Device/STM32F401RETx/system_stm32f4xx.c(48): warning: In file included from...
C:/Users/madhu/AppData/Local/Arm/Packs/Keil/STM32F4xx_DFP/2.17.1/Drivers/CMSIS/Device/ST/STM32F4xx/Include\stm32f4xx.h(287): warning: In file included from...
C:/Users/madhu/AppData/Local/Arm/Packs/Keil/STM32F4xx_DFP/2.17.1/Drivers/STM32F4xx_HAL_Driver/Inc\stm32f4xx_hal.h(29): warning: In file included from...
./RTE/Device/STM32F401RETx\stm32f4xx_hal_conf.h(405): warning: In file included from...
C:/Users/madhu/AppData/Local/Arm/Packs/Keil/STM32F4xx_DFP/2.17.1/Drivers/STM32F4xx_HAL_Driver/Inc\stm32f4xx_hal_adc.h(31): warning: In file included from...
C:/Users/madhu/AppData/Local/Arm/Packs/Keil/STM32F4xx_DFP/2.17.1/Drivers/STM32F4xx_HAL_Driver/Inc/stm32f4xx_ll_adc.h(1880): warning: unused parameter 'Register' [-Wunused-parameter]
 1880 | __STATIC_INLINE uint32_t LL_ADC_DMA_GetRegAddr(ADC_TypeDef *ADCx, uint32_t Register)
      |                                                                            ^
C:/Users/madhu/AppData/Local/Arm/Packs/Keil/STM32F4xx_DFP/2.17.1/Drivers/STM32F4xx_HAL_Driver/Inc/stm32f4xx_ll_adc.h(4018): warning: implicit conversion loses integer precision: 'uint16_t' (aka 'unsigned short') to 'uint8_t' (aka 'unsigned char') [-Wimplicit-int-conversion]
 4018 |   return (uint16_t)(READ_BIT(ADCx->DR, ADC_DR_DATA));
      |   ~~~~~~ ^~~~~~~~~~~~~~~~~~~~~~~~~~~~~~~~~~~~~~~~~~~
C:/Users/madhu/AppData/Local/Arm/Packs/Keil/STM32F4xx_DFP/2.17.1/Drivers/STM32F4xx_HAL_Driver/Inc/stm32f4xx_ll_adc.h(4033): warning: implicit conversion loses integer precision: 'uint16_t' (aka 'unsigned short') to 'uint8_t' (aka 'unsigned char') [-Wimplicit-int-conversion]
 4033 |   return (uint16_t)(READ_BIT(ADCx->DR, ADC_DR_DATA));
      |   ~~~~~~ ^~~~~~~~~~~~~~~~~~~~~~~~~~~~~~~~~~~~~~~~~~~
RTE/Device/STM32F401RETx/system_stm32f4xx.c(263): warning: unsafe buffer access [-Wunsafe-buffer-usage]
  263 |   tmp = AHBPrescTable[((RCC->CFGR & RCC_CFGR_HPRE) >> 4)];
      |         ^~~~~~~~~~~~~
4 warnings generated.
compiling system_stm32f4xx.c...
linking...
Program Size: Code=708 RO-data=420 RW-data=0 ZI-data=1632  
".\Objects\DAC.axf" - 0 Error(s), 77 Warning(s).

<h2>Software Packages used:</h2>

Package Vendor: ARM
                https://www.keil.com/pack/ARM.CMSIS.6.1.0.pack
                ARM::CMSIS@6.1.0
                CMSIS (Common Microcontroller Software Interface Standard)
   * Component: CORE Version: 6.1.0

Package Vendor: ARM
                https://www.keil.com/pack/ARM.CMSIS-Compiler.2.1.0.pack
                ARM::CMSIS-Compiler@2.1.0
                CMSIS Compiler extensions for Arm Compiler, GCC, Clang, and IAR Compiler
   * Component: CORE Version: 1.1.0

Package Vendor: Keil
                https://www.keil.com/pack/Keil.STM32F4xx_DFP.2.17.1.pack
                Keil::STM32F4xx_DFP@2.17.1
                STMicroelectronics STM32F4 Series Device Support, Drivers and Examples
   * Component: STM32Cube Framework Version: 1.0.0
   * Component: Classic Version: 1.8.1
   * Component: ADC Version: 1.8.1
   * Component: Common Version: 1.8.1
   * Component: Cortex Version: 1.8.1
   * Component: DMA Version: 1.8.1
   * Component: GPIO Version: 1.8.1
   * Component: PWR Version: 1.8.1
   * Component: RCC Version: 1.8.1
   * Component: Startup Version: 2.6.3

<h2>Collection of Component include folders:</h2>
  ./RTE/Device/STM32F401RETx
  ./RTE/_Target_1
  C:/Users/madhu/AppData/Local/Arm/Packs/ARM/CMSIS/6.1.0/CMSIS/Core/Include
  C:/Users/madhu/AppData/Local/Arm/Packs/Keil/STM32F4xx_DFP/2.17.1/Drivers/CMSIS/Device/ST/STM32F4xx/Include
  C:/Users/madhu/AppData/Local/Arm/Packs/Keil/STM32F4xx_DFP/2.17.1/Drivers/STM32F4xx_HAL_Driver/Inc

<h2>Collection of Component Files used:</h2>

   * Component: ::Device:STM32Cube Framework(API)@1.0.0

   * Component: ARM::CMSIS-Compiler:CORE@1.1.0
      Source file:   source/armcc/retarget_io.c

   * Component: ARM::CMSIS:CORE@6.1.0

   * Component: Keil::Device:STM32Cube Framework:Classic@1.8.1
      Source file:   MDK/Templates_LL/Src/main.c
      Include file:  MDK/Templates/Inc/main.h
      Include file:  MDK/Templates/Inc/stm32f4xx_hal_conf.h
      Source file:   MDK/Templates/Src/main.c
      Include file:  MDK/Templates_LL/Inc/main.h
      Source file:   MDK/Templates/Src/stm32f4xx_it.c
      Source file:   MDK/Templates/Src/stm32f4xx_hal_msp.c
      Include file:  CMSIS/Driver/Config/RTE_Device.h
      Include file:  MDK/Templates/Inc/stm32f4xx_it.h

   * Component: Keil::Device:STM32Cube HAL:ADC@1.8.1
      Source file:   Drivers/STM32F4xx_HAL_Driver/Src/stm32f4xx_hal_adc.c
      Source file:   Drivers/STM32F4xx_HAL_Driver/Src/stm32f4xx_hal_adc_ex.c

   * Component: Keil::Device:STM32Cube HAL:Common@1.8.1
      Source file:   Drivers/STM32F4xx_HAL_Driver/Src/stm32f4xx_hal.c
      Include file:  Drivers/STM32F4xx_HAL_Driver/Inc/stm32f4xx_hal.h

   * Component: Keil::Device:STM32Cube HAL:Cortex@1.8.1
      Source file:   Drivers/STM32F4xx_HAL_Driver/Src/stm32f4xx_hal_cortex.c

   * Component: Keil::Device:STM32Cube HAL:DMA@1.8.1
      Source file:   Drivers/STM32F4xx_HAL_Driver/Src/stm32f4xx_hal_dma_ex.c
      Source file:   Drivers/STM32F4xx_HAL_Driver/Src/stm32f4xx_hal_dma.c

   * Component: Keil::Device:STM32Cube HAL:GPIO@1.8.1
      Source file:   Drivers/STM32F4xx_HAL_Driver/Src/stm32f4xx_hal_gpio.c

   * Component: Keil::Device:STM32Cube HAL:PWR@1.8.1
      Source file:   Drivers/STM32F4xx_HAL_Driver/Src/stm32f4xx_hal_pwr_ex.c
      Source file:   Drivers/STM32F4xx_HAL_Driver/Src/stm32f4xx_hal_pwr.c

   * Component: Keil::Device:STM32Cube HAL:RCC@1.8.1
      Source file:   Drivers/STM32F4xx_HAL_Driver/Src/stm32f4xx_hal_rcc_ex.c
      Source file:   Drivers/STM32F4xx_HAL_Driver/Src/stm32f4xx_hal_rcc.c

   * Component: Keil::Device:Startup@2.6.3
      Include file:  Drivers/CMSIS/Device/ST/STM32F4xx/Include/stm32f4xx.h
      Source file:   Drivers/CMSIS/Device/ST/STM32F4xx/Source/Templates/arm/startup_stm32f401xe.s
      Source file:   MDK/Device/Source/ARM/STM32F4xx_OTP.s
      Source file:   MDK/Device/Source/ARM/STM32F401xx_OPT.s
      Source file:   Drivers/CMSIS/Device/ST/STM32F4xx/Source/Templates/system_stm32f4xx.c
Build Time Elapsed:  00:00:01
</pre>
</body>
</html>
